******************************************************************************
               TMS320C6x Linker PC v7.4.8                      
******************************************************************************
>> Linked Fri Aug 22 17:19:05 2014

OUTPUT FILE NAME:   <finna-be-wallhack.out>
ENTRY POINT SYMBOL: "_c_int00"  address: 10819c20


MEMORY CONFIGURATION

         name            origin    length      used     unused   attr    fill
----------------------  --------  ---------  --------  --------  ----  --------
  SHRAM                 0c000000   00200000  001107c2  000ef83e  RWIX
  CORE0_L2_SRAM         10800000   00100000  0001fa7a  000e0586  RWIX
  CORE0_L1P_SRAM        10e00000   00008000  00000000  00008000  RWIX
  CORE0_L1D_SRAM        10f00000   00008000  00000000  00008000  RWIX
  CORE1_L2_SRAM         11800000   00100000  00000000  00100000  RWIX
  CORE1_L1P_SRAM        11e00000   00008000  00000000  00008000  RWIX
  CORE1_L1D_SRAM        11f00000   00008000  00000000  00008000  RWIX
  CORE2_L2_SRAM         12800000   00100000  00000000  00100000  RWIX
  CORE2_L1P_SRAM        12e00000   00008000  00000000  00008000  RWIX
  CORE2_L1D_SRAM        12f00000   00008000  00000000  00008000  RWIX
  CORE3_L2_SRAM         13800000   00100000  00000000  00100000  RWIX
  CORE3_L1P_SRAM        13e00000   00008000  00000000  00008000  RWIX
  CORE3_L1D_SRAM        13f00000   00008000  00000000  00008000  RWIX
  CORE0_DDR3            80000000   20000000  0003e800  1ffc1800  RWIX
  CORE1_DDR3            a0000000   20000000  00000000  20000000  RWIX
  CORE2_DDR3            c0000000   20000000  00000000  20000000  RWIX
  CORE3_DDR3            e0000000   20000000  00000000  20000000  RWIX


SEGMENT ALLOCATION MAP

run origin  load origin   length   init length attrs members
----------  ----------- ---------- ----------- ----- -------
0c000000    0c000000    001107c2   00000000    rw-
  0c000000    0c000000    00100000   00000000    rw- .sysmem
  0c100000    0c100000    00010000   00000000    rw- .stack
  0c110000    0c110000    000007c2   00000000    rw- .far
10800000    10800000    0001f282   0001f282    r-x
  10800000    10800000    0001e040   0001e040    r-x .text
  1081e040    1081e040    00001242   00001242    r-- .const
1081f288    1081f288    000004b4   000004b4    rw-
  1081f288    1081f288    000004b4   000004b4    rw- .fardata
1081f740    1081f740    00000120   00000000    rw-
  1081f740    1081f740    00000120   00000000    rw- .cio
1081f860    1081f860    0000004c   0000004c    r--
  1081f860    1081f860    0000004c   0000004c    r-- .init_array
1081f8ac    1081f8ac    00000010   00000000    rw-
  1081f8ac    1081f8ac    00000010   00000000    rw- .bss
1081f8bc    1081f8bc    00000010   00000010    r--
  1081f8bc    1081f8bc    00000010   00000010    r-- .switch
1081f8cc    1081f8cc    00000008   00000008    rw-
  1081f8cc    1081f8cc    00000008   00000008    rw- .neardata
1081f8d4    1081f8d4    000001b0   000001b0    r--
  1081f8d4    1081f8d4    000001b0   000001b0    r-- .cinit
80000000    80000000    0003e800   00000000    rw-
  80000000    80000000    0003e800   00000000    rw- .bigMem


SECTION ALLOCATION MAP

 output                                  attributes/
section   page    origin      length       input sections
--------  ----  ----------  ----------   ----------------
.sysmem    0    0c000000    00100000     UNINITIALIZED
                  0c000000    00000008     rts6600_elf.lib : memory.obj (.sysmem)
                  0c000008    000ffff8     --HOLE--

.stack     0    0c100000    00010000     UNINITIALIZED
                  0c100000    00000008     rts6600_elf.lib : boot.obj (.stack)
                  0c100008    0000fff8     --HOLE--

.far       0    0c110000    000007c2     UNINITIALIZED
                  0c110000    00000232     globalDeclarations.obj (.far)
                  0c110232    00000002     blasFunctions.obj (.far)
                  0c110234    000001d8     rts6600_elf.lib : wiostrea.obj (.far)
                  0c11040c    000001d4                     : iostream.obj (.far)
                  0c1105e0    00000140                     : defs.obj (.far)
                  0c110720    0000000c                     : locale0.obj (.far)
                  0c11072c    00000004                     : wlocale.obj (.far:_ZGVNSt10moneypunctIwLb0EE2idE)
                  0c110730    00000008                     : trgdrv.obj (.far)
                  0c110738    00000004                     : wlocale.obj (.far:_ZGVNSt10moneypunctIwLb1EE2idE)
                  0c11073c    00000004                     : iostream.obj (.far:_ZGVNSt7codecvtIcciE2idE)
                  0c110740    00000004                     : wlocale.obj (.far:_ZGVNSt7collateIwE2idE)
                  0c110744    00000004                     : wlocale.obj (.far:_ZGVNSt7num_getIwSt19istreambuf_iteratorIwSt11char_traitsIwEEE2idE)
                  0c110748    00000004                     : wlocale.obj (.far:_ZGVNSt7num_putIwSt19ostreambuf_iteratorIwSt11char_traitsIwEEE2idE)
                  0c11074c    00000004                     : wlocale.obj (.far:_ZGVNSt8messagesIwE2idE)
                  0c110750    00000004                     : wlocale.obj (.far:_ZGVNSt8numpunctIwE2idE)
                  0c110754    00000004                     : wlocale.obj (.far:_ZGVNSt8time_getIwSt19istreambuf_iteratorIwSt11char_traitsIwEEE2idE)
                  0c110758    00000004                     : wlocale.obj (.far:_ZGVNSt9money_getIwSt19istreambuf_iteratorIwSt11char_traitsIwEEE2idE)
                  0c11075c    00000004                     : wlocale.obj (.far:_ZGVNSt9money_putIwSt19ostreambuf_iteratorIwSt11char_traitsIwEEE2idE)
                  0c110760    00000004                     : wlocale.obj (.far:_ZNSt10moneypunctIwLb0EE2idE)
                  0c110764    00000004                     : wlocale.obj (.far:_ZNSt10moneypunctIwLb1EE2idE)
                  0c110768    00000004                     : iostream.obj (.far:_ZNSt13basic_filebufIcSt11char_traitsIcEE7_StinitE)
                  0c11076c    00000004                     : wiostrea.obj (.far:_ZNSt13basic_filebufIwSt11char_traitsIwEE7_StinitE)
                  0c110770    00000004                     : iostream.obj (.far:_ZNSt4fposIiE4_StzE)
                  0c110774    00000004                     : iostream.obj (.far:_ZNSt7codecvtIcciE2idE)
                  0c110778    00000004                     : wlocale.obj (.far:_ZNSt7collateIwE2idE)
                  0c11077c    00000004                     : wlocale.obj (.far:_ZNSt7num_getIwSt19istreambuf_iteratorIwSt11char_traitsIwEEE2idE)
                  0c110780    00000004     dynamicMemory.obj (.far:_ZNSt7num_putIcSt19ostreambuf_iteratorIcSt11char_traitsIcEEE2idE)
                  0c110784    00000004     rts6600_elf.lib : wlocale.obj (.far:_ZNSt7num_putIwSt19ostreambuf_iteratorIwSt11char_traitsIwEEE2idE)
                  0c110788    00000004                     : wlocale.obj (.far:_ZNSt8messagesIwE2idE)
                  0c11078c    00000004     dynamicMemory.obj (.far:_ZNSt8numpunctIcE2idE)
                  0c110790    00000004     rts6600_elf.lib : wlocale.obj (.far:_ZNSt8numpunctIwE2idE)
                  0c110794    00000004                     : wlocale.obj (.far:_ZNSt8time_getIwSt19istreambuf_iteratorIwSt11char_traitsIwEEE2idE)
                  0c110798    00000004                     : wlocale.obj (.far:_ZNSt8time_putIwSt19ostreambuf_iteratorIwSt11char_traitsIwEEE2idE)
                  0c11079c    00000004                     : wlocale.obj (.far:_ZNSt9money_getIwSt19istreambuf_iteratorIwSt11char_traitsIwEEE2idE)
                  0c1107a0    00000004                     : wlocale.obj (.far:_ZNSt9money_putIwSt19ostreambuf_iteratorIwSt11char_traitsIwEEE2idE)
                  0c1107a4    00000004                     : wlocale.obj (.far)
                  0c1107a8    00000002     displayFunctions.obj (.far)
                  0c1107aa    00000002     dynamicMemory.obj (.far)
                  0c1107ac    00000002     frameworkFunctions.obj (.far)
                  0c1107ae    00000002     greedyScheduling.obj (.far)
                  0c1107b0    00000002     lapackFunctions.obj (.far)
                  0c1107b2    00000002     lteSystem.obj (.far)
                  0c1107b4    00000002     memoryManagement.obj (.far)
                  0c1107b6    00000002     pipdScheduling.obj (.far)
                  0c1107b8    00000002     randomScheduling.obj (.far)
                  0c1107ba    00000002     schedulingAlgorithms.obj (.far)
                  0c1107bc    00000002     succprojScheduling.obj (.far)
                  0c1107be    00000002     supportingFunctions.obj (.far)
                  0c1107c0    00000002     sysMainLTE.obj (.far)

.text      0    10800000    0001e040     
                  10800000    00001560     dynamicMemory.obj (.text)
                  10801560    000014c0     blasFunctions.obj (.text)
                  10802a20    00000dc0     lapackFunctions.obj (.text)
                  108037e0    00000a00     frameworkFunctions.obj (.text)
                  108041e0    00000920     rts6600_elf.lib : wiostrea.obj (.text:_ZNSt6_WinitC1Ev)
                  10804b00    000007e0     pipdScheduling.obj (.text)
                  108052e0    000007e0     succprojScheduling.obj (.text)
                  10805ac0    00000760     rts6600_elf.lib : iostream.obj (.text:_ZNSt8ios_base4InitC1Ev)
                  10806220    00000680                     : wiostrea.obj (.text:_ZNSt13basic_filebufIwSt11char_traitsIwEE8overflowEj)
                  108068a0    00000640                     : iostream.obj (.text:_ZNSt13basic_filebufIcSt11char_traitsIcEE8overflowEi)
                  10806ee0    00000620                     : wiostrea.obj (.text:_ZNSt13basic_filebufIwSt11char_traitsIwEE5uflowEv)
                  10807500    000005e0                     : iostream.obj (.text:_ZNSt13basic_filebufIcSt11char_traitsIcEE5uflowEv)
                  10807ae0    000005e0                     : powf.obj (.text:powf)
                  108080c0    000005c0                     : divd.obj (.text:__c6xabi_divd)
                  10808680    000005c0                     : _printfi.obj (.text:_getarg_diouxp)
                  10808c40    000005a0     displayFunctions.obj (.text)
                  108091e0    00000580     dynamicMemory.obj (.text:_ZNKSt7num_putIcSt19ostreambuf_iteratorIcSt11char_traitsIcEEE5_FputES3_RSt8ios_basecPKcjjjj)
                  10809760    00000540     rts6600_elf.lib : iostream.obj (.text:_ZNSt13basic_filebufIcSt11char_traitsIcEE9_EndwriteEv)
                  10809ca0    00000540                     : wiostrea.obj (.text:_ZNSt13basic_filebufIwSt11char_traitsIwEE9_EndwriteEv)
                  1080a1e0    00000520                     : _printfi.obj (.text:_setfield)
                  1080a700    00000520     supportingFunctions.obj (.text)
                  1080ac20    00000500     rts6600_elf.lib : ios.obj (.text:_ZNSt8ios_base5clearENSt5_IosbIiE8_IostateEb)
                  1080b120    000004c0                     : fwrite.obj (.text:fwrite)
                  1080b5e0    00000460                     : _printfi.obj (.text:_printfi)
                  1080ba40    00000400                     : wlocale.obj (.text:__sti___11_wlocale_cpp_5e80b67f)
                  1080be40    00000400     greedyScheduling.obj (.text)
                  1080c240    000003a0     rts6600_elf.lib : fputs.obj (.text:fputs)
                  1080c5e0    00000320                     : _printfi.obj (.text:_pproc_fge)
                  1080c900    000002e0                     : _printfi.obj (.text:_pproc_fwp)
                  1080cbe0    000002c0     dynamicMemory.obj (.text:_ZNKSt7num_putIcSt19ostreambuf_iteratorIcSt11char_traitsIcEEE5_IputES3_RSt8ios_basecPcj)
                  1080cea0    000002c0     dynamicMemory.obj (.text:_ZNKSt7num_putIcSt19ostreambuf_iteratorIcSt11char_traitsIcEEE6do_putES3_RSt8ios_basecd)
                  1080d160    000002c0     dynamicMemory.obj (.text:_ZNKSt7num_putIcSt19ostreambuf_iteratorIcSt11char_traitsIcEEE6do_putES3_RSt8ios_basece)
                  1080d420    000002a0     rts6600_elf.lib : _printfi.obj (.text:fcvt)
                  1080d6c0    000002a0     randomScheduling.obj (.text)
                  1080d960    00000280     blasFunctions.obj (.text:_ZSt5_FabsIfET_RKSt7complexIS0_EPi)
                  1080dbe0    00000280     blasFunctions.obj (.text:_ZStlsISt11char_traitsIcEERSt13basic_ostreamIcT_ES5_PKc)
                  1080de60    00000280     rts6600_elf.lib : divf.obj (.text:__c6xabi_divf)
                  1080e0e0    00000280                     : _printfi.obj (.text:ecvt)
                  1080e360    00000280                     : memory.obj (.text:free)
                  1080e5e0    00000260     lapackFunctions.obj (.text:_ZNSt13_Complex_baseIfSt16_C_float_complexE4_DivIfEEvRKSt7complexIT_E)
                  1080e840    00000260     rts6600_elf.lib : wiostrea.obj (.text:_ZNSt6_WinitD1Ev)
                  1080eaa0    00000260                     : iostream.obj (.text:__sti___12_iostream_cpp_3a72482d)
                  1080ed00    00000260                     : wiostrea.obj (.text:__sti___12_wiostrea_cpp_5e80b67f)
                  1080ef60    00000240                     : iostream.obj (.text:_ZNSt13basic_filebufIcSt11char_traitsIcEE5imbueERKSt6locale)
                  1080f1a0    00000240                     : wiostrea.obj (.text:_ZNSt13basic_filebufIwSt11char_traitsIwEE5imbueERKSt6locale)
                  1080f3e0    00000240                     : imath64.obj (.text:__c6xabi_divull)
                  1080f620    00000240                     : _printfi.obj (.text:_pconv_e)
                  1080f860    00000240                     : _printfi.obj (.text:_pproc_diouxp)
                  1080faa0    00000240     lteSystem.obj (.text)
                  1080fce0    00000220     rts6600_elf.lib : _printfi.obj (.text:_pproc_str)
                  1080ff00    00000220                     : fputc.obj (.text:fputc)
                  10810120    00000200                     : _printfi.obj (.text:_pconv_g)
                  10810320    00000200                     : setvbuf.obj (.text:setvbuf)
                  10810520    000001e0     dynamicMemory.obj (.text:_ZNKSt7num_putIcSt19ostreambuf_iteratorIcSt11char_traitsIcEEE6do_putES3_RSt8ios_basecb)
                  10810700    000001c0     rts6600_elf.lib : string.obj (.text:_ZNKSt12_String_base5_XranEv)
                  108108c0    000001c0                     : iostream.obj (.text:_ZNSt8ios_base4InitD1Ev)
                  10810a80    000001c0                     : _printfi.obj (.text:_mcpy)
                  10810c40    000001a0                     : trgdrv.obj (.text:HOSTrename)
                  10810de0    000001a0                     : xlocinfo.obj (.text:_Getctyptab)
                  10810f80    000001a0                     : vec_newdel.obj (.text:_Z17array_new_generalPvjjjS_PFYS_S_ES1_PFYS_jEPFYvS_Eii)
                  10811120    000001a0                     : wiostrea.obj (.text:_ZNKSt7codecvtIwciE5do_inERiPKcS3_RS3_PwS5_RS5_)
                  108112c0    000001a0                     : iostream.obj (.text:_ZNSt13basic_filebufIcSt11char_traitsIcEE7seekoffElNSt5_IosbIiE8_SeekdirENS4_9_OpenmodeE)
                  10811460    000001a0                     : wiostrea.obj (.text:_ZNSt13basic_filebufIwSt11char_traitsIwEE7seekoffElNSt5_IosbIiE8_SeekdirENS4_9_OpenmodeE)
                  10811600    000001a0                     : imath40.obj (.text:__c6xabi_divul)
                  108117a0    00000180                     : wiostrea.obj (.text:_ZNKSt5ctypeIwE10do_toupperEPwPKw)
                  10811920    00000180                     : wiostrea.obj (.text:_ZNKSt7codecvtIwciE6do_outERiPKwS3_RS3_PcS5_RS5_)
                  10811aa0    00000180                     : iostream.obj (.text:_ZNSt13basic_filebufIcSt11char_traitsIcEE7seekposESt4fposIiENSt5_IosbIiE9_OpenmodeE)
                  10811c20    00000180                     : wiostrea.obj (.text:_ZNSt13basic_filebufIwSt11char_traitsIwEE7seekposESt4fposIiENSt5_IosbIiE9_OpenmodeE)
                  10811da0    00000180                     : wiostrea.obj (.text:_ZSt9use_facetISt5ctypeIwEERKT_RKSt6locale)
                  10811f20    00000180                     : copy_decompress_rle.obj (.text:__TI_decompress_rle_core)
                  108120a0    00000180                     : memory.obj (.text:malloc)
                  10812220    00000180     memoryManagement.obj (.text)
                  108123a0    00000160     rts6600_elf.lib : string.obj (.text:_ZNKSt12_String_base5_XlenEv)
                  10812500    00000160                     : iostream.obj (.text:_ZNSt13basic_filebufIcSt11char_traitsIcEE9pbackfailEi)
                  10812660    00000160                     : iostream.obj (.text:_ZNSt13basic_filebufIcSt11char_traitsIcEED0Ev)
                  108127c0    00000160                     : wiostrea.obj (.text:_ZNSt13basic_filebufIwSt11char_traitsIwEE9pbackfailEj)
                  10812920    00000160                     : wiostrea.obj (.text:_ZNSt13basic_filebufIwSt11char_traitsIwEED0Ev)
                  10812a80    00000160                     : iostream.obj (.text:_ZNSt9basic_iosIcSt11char_traitsIcEE4initEPSt15basic_streambufIcS1_Eb)
                  10812be0    00000160                     : wiostrea.obj (.text:_ZNSt9basic_iosIwSt11char_traitsIwEE4initEPSt15basic_streambufIwS1_Eb)
                  10812d40    00000160                     : frexpf.obj (.text:frexpf)
                  10812ea0    00000160                     : ldexpf.obj (.text:ldexpf)
                  10813000    00000140     dynamicMemory.obj (.text:_ZNSolsEb)
                  10813140    00000140     dynamicMemory.obj (.text:_ZNSolsEj)
                  10813280    00000140     rts6600_elf.lib : iostream.obj (.text:_ZNSt13basic_filebufIcSt11char_traitsIcEE6setbufEPci)
                  108133c0    00000140                     : iostream.obj (.text:_ZNSt13basic_filebufIcSt11char_traitsIcEED1Ev)
                  10813500    00000140                     : wiostrea.obj (.text:_ZNSt13basic_filebufIwSt11char_traitsIwEED1Ev)
                  10813640    00000140                     : locale0.obj (.text:_ZNSt6locale5_InitEv)
                  10813780    00000140                     : locale0.obj (.text:_ZNSt6locale7_LocimpD1Ev)
                  108138c0    00000140                     : locale0.obj (.text:_ZNSt8_LocinfoC1EPKc)
                  10813a00    00000140     dynamicMemory.obj (.text:_ZNSt8numpunctIcE5_InitERKSt8_Locinfo)
                  10813b40    00000140     rts6600_elf.lib : _printfi.obj (.text:_pproc_fflags)
                  10813c80    00000140                     : fgetc.obj (.text:fgetc)
                  10813dc0    00000140                     : lowlev.obj (.text:getdevice)
                  10813f00    00000140                     : ungetc.obj (.text:ungetc)
                  10814040    00000120                     : wiostrea.obj (.text:_ZNKSt5ctypeIwE5do_isEPKwS2_Ps)
                  10814160    00000120                     : wiostrea.obj (.text:_ZNKSt5ctypeIwE9do_narrowEPKwS2_cPc)
                  10814280    00000120                     : wiostrea.obj (.text:_ZNKSt7codecvtIwciE9do_lengthERKiPKcS4_j)
                  108143a0    00000120     dynamicMemory.obj (.text:_ZNKSt7num_putIcSt19ostreambuf_iteratorIcSt11char_traitsIcEEE5_IfmtEPcPKcNSt5_IosbIiE9_FmtflagsE)
                  108144c0    00000120     rts6600_elf.lib : wiostrea.obj (.text:_ZNSt13basic_filebufIwSt11char_traitsIwEE6setbufEPwi)
                  108145e0    00000120                     : wiostrea.obj (.text:_ZNSt15basic_streambufIwSt11char_traitsIwEE6xsgetnEPwi)
                  10814700    00000120                     : locale0.obj (.text:_ZNSt8_LocinfoD1Ev)
                  10814820    00000120                     : _bufread.obj (.text:_buff_read)
                  10814940    00000120                     : fclose.obj (.text:_closefile)
                  10814a60    00000120                     : _printfi.obj (.text:_ltostr)
                  10814b80    00000120                     : fseek.obj (.text:fseek)
                  10814ca0    00000120                     : ftell.obj (.text:ftell)
                  10814dc0    00000120                     : sqrtf.obj (.text:sqrtf)
                  10814ee0    00000100                     : trgdrv.obj (.text:HOSTlseek)
                  10814fe0    00000100     dynamicMemory.obj (.text:_ZNKSt7num_putIcSt19ostreambuf_iteratorIcSt11char_traitsIcEEE5_FfmtEPccNSt5_IosbIiE9_FmtflagsE)
                  108150e0    00000100     dynamicMemory.obj (.text:_ZNSs6appendERKSsjj)
                  108151e0    00000100     dynamicMemory.obj (.text:_ZNSs6insertEjjc)
                  108152e0    00000100     rts6600_elf.lib : iostream.obj (.text:_ZNSt15basic_streambufIcSt11char_traitsIcEE6xsgetnEPci)
                  108153e0    00000100                     : iostream.obj (.text:_ZNSt15basic_streambufIcSt11char_traitsIcEE6xsputnEPKci)
                  108154e0    00000100                     : wiostrea.obj (.text:_ZNSt15basic_streambufIwSt11char_traitsIwEE6xsputnEPKwi)
                  108155e0    00000100                     : autoinit.obj (.text:_auto_init_elf)
                  108156e0    00000100                     : _io_perm.obj (.text:_wrt_ok)
                  108157e0    00000100                     : cpy_tbl.obj (.text:copy_in)
                  108158e0    00000100     schedulingAlgorithms.obj (.text)
                  108159e0    000000e0     rts6600_elf.lib : trgdrv.obj (.text:HOSTopen)
                  10815ac0    000000e0                     : trgdrv.obj (.text:HOSTread)
                  10815ba0    000000e0                     : locale0.obj (.text:_Fac_tidy)
                  10815c80    000000e0     dynamicMemory.obj (.text:_ZNSs5_CopyEjj)
                  10815d60    000000e0     dynamicMemory.obj (.text:_ZNSs5eraseEjj)
                  10815e40    000000e0     dynamicMemory.obj (.text:_ZNSs6assignERKSsjj)
                  10815f20    000000e0     rts6600_elf.lib : divi.obj (.text:__divi)
                  10816000    000000e0                     : _printfi.obj (.text:_div)
                  108160e0    000000e0                     : atoi.obj (.text:atoi)
                  108161c0    000000e0                     : lowlev.obj (.text:close)
                  108162a0    000000e0                     : copy_zero_init.obj (.text:decompress:ZI:__TI_zero_init)
                  10816380    000000e0                     : fflush.obj (.text:fflush)
                  10816460    000000e0                     : ltoa.obj (.text:ltoa)
                  10816540    000000e0                     : memset.obj (.text:memset)
                  10816620    000000e0                     : printf.obj (.text:printf)
                  10816700    000000c0                     : trgdrv.obj (.text:HOSTunlink)
                  108167c0    000000c0                     : trgdrv.obj (.text:HOSTwrite)
                  10816880    000000c0                     : dtor_list.obj (.text:_Z11__TI_atexitPFYvPvES_S_)
                  10816940    000000c0                     : wiostrea.obj (.text:_ZNKSt5ctypeIwE10do_tolowerEPwPKw)
                  10816a00    000000c0                     : wiostrea.obj (.text:_ZNKSt7codecvtIwciE10do_unshiftERiPcS2_RS2_)
                  10816ac0    000000c0     dynamicMemory.obj (.text:_ZNKSt7num_putIcSt19ostreambuf_iteratorIcSt11char_traitsIcEEE11_PutgroupedES3_PKcjc)
                  10816b80    000000c0     blasFunctions.obj (.text:_ZNSo3putEc)
                  10816c40    000000c0     dynamicMemory.obj (.text:_ZNSs5_GrowEjb)
                  10816d00    000000c0     dynamicMemory.obj (.text:_ZNSs6appendEPKcj)
                  10816dc0    000000c0     rts6600_elf.lib : iostream.obj (.text:_ZNSt13basic_filebufIcSt11char_traitsIcEE5_InitEPSt4FILENS2_7_InitflE)
                  10816e80    000000c0                     : locale0.obj (.text:_ZNSt6locale7_LocimpC1Eb)
                  10816f40    000000c0                     : ios.obj (.text:_ZNSt8ios_baseD1Ev)
                  10817000    000000c0     blasFunctions.obj (.text:_ZSt9use_facetISt5ctypeIcEERKT_RKSt6locale)
                  108170c0    000000c0     dynamicMemory.obj (.text:_ZSt9use_facetISt7num_putIcSt19ostreambuf_iteratorIcSt11char_traitsIcEEEERKT_RKSt6locale)
                  10817180    000000c0     dynamicMemory.obj (.text:_ZSt9use_facetISt8numpunctIcEERKT_RKSt6locale)
                  10817240    000000c0     rts6600_elf.lib : dtor_list.obj (.text:__cxa_finalize)
                  10817300    000000c0                     : divu.obj (.text:__divu)
                  108173c0    000000c0                     : remi.obj (.text:__remi)
                  10817480    000000c0                     : fflush.obj (.text:_doflush)
                  10817540    000000c0                     : _io_perm.obj (.text:_rd_ok)
                  10817600    000000c0                     : exit.obj (.text:exit)
                  108176c0    000000c0     globalDeclarations.obj (.text)
                  10817780    000000c0     rts6600_elf.lib : tls.obj (.text:tls:init:__TI_tls_init)
                  10817840    000000a0                     : trgdrv.obj (.text:HOSTclose)
                  108178e0    000000a0                     : locale0.obj (.text:_Setgloballocale)
                  10817980    000000a0                     : wiostrea.obj (.text:_ZNKSt5ctypeIwE8do_widenEPKcS2_Pw)
                  10817a20    000000a0     dynamicMemory.obj (.text:_ZNKSt7num_putIcSt19ostreambuf_iteratorIcSt11char_traitsIcEEE6do_putES3_RSt8ios_basecPKv)
                  10817ac0    000000a0     blasFunctions.obj (.text:_ZNSo12_Sentry_baseC1ERSo)
                  10817b60    000000a0     blasFunctions.obj (.text:_ZNSo6sentryC1ERSo)
                  10817c00    000000a0     rts6600_elf.lib : string.obj (.text:_ZNSt11logic_errorD1Ev)
                  10817ca0    000000a0                     : string.obj (.text:_ZNSt12length_errorD1Ev)
                  10817d40    000000a0                     : string.obj (.text:_ZNSt12out_of_rangeC1ERKSs)
                  10817de0    000000a0                     : string.obj (.text:_ZNSt12out_of_rangeD1Ev)
                  10817e80    000000a0     blasFunctions.obj (.text:_ZNSt13_Complex_baseIfSt16_C_float_complexE4_MulIfEEvRKSt7complexIT_E)
                  10817f20    000000a0     rts6600_elf.lib : iostream.obj (.text:_ZNSt13basic_filebufIcSt11char_traitsIcEE9underflowEv)
                  10817fc0    000000a0                     : wiostrea.obj (.text:_ZNSt13basic_filebufIwSt11char_traitsIwEE9underflowEv)
                  10818060    000000a0                     : ios.obj (.text:_ZNSt13runtime_errorD1Ev)
                  10818100    000000a0     blasFunctions.obj (.text:_ZNSt5ctypeIcEC1EPKsbj)
                  108181a0    000000a0     rts6600_elf.lib : ios.obj (.text:_ZNSt8ios_base5_InitEv)
                  10818240    000000a0                     : ios.obj (.text:_ZNSt8ios_base5_TidyEv)
                  108182e0    000000a0                     : ios.obj (.text:_ZNSt8ios_base7failureD1Ev)
                  10818380    000000a0                     : new_.obj (.text:_Znwj)
                  10818420    000000a0                     : fopen.obj (.text:_cleanup)
                  108184c0    000000a0                     : _printfi.obj (.text:_ecpy)
                  10818560    000000a0                     : _printfi.obj (.text:_fcpy)
                  10818600    000000a0                     : memory.obj (.text:_minit)
                  108186a0    000000a0                     : _printfi.obj (.text:_pconv_f)
                  10818740    000000a0                     : lowlev.obj (.text:finddevice)
                  108187e0    000000a0                     : lowlev.obj (.text:lseek)
                  10818880    000000a0                     : memcpy64.obj (.text:memcpy)
                  10818920    000000a0                     : memory.obj (.text:minsert)
                  108189c0    000000a0                     : memory.obj (.text:mremove)
                  10818a60    000000a0                     : lowlev.obj (.text:read)
                  10818b00    000000a0                     : lowlev.obj (.text:write)
                  10818ba0    00000080                     : wiostrea.obj (.text:_ZNKSt5ctypeIwE10do_scan_isEsPKwS2_)
                  10818c20    00000080                     : wiostrea.obj (.text:_ZNKSt5ctypeIwE10do_tolowerEw)
                  10818ca0    00000080                     : wiostrea.obj (.text:_ZNKSt5ctypeIwE11do_scan_notEsPKwS2_)
                  10818d20    00000080                     : locale0.obj (.text:_ZNKSt6locale9_GetfacetEj)
                  10818da0    00000080     dynamicMemory.obj (.text:_ZNKSt7num_putIcSt19ostreambuf_iteratorIcSt11char_traitsIcEEE5_PutcES3_PKcj)
                  10818e20    00000080     dynamicMemory.obj (.text:_ZNKSt7num_putIcSt19ostreambuf_iteratorIcSt11char_traitsIcEEE6do_putES3_RSt8ios_basecl)
                  10818ea0    00000080     dynamicMemory.obj (.text:_ZNKSt7num_putIcSt19ostreambuf_iteratorIcSt11char_traitsIcEEE6do_putES3_RSt8ios_basecm)
                  10818f20    00000080     dynamicMemory.obj (.text:_ZNKSt7num_putIcSt19ostreambuf_iteratorIcSt11char_traitsIcEEE6do_putES3_RSt8ios_basecx)
                  10818fa0    00000080     dynamicMemory.obj (.text:_ZNKSt7num_putIcSt19ostreambuf_iteratorIcSt11char_traitsIcEEE6do_putES3_RSt8ios_basecy)
                  10819020    00000080     rts6600_elf.lib : ios.obj (.text:_ZNKSt9exception6_RaiseEv)
                  108190a0    00000080     blasFunctions.obj (.text:_ZNSo12_Sentry_baseD1Ev)
                  10819120    00000080     blasFunctions.obj (.text:_ZNSo5flushEv)
                  108191a0    00000080     dynamicMemory.obj (.text:_ZNSs5_TidyEbj)
                  10819220    00000080     dynamicMemory.obj (.text:_ZNSs6appendEjc)
                  108192a0    00000080     dynamicMemory.obj (.text:_ZNSs6assignEPKcj)
                  10819320    00000080     rts6600_elf.lib : string.obj (.text:_ZNSt11logic_errorC2ERKSs)
                  108193a0    00000080                     : string.obj (.text:_ZNSt11logic_errorD0Ev)
                  10819420    00000080                     : string.obj (.text:_ZNSt12length_errorD0Ev)
                  108194a0    00000080                     : string.obj (.text:_ZNSt12out_of_rangeD0Ev)
                  10819520    00000080                     : iostream.obj (.text:_ZNSt13basic_filebufIcSt11char_traitsIcEE4syncEv)
                  108195a0    00000080                     : wiostrea.obj (.text:_ZNSt13basic_filebufIwSt11char_traitsIwEE4syncEv)
                  10819620    00000080                     : ios.obj (.text:_ZNSt13runtime_errorD0Ev)
                  108196a0    00000080     blasFunctions.obj (.text:_ZNSt15basic_streambufIcSt11char_traitsIcEE5sputcEc)
                  10819720    00000080     dynamicMemory.obj (.text:_ZNSt19ostreambuf_iteratorIcSt11char_traitsIcEEaSEc)
                  108197a0    00000080     rts6600_elf.lib : locale0.obj (.text:_ZNSt6locale5facet9_RegisterEv)
                  10819820    00000080                     : ios.obj (.text:_ZNSt8ios_base7_AddstdEv)
                  108198a0    00000080                     : ios.obj (.text:_ZNSt8ios_base7failureD0Ev)
                  10819920    00000080                     : ios.obj (.text:_ZNSt8ios_base8_CallfnsENS_5eventE)
                  108199a0    00000080     dynamicMemory.obj (.text:_ZSt10_MaklocstrIcEPT_PKcS1_RKSt7_Cvtvec)
                  10819a20    00000080     rts6600_elf.lib : throw.obj (.text:_ZSt14_Debug_messagePKcS0_)
                  10819aa0    00000080                     : fixfu.obj (.text:__c6xabi_fixfu)
                  10819b20    00000080                     : llshift.obj (.text:__c6xabi_llshl)
                  10819ba0    00000080                     : roundf.obj (.text:__c6xabi_roundf)
                  10819c20    00000080                     : boot.obj (.text:_c_int00)
                  10819ca0    00000080                     : memory.obj (.text:calloc)
                  10819d20    00000080                     : memchr.obj (.text:memchr)
                  10819da0    00000080                     : rand.obj (.text:rand)
                  10819e20    00000080                     : trgmsg.obj (.text:readmsg)
                  10819ea0    00000080     sysMainLTE.obj (.text)
                  10819f20    00000080     rts6600_elf.lib : lowlev.obj (.text:unlink)
                  10819fa0    00000080                     : wchar.obj (.text:wmemcpy)
                  1081a020    00000060                     : locale0.obj (.text:_Deletegloballocale)
                  1081a080    00000060                     : xfdtest.obj (.text:_FDtest)
                  1081a0e0    00000060     blasFunctions.obj (.text:_ZNKSt5ctypeIcE10do_tolowerEPcPKc)
                  1081a140    00000060     blasFunctions.obj (.text:_ZNKSt5ctypeIcE10do_toupperEPcPKc)
                  1081a1a0    00000060     rts6600_elf.lib : wiostrea.obj (.text:_ZNKSt5ctypeIwE10do_toupperEw)
                  1081a200    00000060     dynamicMemory.obj (.text:_ZNKSt7num_putIcSt19ostreambuf_iteratorIcSt11char_traitsIcEEE4_PutES3_PKcj)
                  1081a260    00000060     dynamicMemory.obj (.text:_ZNKSt7num_putIcSt19ostreambuf_iteratorIcSt11char_traitsIcEEE4_RepES3_cj)
                  1081a2c0    00000060     blasFunctions.obj (.text:_ZNKSt9basic_iosIcSt11char_traitsIcEE5widenEc)
                  1081a320    00000060     rts6600_elf.lib : iostream.obj (.text:_ZNSiD0Ev)
                  1081a380    00000060                     : iostream.obj (.text:_ZNSoD0Ev)
                  1081a3e0    00000060     dynamicMemory.obj (.text:_ZNSs7_InsideEPKc)
                  1081a440    00000060     dynamicMemory.obj (.text:_ZNSs9_ChassignEjjc)
                  1081a4a0    00000060     blasFunctions.obj (.text:_ZNSt13_Complex_baseIfSt16_C_float_complexE4_AddIfEEvRKSt7complexIT_E)
                  1081a500    00000060     lapackFunctions.obj (.text:_ZNSt13_Complex_baseIfSt16_C_float_complexE4_SubIfEEvRKSt7complexIT_E)
                  1081a560    00000060     rts6600_elf.lib : wiostrea.obj (.text:_ZNSt13basic_istreamIwSt11char_traitsIwEED0Ev)
                  1081a5c0    00000060                     : wiostrea.obj (.text:_ZNSt13basic_ostreamIwSt11char_traitsIwEED0Ev)
                  1081a620    00000060                     : iostream.obj (.text:_ZNSt15basic_streambufIcSt11char_traitsIcEE5_InitEv)
                  1081a680    00000060                     : iostream.obj (.text:_ZNSt15basic_streambufIcSt11char_traitsIcEE5uflowEv)
                  1081a6e0    00000060                     : iostream.obj (.text:_ZNSt15basic_streambufIcSt11char_traitsIcEE7seekoffElNSt5_IosbIiE8_SeekdirENS4_9_OpenmodeE)
                  1081a740    00000060                     : iostream.obj (.text:_ZNSt15basic_streambufIcSt11char_traitsIcEE7seekposESt4fposIiENSt5_IosbIiE9_OpenmodeE)
                  1081a7a0    00000060                     : iostream.obj (.text:_ZNSt15basic_streambufIcSt11char_traitsIcEED0Ev)
                  1081a800    00000060                     : iostream.obj (.text:_ZNSt15basic_streambufIcSt11char_traitsIcEED1Ev)
                  1081a860    00000060                     : wiostrea.obj (.text:_ZNSt15basic_streambufIwSt11char_traitsIwEE5_InitEv)
                  1081a8c0    00000060                     : wiostrea.obj (.text:_ZNSt15basic_streambufIwSt11char_traitsIwEE5uflowEv)
                  1081a920    00000060                     : wiostrea.obj (.text:_ZNSt15basic_streambufIwSt11char_traitsIwEE7seekoffElNSt5_IosbIiE8_SeekdirENS4_9_OpenmodeE)
                  1081a980    00000060                     : wiostrea.obj (.text:_ZNSt15basic_streambufIwSt11char_traitsIwEE7seekposESt4fposIiENSt5_IosbIiE9_OpenmodeE)
                  1081a9e0    00000060                     : wiostrea.obj (.text:_ZNSt15basic_streambufIwSt11char_traitsIwEED0Ev)
                  1081aa40    00000060                     : wiostrea.obj (.text:_ZNSt15basic_streambufIwSt11char_traitsIwEED1Ev)
                  1081aaa0    00000060     blasFunctions.obj (.text:_ZNSt5ctypeIcE7_GetcatEPPKNSt6locale5facetE)
                  1081ab00    00000060     rts6600_elf.lib : wiostrea.obj (.text:_ZNSt5ctypeIwED0Ev)
                  1081ab60    00000060                     : wiostrea.obj (.text:_ZNSt5ctypeIwED1Ev)
                  1081abc0    00000060     blasFunctions.obj (.text:_ZNSt6locale2idcvjEv)
                  1081ac20    00000060     blasFunctions.obj (.text:_ZNSt6locale5facet7_DecrefEv)
                  1081ac80    00000060     rts6600_elf.lib : locale0.obj (.text:_ZNSt6locale7_LocimpD0Ev)
                  1081ace0    00000060                     : locale0.obj (.text:_ZNSt6localeC1Ev)
                  1081ad40    00000060     frameworkFunctions.obj (.text:_ZNSt7complexIfEdVERKf)
                  1081ada0    00000060     dynamicMemory.obj (.text:_ZNSt7num_putIcSt19ostreambuf_iteratorIcSt11char_traitsIcEEEC1Ej)
                  1081ae00    00000060     rts6600_elf.lib : ios.obj (.text:_ZNSt8ios_baseD0Ev)
                  1081ae60    00000060     dynamicMemory.obj (.text:_ZNSt8numpunctIcEC1Ej)
                  1081aec0    00000060     rts6600_elf.lib : iostream.obj (.text:_ZNSt9basic_iosIcSt11char_traitsIcEED0Ev)
                  1081af20    00000060                     : wiostrea.obj (.text:_ZNSt9basic_iosIwSt11char_traitsIwEED0Ev)
                  1081af80    00000060     blasFunctions.obj (.text:_ZSt4conjIfESt7complexIT_ERKS2_)
                  1081afe0    00000060     pipdScheduling.obj (.text:_ZStdvIfESt7complexIT_ERKS2_RKS1_)
                  1081b040    00000060     rts6600_elf.lib : iostream.obj (.text:_ZTv0_n12_NSiD0Ev)
                  1081b0a0    00000060                     : iostream.obj (.text:_ZTv0_n12_NSoD0Ev)
                  1081b100    00000060                     : wiostrea.obj (.text:_ZTv0_n12_NSt13basic_istreamIwSt11char_traitsIwEED0Ev)
                  1081b160    00000060                     : wiostrea.obj (.text:_ZTv0_n12_NSt13basic_ostreamIwSt11char_traitsIwEED0Ev)
                  1081b1c0    00000060                     : cpp_init.obj (.text:__TI_cpp_init)
                  1081b220    00000060                     : frcmpyd_div.obj (.text:__c6xabi_frcmpyd_div)
                  1081b280    00000060                     : llshift.obj (.text:__c6xabi_llshru)
                  1081b2e0    00000060                     : vec_newdel.obj (.text:__cxa_vec_ctor)
                  1081b340    00000060                     : vec_newdel.obj (.text:__cxa_vec_new)
                  1081b3a0    00000060                     : imath64.obj (.text:_subcull)
                  1081b400    00000060                     : fclose.obj (.text:fclose)
                  1081b460    00000060                     : fgetpos.obj (.text:fgetpos)
                  1081b4c0    00000060                     : memccpy.obj (.text:memccpy)
                  1081b520    00000060                     : memmov.obj (.text:memmove)
                  1081b580    00000060                     : modff.obj (.text:modff)
                  1081b5e0    00000060                     : setlocale.obj (.text:setlocale)
                  1081b640    00000060                     : sprintf.obj (.text:sprintf)
                  1081b6a0    00000060                     : strcspn.obj (.text:strcspn)
                  1081b700    00000060                     : wchar.obj (.text:ungetwc)
                  1081b760    00000060                     : trgmsg.obj (.text:writemsg)
                  1081b7c0    00000040     dynamicMemory.obj (.text:_ZNKSs6_MyptrEv)
                  1081b800    00000040     dynamicMemory.obj (.text:_ZNKSs8max_sizeEv)
                  1081b840    00000040     blasFunctions.obj (.text:_ZNKSt15basic_streambufIcSt11char_traitsIcEE8_PnavailEv)
                  1081b880    00000040     blasFunctions.obj (.text:_ZNKSt5ctypeIcE10do_tolowerEc)
                  1081b8c0    00000040     blasFunctions.obj (.text:_ZNKSt5ctypeIcE10do_toupperEc)
                  1081b900    00000040     blasFunctions.obj (.text:_ZNKSt5ctypeIcE5widenEc)
                  1081b940    00000040     blasFunctions.obj (.text:_ZNKSt5ctypeIcE8do_widenEPKcS2_Pc)
                  1081b980    00000040     blasFunctions.obj (.text:_ZNKSt5ctypeIcE9do_narrowEPKcS2_cPc)
                  1081b9c0    00000040     rts6600_elf.lib : wiostrea.obj (.text:_ZNKSt5ctypeIwE5do_isEsw)
                  1081ba00    00000040                     : wiostrea.obj (.text:_ZNKSt5ctypeIwE8do_widenEc)
                  1081ba40    00000040                     : wiostrea.obj (.text:_ZNKSt5ctypeIwE9do_narrowEwc)
                  1081ba80    00000040     dynamicMemory.obj (.text:_ZNKSt7num_putIcSt19ostreambuf_iteratorIcSt11char_traitsIcEEE3putES3_RSt8ios_basecb)
                  1081bac0    00000040     dynamicMemory.obj (.text:_ZNKSt7num_putIcSt19ostreambuf_iteratorIcSt11char_traitsIcEEE3putES3_RSt8ios_basecm)
                  1081bb00    00000040     dynamicMemory.obj (.text:_ZNKSt8_Locinfo7_GetcvtEv)
                  1081bb40    00000040     blasFunctions.obj (.text:_ZNKSt8_Locinfo9_GetctypeEv)
                  1081bb80    00000040     dynamicMemory.obj (.text:_ZNKSt8numpunctIcE8groupingEv)
                  1081bbc0    00000040     dynamicMemory.obj (.text:_ZNKSt8numpunctIcE8truenameEv)
                  1081bc00    00000040     dynamicMemory.obj (.text:_ZNKSt8numpunctIcE9falsenameEv)
                  1081bc40    00000040     rts6600_elf.lib : iostream.obj (.text:_ZNSiD1Ev)
                  1081bc80    00000040     blasFunctions.obj (.text:_ZNSo5_OsfxEv)
                  1081bcc0    00000040     rts6600_elf.lib : iostream.obj (.text:_ZNSoD1Ev)
                  1081bd00    00000040     dynamicMemory.obj (.text:_ZNSs4_EosEj)
                  1081bd40    00000040     dynamicMemory.obj (.text:_ZNSs6_MyptrEv)
                  1081bd80    00000040     dynamicMemory.obj (.text:_ZNSs6assignEPKc)
                  1081bdc0    00000040     dynamicMemory.obj (.text:_ZNSsC1EPKc)
                  1081be00    00000040     dynamicMemory.obj (.text:_ZNSsC1Ev)
                  1081be40    00000040     blasFunctions.obj (.text:_ZNSt10ctype_baseC1Ej)
                  1081be80    00000040     dynamicMemory.obj (.text:_ZNSt11char_traitsIcE6assignEPcjc)
                  1081bec0    00000040     blasFunctions.obj (.text:_ZNSt13_Complex_baseIfSt16_C_float_complexEC1ERKfS3_)
                  1081bf00    00000040     rts6600_elf.lib : wiostrea.obj (.text:_ZNSt13basic_istreamIwSt11char_traitsIwEED1Ev)
                  1081bf40    00000040                     : wiostrea.obj (.text:_ZNSt13basic_ostreamIwSt11char_traitsIwEED1Ev)
                  1081bf80    00000040     blasFunctions.obj (.text:_ZNSt15basic_streambufIcSt11char_traitsIcEE5sputnEPKci)
                  1081bfc0    00000040     dynamicMemory.obj (.text:_ZNSt19ostreambuf_iteratorIcSt11char_traitsIcEEC1EPSt15basic_streambufIcS1_E)
                  1081c000    00000040     blasFunctions.obj (.text:_ZNSt5ctypeIcE5_TidyEv)
                  1081c040    00000040     blasFunctions.obj (.text:_ZNSt5ctypeIcED1Ev)
                  1081c080    00000040     blasFunctions.obj (.text:_ZNSt6locale5facet7_IncrefEv)
                  1081c0c0    00000040     blasFunctions.obj (.text:_ZNSt6locale5facetC1Ej)
                  1081c100    00000040     blasFunctions.obj (.text:_ZNSt6localeC1ERKS_)
                  1081c140    00000040     blasFunctions.obj (.text:_ZNSt6localeD1Ev)
                  1081c180    00000040     blasFunctions.obj (.text:_ZNSt7complexIfEaSERKf)
                  1081c1c0    00000040     dynamicMemory.obj (.text:_ZNSt7num_putIcSt19ostreambuf_iteratorIcSt11char_traitsIcEEE7_GetcatEPPKNSt6locale5facetE)
                  1081c200    00000040     blasFunctions.obj (.text:_ZNSt8ios_base5widthEi)
                  1081c240    00000040     dynamicMemory.obj (.text:_ZNSt8numpunctIcE5_TidyEv)
                  1081c280    00000040     dynamicMemory.obj (.text:_ZNSt8numpunctIcE7_GetcatEPPKNSt6locale5facetE)
                  1081c2c0    00000040     dynamicMemory.obj (.text:_ZNSt8numpunctIcED1Ev)
                  1081c300    00000040     blasFunctions.obj (.text:_ZNSt9basic_iosIcSt11char_traitsIcEE5clearENSt5_IosbIiE8_IostateEb)
                  1081c340    00000040     blasFunctions.obj (.text:_ZNSt9basic_iosIcSt11char_traitsIcEE8setstateENSt5_IosbIiE8_IostateEb)
                  1081c380    00000040     blasFunctions.obj (.text:_ZSt3absIfET_RKSt7complexIS0_E)
                  1081c3c0    00000040     pipdScheduling.obj (.text:_ZSt3absf)
                  1081c400    00000040     blasFunctions.obj (.text:_ZSt3powff)
                  1081c440    00000040     blasFunctions.obj (.text:_ZSt4endlIcSt11char_traitsIcEERSt13basic_ostreamIT_T0_ES6_)
                  1081c480    00000040     rts6600_elf.lib : throw.obj (.text:_ZSt6_ThrowRKSt9exception)
                  1081c4c0    00000040     lapackFunctions.obj (.text:_ZStdvIfESt7complexIT_ERKS1_RKS2_)
                  1081c500    00000040     lapackFunctions.obj (.text:_ZStdvIfESt7complexIT_ERKS2_S4_)
                  1081c540    00000040     lapackFunctions.obj (.text:_ZStmiIfESt7complexIT_ERKS2_S4_)
                  1081c580    00000040     frameworkFunctions.obj (.text:_ZStmlIfESt7complexIT_ERKS1_RKS2_)
                  1081c5c0    00000040     blasFunctions.obj (.text:_ZStmlIfESt7complexIT_ERKS2_S4_)
                  1081c600    00000040     blasFunctions.obj (.text:_ZStoRRNSt5_IosbIiE8_IostateES1_)
                  1081c640    00000040     lapackFunctions.obj (.text:_ZStplIfESt7complexIT_ERKS2_S4_)
                  1081c680    00000040     rts6600_elf.lib : iostream.obj (.text:_ZTv0_n12_NSiD1Ev)
                  1081c6c0    00000040                     : iostream.obj (.text:_ZTv0_n12_NSoD1Ev)
                  1081c700    00000040                     : wiostrea.obj (.text:_ZTv0_n12_NSt13basic_istreamIwSt11char_traitsIwEED1Ev)
                  1081c740    00000040                     : wiostrea.obj (.text:_ZTv0_n12_NSt13basic_ostreamIwSt11char_traitsIwEED1Ev)
                  1081c780    00000040                     : isinf.obj (.text:__c6xabi_isinf)
                  1081c7c0    00000040                     : _printfi.obj (.text:__c6xabi_isnan)
                  1081c800    00000040                     : locale0.obj (.text:__sti___11_locale0_cpp_36e19383)
                  1081c840    00000040                     : args_main.obj (.text:_args_main)
                  1081c880    00000040                     : sprintf.obj (.text:_outs)
                  1081c8c0    00000040                     : wchar.obj (.text:mbrtowc)
                  1081c900    00000040                     : multibyte.obj (.text:mbtowc)
                  1081c940    00000040                     : strcmp.obj (.text:strcmp)
                  1081c980    00000040                     : strlen.obj (.text:strlen)
                  1081c9c0    00000040                     : wchar.obj (.text:wcrtomb)
                  1081ca00    00000020                     : xatexit.obj (.text:_Atexit)
                  1081ca20    00000020                     : locale0.obj (.text:_Getgloballocale)
                  1081ca40    00000020                     : newhandler.obj (.text:_Z21__default_new_handlerv)
                  1081ca60    00000020                     : typeinfo_.obj (.text:_ZN10__cxxabiv117__class_type_infoD0Ev)
                  1081ca80    00000020                     : typeinfo_.obj (.text:_ZN10__cxxabiv117__class_type_infoD1Ev)
                  1081caa0    00000020                     : typeinfo_.obj (.text:_ZN10__cxxabiv120__si_class_type_infoD0Ev)
                  1081cac0    00000020                     : typeinfo_.obj (.text:_ZN10__cxxabiv120__si_class_type_infoD1Ev)
                  1081cae0    00000020                     : typeinfo_.obj (.text:_ZN10__cxxabiv121__vmi_class_type_infoD0Ev)
                  1081cb00    00000020                     : typeinfo_.obj (.text:_ZN10__cxxabiv121__vmi_class_type_infoD1Ev)
                  1081cb20    00000020     dynamicMemory.obj (.text:_ZNKSaIcE8max_sizeEv)
                  1081cb40    00000020     blasFunctions.obj (.text:_ZNKSo6sentrycvbEv)
                  1081cb60    00000020     dynamicMemory.obj (.text:_ZNKSs4sizeEv)
                  1081cb80    00000020     dynamicMemory.obj (.text:_ZNKSs5c_strEv)
                  1081cba0    00000020     rts6600_elf.lib : string.obj (.text:_ZNKSt11logic_error4whatEv)
                  1081cbc0    00000020                     : string.obj (.text:_ZNKSt11logic_error8_DoraiseEv)
                  1081cbe0    00000020                     : iostream.obj (.text:_ZNKSt12codecvt_base11do_encodingEv)
                  1081cc00    00000020                     : iostream.obj (.text:_ZNKSt12codecvt_base13do_max_lengthEv)
                  1081cc20    00000020                     : iostream.obj (.text:_ZNKSt12codecvt_base16do_always_noconvEv)
                  1081cc40    00000020                     : string.obj (.text:_ZNKSt12length_error8_DoraiseEv)
                  1081cc60    00000020                     : string.obj (.text:_ZNKSt12out_of_range8_DoraiseEv)
                  1081cc80    00000020     blasFunctions.obj (.text:_ZNKSt13_Complex_baseIfSt16_C_float_complexE4imagEv)
                  1081cca0    00000020     blasFunctions.obj (.text:_ZNKSt13_Complex_baseIfSt16_C_float_complexE4realEv)
                  1081ccc0    00000020     rts6600_elf.lib : ios.obj (.text:_ZNKSt13runtime_error4whatEv)
                  1081cce0    00000020                     : ios.obj (.text:_ZNKSt13runtime_error8_DoraiseEv)
                  1081cd00    00000020     dynamicMemory.obj (.text:_ZNKSt19ostreambuf_iteratorIcSt11char_traitsIcEE6failedEv)
                  1081cd20    00000020     blasFunctions.obj (.text:_ZNKSt5ctypeIcE8do_widenEc)
                  1081cd40    00000020     blasFunctions.obj (.text:_ZNKSt5ctypeIcE9do_narrowEcc)
                  1081cd60    00000020     rts6600_elf.lib : wiostrea.obj (.text:_ZNKSt5ctypeIwE2isEsw)
                  1081cd80    00000020                     : wiostrea.obj (.text:_ZNKSt5ctypeIwE5widenEc)
                  1081cda0    00000020                     : wiostrea.obj (.text:_ZNKSt5ctypeIwE6narrowEwc)
                  1081cdc0    00000020                     : iostream.obj (.text:_ZNKSt7codecvtIcciE10do_unshiftERiPcS2_RS2_)
                  1081cde0    00000020                     : iostream.obj (.text:_ZNKSt7codecvtIcciE5do_inERiPKcS3_RS3_PcS5_RS5_)
                  1081ce00    00000020                     : iostream.obj (.text:_ZNKSt7codecvtIcciE6do_outERiPKcS3_RS3_PcS5_RS5_)
                  1081ce20    00000020                     : iostream.obj (.text:_ZNKSt7codecvtIcciE9do_lengthERKiPKcS4_j)
                  1081ce40    00000020                     : wiostrea.obj (.text:_ZNKSt7codecvtIwciE11do_encodingEv)
                  1081ce60    00000020                     : wiostrea.obj (.text:_ZNKSt7codecvtIwciE13do_max_lengthEv)
                  1081ce80    00000020                     : wiostrea.obj (.text:_ZNKSt7codecvtIwciE16do_always_noconvEv)
                  1081cea0    00000020     dynamicMemory.obj (.text:_ZNKSt8_Locinfo8_GettrueEv)
                  1081cec0    00000020     dynamicMemory.obj (.text:_ZNKSt8_Locinfo9_GetfalseEv)
                  1081cee0    00000020     dynamicMemory.obj (.text:_ZNKSt8_Locinfo9_GetlconvEv)
                  1081cf00    00000020     blasFunctions.obj (.text:_ZNKSt8ios_base4failEv)
                  1081cf20    00000020     blasFunctions.obj (.text:_ZNKSt8ios_base4goodEv)
                  1081cf40    00000020     blasFunctions.obj (.text:_ZNKSt8ios_base5flagsEv)
                  1081cf60    00000020     blasFunctions.obj (.text:_ZNKSt8ios_base5widthEv)
                  1081cf80    00000020     blasFunctions.obj (.text:_ZNKSt8ios_base6getlocEv)
                  1081cfa0    00000020     rts6600_elf.lib : ios.obj (.text:_ZNKSt8ios_base7failure8_DoraiseEv)
                  1081cfc0    00000020     blasFunctions.obj (.text:_ZNKSt8ios_base7rdstateEv)
                  1081cfe0    00000020     dynamicMemory.obj (.text:_ZNKSt8ios_base9precisionEv)
                  1081d000    00000020     dynamicMemory.obj (.text:_ZNKSt8numpunctIcE11do_groupingEv)
                  1081d020    00000020     dynamicMemory.obj (.text:_ZNKSt8numpunctIcE11do_truenameEv)
                  1081d040    00000020     dynamicMemory.obj (.text:_ZNKSt8numpunctIcE12do_falsenameEv)
                  1081d060    00000020     dynamicMemory.obj (.text:_ZNKSt8numpunctIcE13decimal_pointEv)
                  1081d080    00000020     dynamicMemory.obj (.text:_ZNKSt8numpunctIcE13thousands_sepEv)
                  1081d0a0    00000020     dynamicMemory.obj (.text:_ZNKSt8numpunctIcE16do_decimal_pointEv)
                  1081d0c0    00000020     dynamicMemory.obj (.text:_ZNKSt8numpunctIcE16do_thousands_sepEv)
                  1081d0e0    00000020     blasFunctions.obj (.text:_ZNKSt9basic_iosIcSt11char_traitsIcEE3tieEv)
                  1081d100    00000020     blasFunctions.obj (.text:_ZNKSt9basic_iosIcSt11char_traitsIcEE4fillEv)
                  1081d120    00000020     blasFunctions.obj (.text:_ZNKSt9basic_iosIcSt11char_traitsIcEE5rdbufEv)
                  1081d140    00000020     rts6600_elf.lib : ios.obj (.text:_ZNKSt9exception4whatEv)
                  1081d160    00000020                     : ios.obj (.text:_ZNKSt9exception8_DoraiseEv)
                  1081d180    00000020     dynamicMemory.obj (.text:_ZNSaIcE10deallocateEPcj)
                  1081d1a0    00000020     dynamicMemory.obj (.text:_ZNSaIcE8allocateEj)
                  1081d1c0    00000020     dynamicMemory.obj (.text:_ZNSaIcEC1ERKS_)
                  1081d1e0    00000020     dynamicMemory.obj (.text:_ZNSaIcEC1Ev)
                  1081d200    00000020     blasFunctions.obj (.text:_ZNSo12_Sentry_baseC2ERSo)
                  1081d220    00000020     blasFunctions.obj (.text:_ZNSo12_Sentry_baseD2Ev)
                  1081d240    00000020     blasFunctions.obj (.text:_ZNSo6sentryD1Ev)
                  1081d260    00000020     blasFunctions.obj (.text:_ZNSolsEPFRSoS_E)
                  1081d280    00000020     dynamicMemory.obj (.text:_ZNSs6assignERKSs)
                  1081d2a0    00000020     dynamicMemory.obj (.text:_ZNSsD1Ev)
                  1081d2c0    00000020     dynamicMemory.obj (.text:_ZNSsixEj)
                  1081d2e0    00000020     blasFunctions.obj (.text:_ZNSt10ctype_baseC2Ej)
                  1081d300    00000020     blasFunctions.obj (.text:_ZNSt10ctype_baseD0Ev)
                  1081d320    00000020     blasFunctions.obj (.text:_ZNSt10ctype_baseD1Ev)
                  1081d340    00000020     blasFunctions.obj (.text:_ZNSt10ctype_baseD2Ev)
                  1081d360    00000020     dynamicMemory.obj (.text:_ZNSt11_String_valIcSaIcEEC1ES0_)
                  1081d380    00000020     dynamicMemory.obj (.text:_ZNSt11_String_valIcSaIcEEC2ES0_)
                  1081d3a0    00000020     blasFunctions.obj (.text:_ZNSt11char_traitsIcE11eq_int_typeERKiS2_)
                  1081d3c0    00000020     blasFunctions.obj (.text:_ZNSt11char_traitsIcE11to_int_typeERKc)
                  1081d3e0    00000020     blasFunctions.obj (.text:_ZNSt11char_traitsIcE3eofEv)
                  1081d400    00000020     dynamicMemory.obj (.text:_ZNSt11char_traitsIcE4copyEPcPKcj)
                  1081d420    00000020     dynamicMemory.obj (.text:_ZNSt11char_traitsIcE4moveEPcPKcj)
                  1081d440    00000020     dynamicMemory.obj (.text:_ZNSt11char_traitsIcE6assignERcRKc)
                  1081d460    00000020     blasFunctions.obj (.text:_ZNSt11char_traitsIcE6lengthEPKc)
                  1081d480    00000020     rts6600_elf.lib : iostream.obj (.text:_ZNSt12codecvt_baseD0Ev)
                  1081d4a0    00000020                     : iostream.obj (.text:_ZNSt12codecvt_baseD1Ev)
                  1081d4c0    00000020     pipdScheduling.obj (.text:_ZNSt13_Complex_baseIfSt16_C_float_complexE4imagERKf)
                  1081d4e0    00000020     pipdScheduling.obj (.text:_ZNSt13_Complex_baseIfSt16_C_float_complexE4realERKf)
                  1081d500    00000020     blasFunctions.obj (.text:_ZNSt13_Complex_baseIfSt16_C_float_complexEC2ERKfS3_)
                  1081d520    00000020     rts6600_elf.lib : iostream.obj (.text:_ZNSt15basic_streambufIcSt11char_traitsIcEE4syncEv)
                  1081d540    00000020                     : iostream.obj (.text:_ZNSt15basic_streambufIcSt11char_traitsIcEE5_LockEv)
                  1081d560    00000020                     : iostream.obj (.text:_ZNSt15basic_streambufIcSt11char_traitsIcEE5imbueERKSt6locale)
                  1081d580    00000020     blasFunctions.obj (.text:_ZNSt15basic_streambufIcSt11char_traitsIcEE6_PnincEv)
                  1081d5a0    00000020     rts6600_elf.lib : iostream.obj (.text:_ZNSt15basic_streambufIcSt11char_traitsIcEE6setbufEPci)
                  1081d5c0    00000020                     : iostream.obj (.text:_ZNSt15basic_streambufIcSt11char_traitsIcEE7_UnlockEv)
                  1081d5e0    00000020     blasFunctions.obj (.text:_ZNSt15basic_streambufIcSt11char_traitsIcEE7pubsyncEv)
                  1081d600    00000020     rts6600_elf.lib : iostream.obj (.text:_ZNSt15basic_streambufIcSt11char_traitsIcEE8overflowEi)
                  1081d620    00000020                     : iostream.obj (.text:_ZNSt15basic_streambufIcSt11char_traitsIcEE9pbackfailEi)
                  1081d640    00000020                     : iostream.obj (.text:_ZNSt15basic_streambufIcSt11char_traitsIcEE9showmanycEv)
                  1081d660    00000020                     : iostream.obj (.text:_ZNSt15basic_streambufIcSt11char_traitsIcEE9underflowEv)
                  1081d680    00000020                     : wiostrea.obj (.text:_ZNSt15basic_streambufIwSt11char_traitsIwEE4syncEv)
                  1081d6a0    00000020                     : wiostrea.obj (.text:_ZNSt15basic_streambufIwSt11char_traitsIwEE5_LockEv)
                  1081d6c0    00000020                     : wiostrea.obj (.text:_ZNSt15basic_streambufIwSt11char_traitsIwEE5imbueERKSt6locale)
                  1081d6e0    00000020                     : wiostrea.obj (.text:_ZNSt15basic_streambufIwSt11char_traitsIwEE6setbufEPwi)
                  1081d700    00000020                     : wiostrea.obj (.text:_ZNSt15basic_streambufIwSt11char_traitsIwEE7_UnlockEv)
                  1081d720    00000020                     : wiostrea.obj (.text:_ZNSt15basic_streambufIwSt11char_traitsIwEE8overflowEj)
                  1081d740    00000020                     : wiostrea.obj (.text:_ZNSt15basic_streambufIwSt11char_traitsIwEE9pbackfailEj)
                  1081d760    00000020                     : wiostrea.obj (.text:_ZNSt15basic_streambufIwSt11char_traitsIwEE9showmanycEv)
                  1081d780    00000020                     : wiostrea.obj (.text:_ZNSt15basic_streambufIwSt11char_traitsIwEE9underflowEv)
                  1081d7a0    00000020     dynamicMemory.obj (.text:_ZNSt19ostreambuf_iteratorIcSt11char_traitsIcEEdeEv)
                  1081d7c0    00000020     dynamicMemory.obj (.text:_ZNSt19ostreambuf_iteratorIcSt11char_traitsIcEEppEv)
                  1081d7e0    00000020     blasFunctions.obj (.text:_ZNSt5ctypeIcE5_InitERKSt8_Locinfo)
                  1081d800    00000020     blasFunctions.obj (.text:_ZNSt5ctypeIcED0Ev)
                  1081d820    00000020     dynamicMemory.obj (.text:_ZNSt6locale2idC1Ej)
                  1081d840    00000020     blasFunctions.obj (.text:_ZNSt6locale5facetC2Ej)
                  1081d860    00000020     blasFunctions.obj (.text:_ZNSt6locale5facetD0Ev)
                  1081d880    00000020     blasFunctions.obj (.text:_ZNSt6locale5facetD1Ev)
                  1081d8a0    00000020     blasFunctions.obj (.text:_ZNSt6locale5facetD2Ev)
                  1081d8c0    00000020     blasFunctions.obj (.text:_ZNSt7_LockitC1Ei)
                  1081d8e0    00000020     blasFunctions.obj (.text:_ZNSt7_LockitD1Ev)
                  1081d900    00000020     rts6600_elf.lib : iostream.obj (.text:_ZNSt7codecvtIcciED0Ev)
                  1081d920    00000020                     : iostream.obj (.text:_ZNSt7codecvtIcciED1Ev)
                  1081d940    00000020                     : wiostrea.obj (.text:_ZNSt7codecvtIwciED0Ev)
                  1081d960    00000020                     : wiostrea.obj (.text:_ZNSt7codecvtIwciED1Ev)
                  1081d980    00000020     blasFunctions.obj (.text:_ZNSt7complexIfEC1ERKS0_)
                  1081d9a0    00000020     blasFunctions.obj (.text:_ZNSt7complexIfEC1ERKfS2_)
                  1081d9c0    00000020     lapackFunctions.obj (.text:_ZNSt7complexIfEdVIfEERS0_RKS_IT_E)
                  1081d9e0    00000020     lapackFunctions.obj (.text:_ZNSt7complexIfEmIIfEERS0_RKS_IT_E)
                  1081da00    00000020     blasFunctions.obj (.text:_ZNSt7complexIfEmLIfEERS0_RKS_IT_E)
                  1081da20    00000020     blasFunctions.obj (.text:_ZNSt7complexIfEpLIfEERS0_RKS_IT_E)
                  1081da40    00000020     dynamicMemory.obj (.text:_ZNSt7num_putIcSt19ostreambuf_iteratorIcSt11char_traitsIcEEE5_InitERKSt8_Locinfo)
                  1081da60    00000020     dynamicMemory.obj (.text:_ZNSt7num_putIcSt19ostreambuf_iteratorIcSt11char_traitsIcEEED0Ev)
                  1081da80    00000020     dynamicMemory.obj (.text:_ZNSt7num_putIcSt19ostreambuf_iteratorIcSt11char_traitsIcEEED1Ev)
                  1081daa0    00000020     blasFunctions.obj (.text:_ZNSt8_CtraitsIfE4sqrtEf)
                  1081dac0    00000020     blasFunctions.obj (.text:_ZNSt8_CtraitsIfE5_InfvEf)
                  1081dae0    00000020     lapackFunctions.obj (.text:_ZNSt8_CtraitsIfE5_NanvEf)
                  1081db00    00000020     blasFunctions.obj (.text:_ZNSt8_CtraitsIfE5ldexpEfi)
                  1081db20    00000020     blasFunctions.obj (.text:_ZNSt8_CtraitsIfE6_IsinfEf)
                  1081db40    00000020     blasFunctions.obj (.text:_ZNSt8_CtraitsIfE6_IsnanEf)
                  1081db60    00000020     dynamicMemory.obj (.text:_ZNSt8numpunctIcED0Ev)
                  1081db80    00000020     rts6600_elf.lib : iostream.obj (.text:_ZNSt9basic_iosIcSt11char_traitsIcEED1Ev)
                  1081dba0    00000020                     : wiostrea.obj (.text:_ZNSt9basic_iosIwSt11char_traitsIwEED1Ev)
                  1081dbc0    00000020                     : ios.obj (.text:_ZNSt9exceptionD0Ev)
                  1081dbe0    00000020                     : ios.obj (.text:_ZNSt9exceptionD1Ev)
                  1081dc00    00000020     dynamicMemory.obj (.text:_ZSt10_MaklocchrIcET_cPS0_RKSt7_Cvtvec)
                  1081dc20    00000020     rts6600_elf.lib : locale0.obj (.text:_ZSt11tidy_globalv)
                  1081dc40    00000020     blasFunctions.obj (.text:_ZSt4imagIfET_RKSt7complexIS0_E)
                  1081dc60    00000020     blasFunctions.obj (.text:_ZSt4realIfET_RKSt7complexIS0_E)
                  1081dc80    00000020     blasFunctions.obj (.text:_ZSt4sqrtf)
                  1081dca0    00000020     blasFunctions.obj (.text:_ZSt8_ToloweriPKSt9_Ctypevec)
                  1081dcc0    00000020     blasFunctions.obj (.text:_ZSt8_ToupperiPKSt9_Ctypevec)
                  1081dce0    00000020     dynamicMemory.obj (.text:_ZSt9_AllocateIcEPT_jS1_)
                  1081dd00    00000020     blasFunctions.obj (.text:_ZStanNSt5_IosbIiE9_FmtflagsES1_)
                  1081dd20    00000020     rts6600_elf.lib : delete.obj (.text:_ZdlPv)
                  1081dd40    00000020                     : placenew.obj (.text:_ZnwjPv)
                  1081dd60    00000020                     : errno.obj (.text:__c6xabi_errno_addr)
                  1081dd80    00000020                     : negll.obj (.text:__c6xabi_negll)
                  1081dda0    00000020                     : truncf.obj (.text:__c6xabi_truncf)
                  1081ddc0    00000020                     : dtor_list.obj (.text:__cxa_atexit)
                  1081dde0    00000020                     : guard.obj (.text:__cxa_guard_acquire)
                  1081de00    00000020                     : guard.obj (.text:__cxa_guard_release)
                  1081de20    00000020                     : dtor_list.obj (.text:__cxa_ia64_exit)
                  1081de40    00000020                     : memzero.obj (.text:__memzero)
                  1081de60    00000020                     : _lock.obj (.text:_nop)
                  1081de80    00000020                     : printf.obj (.text:_outc)
                  1081dea0    00000020                     : sprintf.obj (.text:_outc)
                  1081dec0    00000020                     : printf.obj (.text:_outs)
                  1081dee0    00000020                     : exit.obj (.text:abort)
                  1081df00    00000020                     : dtor_list.obj (.text:atexit)
                  1081df20    00000020                     : copy_decompress_none.obj (.text:decompress:none:__TI_decompress_none)
                  1081df40    00000020                     : copy_decompress_rle.obj (.text:decompress:rle24:__TI_decompress_rle24)
                  1081df60    00000020                     : wchar.obj (.text:fgetwc)
                  1081df80    00000020                     : wchar.obj (.text:fputwc)
                  1081dfa0    00000020                     : fsetpos.obj (.text:fsetpos)
                  1081dfc0    00000020                     : setlocale.obj (.text:localeconv)
                  1081dfe0    00000020                     : tolower.obj (.text:tolower)
                  1081e000    00000020                     : toupper.obj (.text:toupper)
                  1081e020    00000020                     : multibyte.obj (.text:wctomb)

.const     0    1081e040    00001242     
                  1081e040    0000024c     dynamicMemory.obj (.const:.string)
                  1081e28c    00000004     rts6600_elf.lib : locale0.obj (.const:.string)
                  1081e290    00000202                     : xlocinfo.obj (.const:_ZSt8_Ctyptab)
                  1081e492    00000002                     : iostream.obj (.const:.string)
                  1081e494    0000016c     displayFunctions.obj (.const:.string)
                  1081e600    00000101     rts6600_elf.lib : ctype.obj (.const:.string:_ctypes_)
                  1081e701    00000002                     : wiostrea.obj (.const:.string)
                  1081e703    00000001     --HOLE-- [fill = 0]
                  1081e704    000000d0     lteSystem.obj (.const:.string)
                  1081e7d4    00000048     rts6600_elf.lib : ios.obj (.const:.string)
                  1081e81c    00000004     dynamicMemory.obj (.const:_ZNSs4nposE)
                  1081e820    00000048     rts6600_elf.lib : iostream.obj (.const:_ZTVSt13basic_filebufIcSt11char_traitsIcEE)
                  1081e868    00000048                     : wiostrea.obj (.const:_ZTVSt13basic_filebufIwSt11char_traitsIwEE)
                  1081e8b0    00000048                     : iostream.obj (.const:_ZTVSt15basic_streambufIcSt11char_traitsIcEE)
                  1081e8f8    00000048                     : wiostrea.obj (.const:_ZTVSt15basic_streambufIwSt11char_traitsIwEE)
                  1081e940    00000040                     : wiostrea.obj (.const:_ZTVSt5ctypeIwE)
                  1081e980    0000003a     dynamicMemory.obj (.const:.string:_ZTSSt7num_putIcSt19ostreambuf_iteratorIcSt11char_traitsIcEEE)
                  1081e9ba    00000030     rts6600_elf.lib : string.obj (.const:.string)
                  1081e9ea    00000005                     : setlocale.obj (.const:.string)
                  1081e9ef    00000001     --HOLE-- [fill = 0]
                  1081e9f0    00000030                     : iostream.obj (.const:_ZTVSi)
                  1081ea20    00000030                     : iostream.obj (.const:_ZTVSo)
                  1081ea50    00000030                     : wiostrea.obj (.const:_ZTVSt13basic_istreamIwSt11char_traitsIwEE)
                  1081ea80    00000030                     : wiostrea.obj (.const:_ZTVSt13basic_ostreamIwSt11char_traitsIwEE)
                  1081eab0    00000030     blasFunctions.obj (.const:_ZTVSt5ctypeIcE)
                  1081eae0    00000030     dynamicMemory.obj (.const:_ZTVSt7num_putIcSt19ostreambuf_iteratorIcSt11char_traitsIcEEE)
                  1081eb10    0000002c     rts6600_elf.lib : iostream.obj (.const:_ZTVSt7codecvtIcciE)
                  1081eb3c    00000004     blasFunctions.obj (.const:_ZZSt5_FabsIfET_RKSt7complexIS0_EPiE16_Oneplusroot2low)
                  1081eb40    0000002c     rts6600_elf.lib : wiostrea.obj (.const:_ZTVSt7codecvtIwciE)
                  1081eb6c    00000004     blasFunctions.obj (.const:_ZZSt5_FabsIfET_RKSt7complexIS0_EPiE17_Oneplusroot2high)
                  1081eb70    00000029     rts6600_elf.lib : iostream.obj (.const:.string:_ZTSSt15basic_streambufIcSt11char_traitsIcEE)
                  1081eb99    00000003     --HOLE-- [fill = 0]
                  1081eb9c    00000004     blasFunctions.obj (.const:_ZZSt5_FabsIfET_RKSt7complexIS0_EPiE6_Root2)
                  1081eba0    00000029     rts6600_elf.lib : wiostrea.obj (.const:.string:_ZTSSt15basic_streambufIwSt11char_traitsIwEE)
                  1081ebc9    00000003     --HOLE-- [fill = 0]
                  1081ebcc    00000028     frameworkFunctions.obj (.const:.string)
                  1081ebf4    00000004     rts6600_elf.lib : ios.obj (.const)
                  1081ebf8    00000027                     : iostream.obj (.const:.string:_ZTSSt13basic_filebufIcSt11char_traitsIcEE)
                  1081ec1f    00000001     --HOLE-- [fill = 0]
                  1081ec20    00000027                     : wiostrea.obj (.const:.string:_ZTSSt13basic_filebufIwSt11char_traitsIwEE)
                  1081ec47    00000001     --HOLE-- [fill = 0]
                  1081ec48    00000027                     : wiostrea.obj (.const:.string:_ZTSSt13basic_istreamIwSt11char_traitsIwEE)
                  1081ec6f    00000001     --HOLE-- [fill = 0]
                  1081ec70    00000027                     : wiostrea.obj (.const:.string:_ZTSSt13basic_ostreamIwSt11char_traitsIwEE)
                  1081ec97    00000001     --HOLE-- [fill = 0]
                  1081ec98    00000026                     : typeinfo_.obj (.const:.string:_ZTSN10__cxxabiv121__vmi_class_type_infoE)
                  1081ecbe    00000002     --HOLE-- [fill = 0]
                  1081ecc0    00000025                     : typeinfo_.obj (.const:.string:_ZTSN10__cxxabiv120__si_class_type_infoE)
                  1081ece5    00000003     --HOLE-- [fill = 0]
                  1081ece8    00000024     dynamicMemory.obj (.const:_ZTVSt8numpunctIcE)
                  1081ed0c    00000023     rts6600_elf.lib : _printfi.obj (.const:.string)
                  1081ed2f    00000001     --HOLE-- [fill = 0]
                  1081ed30    00000022                     : typeinfo_.obj (.const:.string:_ZTSN10__cxxabiv117__class_type_infoE)
                  1081ed52    00000006     --HOLE-- [fill = 0]
                  1081ed58    00000022                     : iostream.obj (.const:.string:_ZTSSt9basic_iosIcSt11char_traitsIcEE)
                  1081ed7a    00000006     --HOLE-- [fill = 0]
                  1081ed80    00000022                     : wiostrea.obj (.const:.string:_ZTSSt9basic_iosIwSt11char_traitsIwEE)
                  1081eda2    00000002     --HOLE-- [fill = 0]
                  1081eda4    00000020     schedulingAlgorithms.obj (.const:.string)
                  1081edc4    00000004     --HOLE-- [fill = 0]
                  1081edc8    0000001c     rts6600_elf.lib : iostream.obj (.const:_ZTVSt12codecvt_base)
                  1081ede4    00000018                     : iostream.obj (.const:_ZTISi)
                  1081edfc    00000018                     : iostream.obj (.const:_ZTISo)
                  1081ee14    00000018                     : wiostrea.obj (.const:_ZTISt13basic_istreamIwSt11char_traitsIwEE)
                  1081ee2c    00000018                     : wiostrea.obj (.const:_ZTISt13basic_ostreamIwSt11char_traitsIwEE)
                  1081ee44    00000004     --HOLE-- [fill = 0]
                  1081ee48    00000018                     : ios.obj (.const:_ZTVNSt8ios_base7failureE)
                  1081ee60    00000018                     : string.obj (.const:_ZTVSt11logic_error)
                  1081ee78    00000018                     : string.obj (.const:_ZTVSt12length_error)
                  1081ee90    00000018                     : string.obj (.const:_ZTVSt12out_of_range)
                  1081eea8    00000018                     : ios.obj (.const:_ZTVSt13runtime_error)
                  1081eec0    00000018                     : ios.obj (.const:_ZTVSt9exception)
                  1081eed8    00000016                     : ios.obj (.const:.string:_ZTSNSt8ios_base7failureE)
                  1081eeee    00000016                     : throw.obj (.const:.string)
                  1081ef04    00000004     --HOLE-- [fill = 0]
                  1081ef08    00000014                     : locale0.obj (.const:.string:_ZTSNSt6locale7_LocimpE)
                  1081ef1c    00000014     blasFunctions.obj (.const:.string)
                  1081ef30    00000012     blasFunctions.obj (.const:.string:_ZTSNSt6locale5facetE)
                  1081ef42    00000006     --HOLE-- [fill = 0]
                  1081ef48    00000012     rts6600_elf.lib : ios.obj (.const:.string:_ZTSSt13runtime_error)
                  1081ef5a    00000006     --HOLE-- [fill = 0]
                  1081ef60    00000011                     : iostream.obj (.const:.string:_ZTSSt12codecvt_base)
                  1081ef71    00000007     --HOLE-- [fill = 0]
                  1081ef78    00000011                     : string.obj (.const:.string:_ZTSSt12length_error)
                  1081ef89    00000007     --HOLE-- [fill = 0]
                  1081ef90    00000011                     : string.obj (.const:.string:_ZTSSt12out_of_range)
                  1081efa1    00000007     --HOLE-- [fill = 0]
                  1081efa8    00000010                     : string.obj (.const:.string:_ZTSSt11logic_error)
                  1081efb8    00000010                     : iostream.obj (.const:.string:_ZTSSt7codecvtIcciE)
                  1081efc8    00000010                     : wiostrea.obj (.const:.string:_ZTSSt7codecvtIwciE)
                  1081efd8    00000010                     : typeinfo_.obj (.const:_ZTVN10__cxxabiv117__class_type_infoE)
                  1081efe8    00000010                     : typeinfo_.obj (.const:_ZTVN10__cxxabiv120__si_class_type_infoE)
                  1081eff8    00000010                     : typeinfo_.obj (.const:_ZTVN10__cxxabiv121__vmi_class_type_infoE)
                  1081f008    00000010     blasFunctions.obj (.const:_ZTVNSt6locale5facetE)
                  1081f018    00000010     rts6600_elf.lib : locale0.obj (.const:_ZTVNSt6locale7_LocimpE)
                  1081f028    00000010     blasFunctions.obj (.const:_ZTVSt10ctype_base)
                  1081f038    00000010     rts6600_elf.lib : ios.obj (.const:_ZTVSt8ios_base)
                  1081f048    00000010                     : iostream.obj (.const:_ZTVSt9basic_iosIcSt11char_traitsIcEE)
                  1081f058    00000010                     : wiostrea.obj (.const:_ZTVSt9basic_iosIwSt11char_traitsIwEE)
                  1081f068    0000000f     blasFunctions.obj (.const:.string:_ZTSSt10ctype_base)
                  1081f077    00000001     --HOLE-- [fill = 0]
                  1081f078    0000000f     dynamicMemory.obj (.const:.string:_ZTSSt8numpunctIcE)
                  1081f087    00000001     --HOLE-- [fill = 0]
                  1081f088    0000000d     rts6600_elf.lib : ios.obj (.const:.string:_ZTSSt9exception)
                  1081f095    00000003     --HOLE-- [fill = 0]
                  1081f098    0000000d                     : typeinfo_.obj (.const:.string:_ZTSSt9type_info)
                  1081f0a5    00000003     --HOLE-- [fill = 0]
                  1081f0a8    0000000c                     : ios.obj (.const:.string:_ZTSSt5_IosbIiE)
                  1081f0b4    00000004     --HOLE-- [fill = 0]
                  1081f0b8    0000000c     blasFunctions.obj (.const:.string:_ZTSSt5ctypeIcE)
                  1081f0c4    00000004     --HOLE-- [fill = 0]
                  1081f0c8    0000000c     rts6600_elf.lib : wiostrea.obj (.const:.string:_ZTSSt5ctypeIwE)
                  1081f0d4    00000004     --HOLE-- [fill = 0]
                  1081f0d8    0000000c                     : ios.obj (.const:.string:_ZTSSt8ios_base)
                  1081f0e4    0000000c                     : typeinfo_.obj (.const:_ZTIN10__cxxabiv117__class_type_infoE)
                  1081f0f0    0000000c                     : typeinfo_.obj (.const:_ZTIN10__cxxabiv120__si_class_type_infoE)
                  1081f0fc    0000000c                     : typeinfo_.obj (.const:_ZTIN10__cxxabiv121__vmi_class_type_infoE)
                  1081f108    0000000c                     : locale0.obj (.const:_ZTINSt6locale7_LocimpE)
                  1081f114    0000000c                     : ios.obj (.const:_ZTINSt8ios_base7failureE)
                  1081f120    0000000c     blasFunctions.obj (.const:_ZTISt10ctype_base)
                  1081f12c    0000000c     rts6600_elf.lib : string.obj (.const:_ZTISt11logic_error)
                  1081f138    0000000c                     : iostream.obj (.const:_ZTISt12codecvt_base)
                  1081f144    0000000c                     : string.obj (.const:_ZTISt12length_error)
                  1081f150    0000000c                     : string.obj (.const:_ZTISt12out_of_range)
                  1081f15c    0000000c                     : iostream.obj (.const:_ZTISt13basic_filebufIcSt11char_traitsIcEE)
                  1081f168    0000000c                     : wiostrea.obj (.const:_ZTISt13basic_filebufIwSt11char_traitsIwEE)
                  1081f174    0000000c                     : ios.obj (.const:_ZTISt13runtime_error)
                  1081f180    0000000c     blasFunctions.obj (.const:_ZTISt5ctypeIcE)
                  1081f18c    0000000c     rts6600_elf.lib : wiostrea.obj (.const:_ZTISt5ctypeIwE)
                  1081f198    0000000c                     : iostream.obj (.const:_ZTISt7codecvtIcciE)
                  1081f1a4    0000000c                     : wiostrea.obj (.const:_ZTISt7codecvtIwciE)
                  1081f1b0    0000000c     dynamicMemory.obj (.const:_ZTISt7num_putIcSt19ostreambuf_iteratorIcSt11char_traitsIcEEE)
                  1081f1bc    0000000c     rts6600_elf.lib : ios.obj (.const:_ZTISt8ios_base)
                  1081f1c8    0000000c     dynamicMemory.obj (.const:_ZTISt8numpunctIcE)
                  1081f1d4    0000000c     rts6600_elf.lib : iostream.obj (.const:_ZTISt9basic_iosIcSt11char_traitsIcEE)
                  1081f1e0    0000000c                     : wiostrea.obj (.const:_ZTISt9basic_iosIwSt11char_traitsIwEE)
                  1081f1ec    00000009     dynamicMemory.obj (.const)
                  1081f1f5    00000003     --HOLE-- [fill = 0]
                  1081f1f8    00000008     blasFunctions.obj (.const:_ZTINSt6locale5facetE)
[...]
1081a0e0   _ZNKSt5ctypeIcE10do_tolowerEPcPKc
1081a140   _ZNKSt5ctypeIcE10do_toupperEPcPKc
1081a1a0   _ZNKSt5ctypeIwE10do_toupperEw
1081a200   _ZNKSt7num_putIcSt19ostreambuf_iteratorIcSt11char_traitsIcEEE4_PutES3_PKcj
1081a260   _ZNKSt7num_putIcSt19ostreambuf_iteratorIcSt11char_traitsIcEEE4_RepES3_cj
1081a2c0   _ZNKSt9basic_iosIcSt11char_traitsIcEE5widenEc
1081a320   _ZNSiD0Ev
1081a380   _ZNSoD0Ev
1081a3e0   _ZNSs7_InsideEPKc
1081a440   _ZNSs9_ChassignEjjc
1081a4a0   _ZNSt13_Complex_baseIfSt16_C_float_complexE4_AddIfEEvRKSt7complexIT_E
1081a500   _ZNSt13_Complex_baseIfSt16_C_float_complexE4_SubIfEEvRKSt7complexIT_E
1081a560   _ZNSt13basic_istreamIwSt11char_traitsIwEED0Ev
1081a5c0   _ZNSt13basic_ostreamIwSt11char_traitsIwEED0Ev
1081a620   _ZNSt15basic_streambufIcSt11char_traitsIcEE5_InitEv
1081a680   _ZNSt15basic_streambufIcSt11char_traitsIcEE5uflowEv
1081a6e0   _ZNSt15basic_streambufIcSt11char_traitsIcEE7seekoffElNSt5_IosbIiE8_SeekdirENS4_9_OpenmodeE
1081a740   _ZNSt15basic_streambufIcSt11char_traitsIcEE7seekposESt4fposIiENSt5_IosbIiE9_OpenmodeE
1081a7a0   _ZNSt15basic_streambufIcSt11char_traitsIcEED0Ev
1081a800   _ZNSt15basic_streambufIcSt11char_traitsIcEED1Ev
1081a860   _ZNSt15basic_streambufIwSt11char_traitsIwEE5_InitEv
1081a8c0   _ZNSt15basic_streambufIwSt11char_traitsIwEE5uflowEv
1081a920   _ZNSt15basic_streambufIwSt11char_traitsIwEE7seekoffElNSt5_IosbIiE8_SeekdirENS4_9_OpenmodeE
1081a980   _ZNSt15basic_streambufIwSt11char_traitsIwEE7seekposESt4fposIiENSt5_IosbIiE9_OpenmodeE
1081a9e0   _ZNSt15basic_streambufIwSt11char_traitsIwEED0Ev
1081aa40   _ZNSt15basic_streambufIwSt11char_traitsIwEED1Ev
1081aaa0   _ZNSt5ctypeIcE7_GetcatEPPKNSt6locale5facetE
1081ab00   _ZNSt5ctypeIwED0Ev
1081ab60   _ZNSt5ctypeIwED1Ev
1081abc0   _ZNSt6locale2idcvjEv
1081ac20   _ZNSt6locale5facet7_DecrefEv
1081ac80   _ZNSt6locale7_LocimpD0Ev
1081ace0   _ZNSt6localeC1Ev
1081ace0   _ZNSt6localeC2Ev
1081ad40   _ZNSt7complexIfEdVERKf
1081ada0   _ZNSt7num_putIcSt19ostreambuf_iteratorIcSt11char_traitsIcEEEC1Ej
1081ae00   _ZNSt8ios_baseD0Ev
1081ae60   _ZNSt8numpunctIcEC1Ej
1081aec0   _ZNSt9basic_iosIcSt11char_traitsIcEED0Ev
1081af20   _ZNSt9basic_iosIwSt11char_traitsIwEED0Ev
1081af80   _ZSt4conjIfESt7complexIT_ERKS2_
1081afe0   _ZStdvIfESt7complexIT_ERKS2_RKS1_
1081b040   _ZTv0_n12_NSiD0Ev
1081b0a0   _ZTv0_n12_NSoD0Ev
1081b100   _ZTv0_n12_NSt13basic_istreamIwSt11char_traitsIwEED0Ev
1081b160   _ZTv0_n12_NSt13basic_ostreamIwSt11char_traitsIwEED0Ev
1081b1c0   __TI_cpp_init
1081b220   __c6xabi_frcmpyd_div
1081b280   __c6xabi_llshru
1081b2e0   __cxa_vec_ctor
1081b340   __cxa_vec_new
1081b3a0   _subcull
1081b400   fclose
1081b460   fgetpos
1081b4c0   memccpy
1081b520   memmove
1081b580   modff
1081b5e0   setlocale
1081b640   sprintf
1081b6a0   strcspn
1081b700   ungetwc
1081b760   writemsg
1081b7b8   C$$IO$$
1081b7c0   _ZNKSs6_MyptrEv
1081b800   _ZNKSs8max_sizeEv
1081b840   _ZNKSt15basic_streambufIcSt11char_traitsIcEE8_PnavailEv
1081b880   _ZNKSt5ctypeIcE10do_tolowerEc
1081b8c0   _ZNKSt5ctypeIcE10do_toupperEc
1081b900   _ZNKSt5ctypeIcE5widenEc
1081b940   _ZNKSt5ctypeIcE8do_widenEPKcS2_Pc
1081b980   _ZNKSt5ctypeIcE9do_narrowEPKcS2_cPc
1081b9c0   _ZNKSt5ctypeIwE5do_isEsw
1081ba00   _ZNKSt5ctypeIwE8do_widenEc
1081ba40   _ZNKSt5ctypeIwE9do_narrowEwc
1081ba80   _ZNKSt7num_putIcSt19ostreambuf_iteratorIcSt11char_traitsIcEEE3putES3_RSt8ios_basecb
1081bac0   _ZNKSt7num_putIcSt19ostreambuf_iteratorIcSt11char_traitsIcEEE3putES3_RSt8ios_basecm
1081bb00   _ZNKSt8_Locinfo7_GetcvtEv
1081bb40   _ZNKSt8_Locinfo9_GetctypeEv
1081bb80   _ZNKSt8numpunctIcE8groupingEv
1081bbc0   _ZNKSt8numpunctIcE8truenameEv
1081bc00   _ZNKSt8numpunctIcE9falsenameEv
1081bc40   _ZNSiD1Ev
1081bc80   _ZNSo5_OsfxEv
1081bcc0   _ZNSoD1Ev
1081bd00   _ZNSs4_EosEj
1081bd40   _ZNSs6_MyptrEv
1081bd80   _ZNSs6assignEPKc
1081bdc0   _ZNSsC1EPKc
1081be00   _ZNSsC1Ev
1081be40   _ZNSt10ctype_baseC1Ej
1081be80   _ZNSt11char_traitsIcE6assignEPcjc
1081bec0   _ZNSt13_Complex_baseIfSt16_C_float_complexEC1ERKfS3_
1081bf00   _ZNSt13basic_istreamIwSt11char_traitsIwEED1Ev
1081bf40   _ZNSt13basic_ostreamIwSt11char_traitsIwEED1Ev
1081bf80   _ZNSt15basic_streambufIcSt11char_traitsIcEE5sputnEPKci
1081bfc0   _ZNSt19ostreambuf_iteratorIcSt11char_traitsIcEEC1EPSt15basic_streambufIcS1_E
1081c000   _ZNSt5ctypeIcE5_TidyEv
1081c040   _ZNSt5ctypeIcED1Ev
1081c080   _ZNSt6locale5facet7_IncrefEv
1081c0c0   _ZNSt6locale5facetC1Ej
1081c100   _ZNSt6localeC1ERKS_
1081c140   _ZNSt6localeD1Ev
1081c180   _ZNSt7complexIfEaSERKf
1081c1c0   _ZNSt7num_putIcSt19ostreambuf_iteratorIcSt11char_traitsIcEEE7_GetcatEPPKNSt6locale5facetE
1081c200   _ZNSt8ios_base5widthEi
1081c240   _ZNSt8numpunctIcE5_TidyEv
1081c280   _ZNSt8numpunctIcE7_GetcatEPPKNSt6locale5facetE
1081c2c0   _ZNSt8numpunctIcED1Ev
1081c300   _ZNSt9basic_iosIcSt11char_traitsIcEE5clearENSt5_IosbIiE8_IostateEb
1081c340   _ZNSt9basic_iosIcSt11char_traitsIcEE8setstateENSt5_IosbIiE8_IostateEb
1081c380   _ZSt3absIfET_RKSt7complexIS0_E
1081c3c0   _ZSt3absf
1081c400   _ZSt3powff
1081c440   _ZSt4endlIcSt11char_traitsIcEERSt13basic_ostreamIT_T0_ES6_
1081c480   _ZSt6_ThrowRKSt9exception
1081c4c0   _ZStdvIfESt7complexIT_ERKS1_RKS2_
1081c500   _ZStdvIfESt7complexIT_ERKS2_S4_
1081c540   _ZStmiIfESt7complexIT_ERKS2_S4_
1081c580   _ZStmlIfESt7complexIT_ERKS1_RKS2_
1081c5c0   _ZStmlIfESt7complexIT_ERKS2_S4_
1081c600   _ZStoRRNSt5_IosbIiE8_IostateES1_
1081c640   _ZStplIfESt7complexIT_ERKS2_S4_
1081c680   _ZTv0_n12_NSiD1Ev
1081c6c0   _ZTv0_n12_NSoD1Ev
1081c700   _ZTv0_n12_NSt13basic_istreamIwSt11char_traitsIwEED1Ev
1081c740   _ZTv0_n12_NSt13basic_ostreamIwSt11char_traitsIwEED1Ev
1081c780   __c6xabi_isinf
1081c800   __sti___11_locale0_cpp_36e19383
1081c840   _args_main
1081c8c0   mbrtowc
1081c900   mbtowc
1081c940   strcmp
1081c980   strlen
1081c9c0   wcrtomb
1081ca00   _Atexit
1081ca20   _Getgloballocale
1081ca40   _Z21__default_new_handlerv
1081ca60   _ZN10__cxxabiv117__class_type_infoD0Ev
1081ca80   _ZN10__cxxabiv117__class_type_infoD1Ev
1081ca80   _ZN10__cxxabiv117__class_type_infoD2Ev
1081caa0   _ZN10__cxxabiv120__si_class_type_infoD0Ev
1081cac0   _ZN10__cxxabiv120__si_class_type_infoD1Ev
1081cac0   _ZN10__cxxabiv120__si_class_type_infoD2Ev
1081cae0   _ZN10__cxxabiv121__vmi_class_type_infoD0Ev
1081cb00   _ZN10__cxxabiv121__vmi_class_type_infoD1Ev
1081cb00   _ZN10__cxxabiv121__vmi_class_type_infoD2Ev
1081cb20   _ZNKSaIcE8max_sizeEv
1081cb40   _ZNKSo6sentrycvbEv
1081cb60   _ZNKSs4sizeEv
1081cb80   _ZNKSs5c_strEv
1081cba0   _ZNKSt11logic_error4whatEv
1081cbc0   _ZNKSt11logic_error8_DoraiseEv
1081cbe0   _ZNKSt12codecvt_base11do_encodingEv
1081cc00   _ZNKSt12codecvt_base13do_max_lengthEv
1081cc20   _ZNKSt12codecvt_base16do_always_noconvEv
1081cc40   _ZNKSt12length_error8_DoraiseEv
1081cc60   _ZNKSt12out_of_range8_DoraiseEv
1081cc80   _ZNKSt13_Complex_baseIfSt16_C_float_complexE4imagEv
1081cca0   _ZNKSt13_Complex_baseIfSt16_C_float_complexE4realEv
1081ccc0   _ZNKSt13runtime_error4whatEv
1081cce0   _ZNKSt13runtime_error8_DoraiseEv
1081cd00   _ZNKSt19ostreambuf_iteratorIcSt11char_traitsIcEE6failedEv
1081cd20   _ZNKSt5ctypeIcE8do_widenEc
1081cd40   _ZNKSt5ctypeIcE9do_narrowEcc
1081cd60   _ZNKSt5ctypeIwE2isEsw
1081cd80   _ZNKSt5ctypeIwE5widenEc
1081cda0   _ZNKSt5ctypeIwE6narrowEwc
1081cdc0   _ZNKSt7codecvtIcciE10do_unshiftERiPcS2_RS2_
1081cde0   _ZNKSt7codecvtIcciE5do_inERiPKcS3_RS3_PcS5_RS5_
1081ce00   _ZNKSt7codecvtIcciE6do_outERiPKcS3_RS3_PcS5_RS5_
1081ce20   _ZNKSt7codecvtIcciE9do_lengthERKiPKcS4_j
1081ce40   _ZNKSt7codecvtIwciE11do_encodingEv
1081ce60   _ZNKSt7codecvtIwciE13do_max_lengthEv
1081ce80   _ZNKSt7codecvtIwciE16do_always_noconvEv
1081cea0   _ZNKSt8_Locinfo8_GettrueEv
1081cec0   _ZNKSt8_Locinfo9_GetfalseEv
1081cee0   _ZNKSt8_Locinfo9_GetlconvEv
1081cf00   _ZNKSt8ios_base4failEv
1081cf20   _ZNKSt8ios_base4goodEv
1081cf40   _ZNKSt8ios_base5flagsEv
1081cf60   _ZNKSt8ios_base5widthEv
1081cf80   _ZNKSt8ios_base6getlocEv
1081cfa0   _ZNKSt8ios_base7failure8_DoraiseEv
1081cfc0   _ZNKSt8ios_base7rdstateEv
1081cfe0   _ZNKSt8ios_base9precisionEv
1081d000   _ZNKSt8numpunctIcE11do_groupingEv
1081d020   _ZNKSt8numpunctIcE11do_truenameEv
1081d040   _ZNKSt8numpunctIcE12do_falsenameEv
1081d060   _ZNKSt8numpunctIcE13decimal_pointEv
1081d080   _ZNKSt8numpunctIcE13thousands_sepEv
1081d0a0   _ZNKSt8numpunctIcE16do_decimal_pointEv
1081d0c0   _ZNKSt8numpunctIcE16do_thousands_sepEv
1081d0e0   _ZNKSt9basic_iosIcSt11char_traitsIcEE3tieEv
1081d100   _ZNKSt9basic_iosIcSt11char_traitsIcEE4fillEv
1081d120   _ZNKSt9basic_iosIcSt11char_traitsIcEE5rdbufEv
1081d140   _ZNKSt9exception4whatEv
1081d160   _ZNKSt9exception8_DoraiseEv
1081d180   _ZNSaIcE10deallocateEPcj
1081d1a0   _ZNSaIcE8allocateEj
1081d1c0   _ZNSaIcEC1ERKS_
1081d1e0   _ZNSaIcEC1Ev
1081d200   _ZNSo12_Sentry_baseC2ERSo
1081d220   _ZNSo12_Sentry_baseD2Ev
1081d240   _ZNSo6sentryD1Ev
1081d260   _ZNSolsEPFRSoS_E
1081d280   _ZNSs6assignERKSs
1081d2a0   _ZNSsD1Ev
1081d2c0   _ZNSsixEj
1081d2e0   _ZNSt10ctype_baseC2Ej
1081d300   _ZNSt10ctype_baseD0Ev
1081d320   _ZNSt10ctype_baseD1Ev
1081d340   _ZNSt10ctype_baseD2Ev
1081d360   _ZNSt11_String_valIcSaIcEEC1ES0_
1081d380   _ZNSt11_String_valIcSaIcEEC2ES0_
1081d3a0   _ZNSt11char_traitsIcE11eq_int_typeERKiS2_
1081d3c0   _ZNSt11char_traitsIcE11to_int_typeERKc
1081d3e0   _ZNSt11char_traitsIcE3eofEv
1081d400   _ZNSt11char_traitsIcE4copyEPcPKcj
1081d420   _ZNSt11char_traitsIcE4moveEPcPKcj
1081d440   _ZNSt11char_traitsIcE6assignERcRKc
1081d460   _ZNSt11char_traitsIcE6lengthEPKc
1081d480   _ZNSt12codecvt_baseD0Ev
1081d4a0   _ZNSt12codecvt_baseD1Ev
1081d4c0   _ZNSt13_Complex_baseIfSt16_C_float_complexE4imagERKf
1081d4e0   _ZNSt13_Complex_baseIfSt16_C_float_complexE4realERKf
1081d500   _ZNSt13_Complex_baseIfSt16_C_float_complexEC2ERKfS3_
1081d520   _ZNSt15basic_streambufIcSt11char_traitsIcEE4syncEv
1081d540   _ZNSt15basic_streambufIcSt11char_traitsIcEE5_LockEv
1081d560   _ZNSt15basic_streambufIcSt11char_traitsIcEE5imbueERKSt6locale
1081d580   _ZNSt15basic_streambufIcSt11char_traitsIcEE6_PnincEv
1081d5a0   _ZNSt15basic_streambufIcSt11char_traitsIcEE6setbufEPci
1081d5c0   _ZNSt15basic_streambufIcSt11char_traitsIcEE7_UnlockEv
1081d5e0   _ZNSt15basic_streambufIcSt11char_traitsIcEE7pubsyncEv
1081d600   _ZNSt15basic_streambufIcSt11char_traitsIcEE8overflowEi
1081d620   _ZNSt15basic_streambufIcSt11char_traitsIcEE9pbackfailEi
1081d640   _ZNSt15basic_streambufIcSt11char_traitsIcEE9showmanycEv
1081d660   _ZNSt15basic_streambufIcSt11char_traitsIcEE9underflowEv
1081d680   _ZNSt15basic_streambufIwSt11char_traitsIwEE4syncEv
1081d6a0   _ZNSt15basic_streambufIwSt11char_traitsIwEE5_LockEv
1081d6c0   _ZNSt15basic_streambufIwSt11char_traitsIwEE5imbueERKSt6locale
1081d6e0   _ZNSt15basic_streambufIwSt11char_traitsIwEE6setbufEPwi
1081d700   _ZNSt15basic_streambufIwSt11char_traitsIwEE7_UnlockEv
1081d720   _ZNSt15basic_streambufIwSt11char_traitsIwEE8overflowEj
1081d740   _ZNSt15basic_streambufIwSt11char_traitsIwEE9pbackfailEj
1081d760   _ZNSt15basic_streambufIwSt11char_traitsIwEE9showmanycEv
1081d780   _ZNSt15basic_streambufIwSt11char_traitsIwEE9underflowEv
1081d7a0   _ZNSt19ostreambuf_iteratorIcSt11char_traitsIcEEdeEv
1081d7c0   _ZNSt19ostreambuf_iteratorIcSt11char_traitsIcEEppEv
1081d7e0   _ZNSt5ctypeIcE5_InitERKSt8_Locinfo
1081d800   _ZNSt5ctypeIcED0Ev
1081d820   _ZNSt6locale2idC1Ej
1081d840   _ZNSt6locale5facetC2Ej
1081d860   _ZNSt6locale5facetD0Ev
1081d880   _ZNSt6locale5facetD1Ev
1081d8a0   _ZNSt6locale5facetD2Ev
1081d8c0   _ZNSt7_LockitC1Ei
1081d8e0   _ZNSt7_LockitD1Ev
1081d900   _ZNSt7codecvtIcciED0Ev
1081d920   _ZNSt7codecvtIcciED1Ev
1081d940   _ZNSt7codecvtIwciED0Ev
1081d960   _ZNSt7codecvtIwciED1Ev
1081d980   _ZNSt7complexIfEC1ERKS0_
1081d9a0   _ZNSt7complexIfEC1ERKfS2_
1081d9c0   _ZNSt7complexIfEdVIfEERS0_RKS_IT_E
1081d9e0   _ZNSt7complexIfEmIIfEERS0_RKS_IT_E
1081da00   _ZNSt7complexIfEmLIfEERS0_RKS_IT_E
1081da20   _ZNSt7complexIfEpLIfEERS0_RKS_IT_E
1081da40   _ZNSt7num_putIcSt19ostreambuf_iteratorIcSt11char_traitsIcEEE5_InitERKSt8_Locinfo
1081da60   _ZNSt7num_putIcSt19ostreambuf_iteratorIcSt11char_traitsIcEEED0Ev
1081da80   _ZNSt7num_putIcSt19ostreambuf_iteratorIcSt11char_traitsIcEEED1Ev
1081daa0   _ZNSt8_CtraitsIfE4sqrtEf
1081dac0   _ZNSt8_CtraitsIfE5_InfvEf
1081dae0   _ZNSt8_CtraitsIfE5_NanvEf
1081db00   _ZNSt8_CtraitsIfE5ldexpEfi
1081db20   _ZNSt8_CtraitsIfE6_IsinfEf
1081db40   _ZNSt8_CtraitsIfE6_IsnanEf
1081db60   _ZNSt8numpunctIcED0Ev
1081db80   _ZNSt9basic_iosIcSt11char_traitsIcEED1Ev
1081dba0   _ZNSt9basic_iosIwSt11char_traitsIwEED1Ev
1081dbc0   _ZNSt9exceptionD0Ev
1081dbe0   _ZNSt9exceptionD1Ev
1081dc00   _ZSt10_MaklocchrIcET_cPS0_RKSt7_Cvtvec
1081dc40   _ZSt4imagIfET_RKSt7complexIS0_E
1081dc60   _ZSt4realIfET_RKSt7complexIS0_E
1081dc80   _ZSt4sqrtf
1081dca0   _ZSt8_ToloweriPKSt9_Ctypevec
1081dcc0   _ZSt8_ToupperiPKSt9_Ctypevec
1081dce0   _ZSt9_AllocateIcEPT_jS1_
1081dd00   _ZStanNSt5_IosbIiE9_FmtflagsES1_
1081dd20   _ZdaPv
1081dd20   _ZdlPv
1081dd40   _ZnwjPv
1081dd60   __c6xabi_errno_addr
1081dd80   __c6xabi_negll
1081dda0   __c6xabi_truncf
1081ddc0   __cxa_atexit
1081dde0   __cxa_guard_acquire
1081de00   __cxa_guard_release
1081de20   __cxa_ia64_exit
1081de40   __memzero
1081de60   _nop
1081dee0   C$$EXIT
1081dee0   abort
1081df00   atexit
1081df20   __TI_decompress_none
1081df40   __TI_decompress_rle24
1081df60   fgetwc
1081df80   fputwc
1081dfa0   fsetpos
1081dfc0   localeconv
1081dfe0   tolower
1081e000   toupper
1081e020   wctomb
1081e600   _ctypes_
1081e81c   _ZNSs4nposE
1081e820   _ZTVSt13basic_filebufIcSt11char_traitsIcEE
1081e868   _ZTVSt13basic_filebufIwSt11char_traitsIwEE
1081e8b0   _ZTVSt15basic_streambufIcSt11char_traitsIcEE
1081e8f8   _ZTVSt15basic_streambufIwSt11char_traitsIwEE
1081e940   _ZTVSt5ctypeIwE
1081e980   _ZTSSt7num_putIcSt19ostreambuf_iteratorIcSt11char_traitsIcEEE
1081e9f0   _ZTVSi
1081ea18   _ZTTSi
1081ea20   _ZTVSo
1081ea48   _ZTTSo
1081ea50   _ZTVSt13basic_istreamIwSt11char_traitsIwEE
1081ea78   _ZTTSt13basic_istreamIwSt11char_traitsIwEE
1081ea80   _ZTVSt13basic_ostreamIwSt11char_traitsIwEE
1081eaa8   _ZTTSt13basic_ostreamIwSt11char_traitsIwEE
1081eab0   _ZTVSt5ctypeIcE
1081eae0   _ZTVSt7num_putIcSt19ostreambuf_iteratorIcSt11char_traitsIcEEE
1081eb10   _ZTVSt7codecvtIcciE
1081eb3c   _ZZSt5_FabsIfET_RKSt7complexIS0_EPiE16_Oneplusroot2low
1081eb40   _ZTVSt7codecvtIwciE
1081eb6c   _ZZSt5_FabsIfET_RKSt7complexIS0_EPiE17_Oneplusroot2high
1081eb70   _ZTSSt15basic_streambufIcSt11char_traitsIcEE
1081eb9c   _ZZSt5_FabsIfET_RKSt7complexIS0_EPiE6_Root2
1081eba0   _ZTSSt15basic_streambufIwSt11char_traitsIwEE
1081ebf4   _ZSt7_BADOFF
1081ebf8   _ZTSSt13basic_filebufIcSt11char_traitsIcEE
1081ec20   _ZTSSt13basic_filebufIwSt11char_traitsIwEE
1081ec48   _ZTSSt13basic_istreamIwSt11char_traitsIwEE
1081ec70   _ZTSSt13basic_ostreamIwSt11char_traitsIwEE
1081ec98   _ZTSN10__cxxabiv121__vmi_class_type_infoE
1081ecc0   _ZTSN10__cxxabiv120__si_class_type_infoE
1081ece8   _ZTVSt8numpunctIcE
1081ed30   _ZTSN10__cxxabiv117__class_type_infoE
1081ed58   _ZTSSt9basic_iosIcSt11char_traitsIcEE
1081ed80   _ZTSSt9basic_iosIwSt11char_traitsIwEE
1081edc8   _ZTVSt12codecvt_base
1081ede4   _ZTISi
1081edfc   _ZTISo
1081ee14   _ZTISt13basic_istreamIwSt11char_traitsIwEE
1081ee2c   _ZTISt13basic_ostreamIwSt11char_traitsIwEE
1081ee48   _ZTVNSt8ios_base7failureE
1081ee60   _ZTVSt11logic_error
1081ee78   _ZTVSt12length_error
1081ee90   _ZTVSt12out_of_range
1081eea8   _ZTVSt13runtime_error
1081eec0   _ZTVSt9exception
1081eed8   _ZTSNSt8ios_base7failureE
1081ef08   _ZTSNSt6locale7_LocimpE
1081ef30   _ZTSNSt6locale5facetE
1081ef48   _ZTSSt13runtime_error
1081ef60   _ZTSSt12codecvt_base
1081ef78   _ZTSSt12length_error
1081ef90   _ZTSSt12out_of_range
1081efa8   _ZTSSt11logic_error
1081efb8   _ZTSSt7codecvtIcciE
1081efc8   _ZTSSt7codecvtIwciE
1081efd8   _ZTVN10__cxxabiv117__class_type_infoE
1081efe8   _ZTVN10__cxxabiv120__si_class_type_infoE
1081eff8   _ZTVN10__cxxabiv121__vmi_class_type_infoE
1081f008   _ZTVNSt6locale5facetE
1081f018   _ZTVNSt6locale7_LocimpE
1081f028   _ZTVSt10ctype_base
1081f038   _ZTVSt8ios_base
1081f048   _ZTVSt9basic_iosIcSt11char_traitsIcEE
1081f058   _ZTVSt9basic_iosIwSt11char_traitsIwEE
1081f068   _ZTSSt10ctype_base
1081f078   _ZTSSt8numpunctIcE
1081f088   _ZTSSt9exception
1081f098   _ZTSSt9type_info
1081f0a8   _ZTSSt5_IosbIiE
1081f0b8   _ZTSSt5ctypeIcE
1081f0c8   _ZTSSt5ctypeIwE
1081f0d8   _ZTSSt8ios_base
1081f0e4   _ZTIN10__cxxabiv117__class_type_infoE
1081f0f0   _ZTIN10__cxxabiv120__si_class_type_infoE
1081f0fc   _ZTIN10__cxxabiv121__vmi_class_type_infoE
1081f108   _ZTINSt6locale7_LocimpE
1081f114   _ZTINSt8ios_base7failureE
1081f120   _ZTISt10ctype_base
1081f12c   _ZTISt11logic_error
1081f138   _ZTISt12codecvt_base
1081f144   _ZTISt12length_error
1081f150   _ZTISt12out_of_range
1081f15c   _ZTISt13basic_filebufIcSt11char_traitsIcEE
1081f168   _ZTISt13basic_filebufIwSt11char_traitsIwEE
1081f174   _ZTISt13runtime_error
1081f180   _ZTISt5ctypeIcE
1081f18c   _ZTISt5ctypeIwE
1081f198   _ZTISt7codecvtIcciE
1081f1a4   _ZTISt7codecvtIwciE
1081f1b0   _ZTISt7num_putIcSt19ostreambuf_iteratorIcSt11char_traitsIcEEE
1081f1bc   _ZTISt8ios_base
1081f1c8   _ZTISt8numpunctIcE
1081f1d4   _ZTISt9basic_iosIcSt11char_traitsIcEE
1081f1e0   _ZTISt9basic_iosIwSt11char_traitsIwEE
1081f1f8   _ZTINSt6locale5facetE
1081f200   _ZTISt15basic_streambufIcSt11char_traitsIcEE
1081f208   _ZTISt15basic_streambufIwSt11char_traitsIwEE
1081f210   _ZTISt5_IosbIiE
1081f218   _ZTISt9exception
1081f220   _ZTISt9type_info
1081f230   _ZZNKSt8_Locinfo9_GetfalseEvEs
1081f238   _ZZNKSt8_Locinfo8_GettrueEvEs
1081f240   _ZTSSi
1081f248   _ZTSSo
1081f250   _ZZNKSt7num_putIcSt19ostreambuf_iteratorIcSt11char_traitsIcEEE6do_putES3_RSt8ios_basecPKvEs
1081f258   _ZZNKSt7num_putIcSt19ostreambuf_iteratorIcSt11char_traitsIcEEE6do_putES3_RSt8ios_baseclEs
1081f260   _ZZNKSt7num_putIcSt19ostreambuf_iteratorIcSt11char_traitsIcEEE6do_putES3_RSt8ios_basecmEs
1081f268   _ZZNKSt7num_putIcSt19ostreambuf_iteratorIcSt11char_traitsIcEEE6do_putES3_RSt8ios_basecxEs
1081f270   _ZZNKSt7num_putIcSt19ostreambuf_iteratorIcSt11char_traitsIcEEE6do_putES3_RSt8ios_basecyEs
1081f278   _ZZNKSt7num_putIcSt19ostreambuf_iteratorIcSt11char_traitsIcEEE5_FputES3_RSt8ios_basecPKcjjjjEs
1081f280   _ZZNKSt7num_putIcSt19ostreambuf_iteratorIcSt11char_traitsIcEEE5_FputES3_RSt8ios_basecPKcjjjjEs_0
1081f288   _ftable
1081f580   _FDenorm
1081f590   _FEps
1081f5a0   _FInf
1081f5b0   _FNan
1081f5c0   _FSnan
1081f5d0   _FRteps
1081f5e0   _FXbig
1081f5e4   _FZero
1081f62c   C_locale
1081f6a8   _ZNSt6locale2id7_Id_cntE
1081f6ac   _ZNSt6locale7_Locimp8_ClocptrE
1081f6bc   _ZNSt9_FacetptrISt5ctypeIcEE6_PsaveE
1081f6cc   _cleanup_ptr
1081f6d0   _dtors_ptr
1081f6d4   __TI_enable_exit_profile_output
1081f6d8   _ZNSt8ios_base6_IndexE
1081f6dc   _ZNSt8ios_base5_SyncE
1081f6e0   _ZSt4_Fpz
1081f6fc   _lock
1081f700   _unlock
1081f704   _ZNSt9_FacetptrISt5ctypeIwEE6_PsaveE
1081f70c   _ZNSt9_FacetptrISt7codecvtIcciEE6_PsaveE
1081f710   _ZNSt9_FacetptrISt7codecvtIwciEE6_PsaveE
1081f714   _ZNSt9_FacetptrISt7num_putIcSt19ostreambuf_iteratorIcSt11char_traitsIcEEEE6_PsaveE
1081f718   _ZNSt9_FacetptrISt8numpunctIcEE6_PsaveE
1081f71c   _ft_end
1081f724   __errno
1081f724   errno
1081f728   _ZNSt8ios_base4Init9_Init_cntE
1081f72c   _ZSt14_Raise_handler
1081f734   _new_handler
1081f738   _ZNSt6_Winit9_Init_cntE
1081f740   __CIOBUF_
1081f860   __TI_INITARRAY_Base
1081f8ac   _ZGVNSt7num_putIcSt19ostreambuf_iteratorIcSt11char_traitsIcEEE2idE
1081f8ac   __TI_INITARRAY_Limit
1081f8ac   __TI_STATIC_BASE
1081f8b0   _ZGVNSt8numpunctIcE2idE
1081f8b4   dynamicMemory
1081f8b8   __dso_handle
1081f8cc   g_nUsers
1081f8ce   g_nTransmit
1081f8d0   g_nReceive
1081f8d2   g_nSchedBlocks
1081fa38   __TI_Handler_Table_Base
1081fa44   __TI_Handler_Table_Limit
1081fa5c   __TI_CINIT_Base
1081fa84   __TI_CINIT_Limit
80000000   globalChannelMatrix
ffffffff   __TI_pprof_out_hndl
ffffffff   __TI_prof_data_size
ffffffff   __TI_prof_data_start
ffffffff   __binit__
ffffffff   __c_args__
ffffffff   binit
UNDEFED    __TI_TLS_INIT_Base
UNDEFED    __TI_TLS_INIT_Limit

[820 symbols]
