******************************************************************************
               TMS320C6x Linker Unix v7.6.0                    
******************************************************************************
>> Linked Tue Jun 24 11:40:44 2014

OUTPUT FILE NAME:   <schedulerTIKernel.out>
ENTRY POINT SYMBOL: "_c_int00"  address: 0081fbc0


MEMORY CONFIGURATION

         name            origin    length      used     unused   attr    fill
----------------------  --------  ---------  --------  --------  ----  --------
  L2SRAM                00800000   00100000  00030d42  000cf2be  RW X
  MSMCSRAM              0c000000   00200000  0010c7f0  000f3810  RW X
  DDR3                  80000000   20000000  00000000  20000000  RWIX


SEGMENT ALLOCATION MAP

run origin  load origin   length   init length attrs members
----------  ----------- ---------- ----------- ----- -------
00800000    00800000    0002b31a   0002b31a    r-x
  00800000    00800000    00027be0   00027be0    r-x .text
  00827be0    00827be0    0000373a   0000373a    r-- .const
0082b320    0082b320    000050a0   00000000    rw-
  0082b320    0082b320    0000234c   00000000    rw- .far
  0082d670    0082d670    00002000   00000000    rw- .stack
  0082f670    0082f670    00000c2c   00000000    rw- .fardata
  008302a0    008302a0    00000120   00000000    rw- .cio
008303c0    008303c0    00000010   00000010    r--
  008303c0    008303c0    00000010   00000010    r-- .switch
00830400    00830400    00000248   00000248    r-x
  00830400    00830400    00000200   00000200    r-x .vecs
  00830600    00830600    00000048   00000048    r-- .init_array
00830648    00830648    00000024   00000000    rw-
  00830648    00830648    00000018   00000000    rw- .bss
  00830660    00830660    0000000c   00000000    rw- .neardata
0083066c    0083066c    00000024   00000000    r--
  0083066c    0083066c    00000024   00000000    r-- .rodata
00830690    00830690    000006f0   000006f0    r--
  00830690    00830690    000006f0   000006f0    r-- .cinit
0c000000    0c000000    0010c7f0   00000000    rw-
  0c000000    0c000000    000ffff0   00000000    rw- .heapMem
  0c0ffff0    0c0ffff0    0000c800   00000000    rw- .bigMem


SECTION ALLOCATION MAP

 output                                  attributes/
section   page    origin      length       input sections
--------  ----  ----------  ----------   ----------------
.far       0    0082b320    0000234c     UNINITIALIZED
                  0082b320    00001800     scheduler_pe66.oe66 (.far:taskStackSection)
                  0082cb20    00000400     scheduler_pe66.oe66 (.far)
                  0082cf20    000001d8     rts6600_elf.lib : wiostrea.obj (.far)
                  0082d0f8    000001d4                     : iostream.obj (.far)
                  0082d2cc    00000192     globalDeclarations.obj (.far)
                  0082d45e    00000002     blasFunctions.obj (.far)
                  0082d460    00000140     (.common:__TI_tmpnams)
                  0082d5a0    0000000c     rts6600_elf.lib : locale0.obj (.far)
                  0082d5ac    00000004                     : wlocale.obj (.far:_ZNSt10moneypunctIwLb0EE2idE)
                  0082d5b0    00000008     (.common:parmbuf)
                  0082d5b8    00000008                     : wlocale.obj (.far:_ZGVNSt10moneypunctIwLb0EE2idE)
                  0082d5c0    00000008                     : wlocale.obj (.far:_ZGVNSt10moneypunctIwLb1EE2idE)
                  0082d5c8    00000008                     : iostream.obj (.far:_ZGVNSt7codecvtIcciE2idE)
                  0082d5d0    00000008                     : wlocale.obj (.far:_ZGVNSt7collateIwE2idE)
                  0082d5d8    00000008                     : wlocale.obj (.far:_ZGVNSt7num_getIwSt19istreambuf_iteratorIwSt11char_traitsIwEEE2idE)
                  0082d5e0    00000008                     : wlocale.obj (.far:_ZGVNSt7num_putIwSt19ostreambuf_iteratorIwSt11char_traitsIwEEE2idE)
                  0082d5e8    00000008                     : wlocale.obj (.far:_ZGVNSt8messagesIwE2idE)
                  0082d5f0    00000008                     : wlocale.obj (.far:_ZGVNSt8numpunctIwE2idE)
                  0082d5f8    00000008                     : wlocale.obj (.far:_ZGVNSt8time_getIwSt19istreambuf_iteratorIwSt11char_traitsIwEEE2idE)
                  0082d600    00000008                     : wlocale.obj (.far:_ZGVNSt9money_getIwSt19istreambuf_iteratorIwSt11char_traitsIwEEE2idE)
                  0082d608    00000008                     : wlocale.obj (.far:_ZGVNSt9money_putIwSt19ostreambuf_iteratorIwSt11char_traitsIwEEE2idE)
                  0082d610    00000004                     : wlocale.obj (.far:_ZNSt10moneypunctIwLb1EE2idE)
                  0082d614    00000004                     : iostream.obj (.far:_ZNSt13basic_filebufIcSt11char_traitsIcEE7_StinitE)
                  0082d618    00000004                     : wiostrea.obj (.far:_ZNSt13basic_filebufIwSt11char_traitsIwEE7_StinitE)
                  0082d61c    00000004                     : iostream.obj (.far:_ZNSt4fposIiE4_StzE)
                  0082d620    00000004                     : iostream.obj (.far:_ZNSt7codecvtIcciE2idE)
                  0082d624    00000004                     : wlocale.obj (.far:_ZNSt7collateIwE2idE)
                  0082d628    00000004                     : wlocale.obj (.far:_ZNSt7num_getIwSt19istreambuf_iteratorIwSt11char_traitsIwEEE2idE)
                  0082d62c    00000004     dynamicMemory.obj (.far:_ZNSt7num_putIcSt19ostreambuf_iteratorIcSt11char_traitsIcEEE2idE)
                  0082d630    00000004     rts6600_elf.lib : wlocale.obj (.far:_ZNSt7num_putIwSt19ostreambuf_iteratorIwSt11char_traitsIwEEE2idE)
                  0082d634    00000004                     : wlocale.obj (.far:_ZNSt8messagesIwE2idE)
                  0082d638    00000004     dynamicMemory.obj (.far:_ZNSt8numpunctIcE2idE)
                  0082d63c    00000004     rts6600_elf.lib : wlocale.obj (.far:_ZNSt8numpunctIwE2idE)
                  0082d640    00000004                     : wlocale.obj (.far:_ZNSt8time_getIwSt19istreambuf_iteratorIwSt11char_traitsIwEEE2idE)
                  0082d644    00000004                     : wlocale.obj (.far:_ZNSt8time_putIwSt19ostreambuf_iteratorIwSt11char_traitsIwEEE2idE)
                  0082d648    00000004                     : wlocale.obj (.far:_ZNSt9money_getIwSt19istreambuf_iteratorIwSt11char_traitsIwEEE2idE)
                  0082d64c    00000004                     : wlocale.obj (.far:_ZNSt9money_putIwSt19ostreambuf_iteratorIwSt11char_traitsIwEEE2idE)
                  0082d650    00000004                     : wlocale.obj (.far)
                  0082d654    00000002     displayFunctions.obj (.far)
                  0082d656    00000002     dynamicMemory.obj (.far)
                  0082d658    00000002     frameworkFunctions.obj (.far)
                  0082d65a    00000002     greedyScheduling.obj (.far)
                  0082d65c    00000002     lapackFunctions.obj (.far)
                  0082d65e    00000002     lteSystem.obj (.far)
                  0082d660    00000002     memoryManagement.obj (.far)
                  0082d662    00000002     pipdScheduling.obj (.far)
                  0082d664    00000002     randomScheduling.obj (.far)
                  0082d666    00000002     schedulingAlgorithms.obj (.far)
                  0082d668    00000002     succprojScheduling.obj (.far)
                  0082d66a    00000002     supportingFunctions.obj (.far)

.stack     0    0082d670    00002000     UNINITIALIZED
                  0082d670    00000008     boot.ae66 : boot.oe66 (.stack)
                  0082d678    00001ff8     --HOLE--

.cio       0    008302a0    00000120     UNINITIALIZED
                  008302a0    00000120     rts6600_elf.lib : trgmsg.obj (.cio)

.vecs      0    00830400    00000200     
                  00830400    00000200     scheduler_pe66.oe66 (.vecs)

.bss       0    00830648    00000018     UNINITIALIZED
                  00830648    00000008     dynamicMemory.obj (.bss:_ZGVNSt7num_putIcSt19ostreambuf_iteratorIcSt11char_traitsIcEEE2idE)
                  00830650    00000008     dynamicMemory.obj (.bss:_ZGVNSt8numpunctIcE2idE)
                  00830658    00000004     globalDeclarations.obj (.bss)
                  0083065c    00000004     (.common:__dso_handle)

.neardata 
*          0    00830660    0000000c     UNINITIALIZED
                  00830660    00000008     lteSystem.obj (.neardata)
                  00830668    00000004     sysMainLTE.obj (.neardata)

.rodata    0    0083066c    00000024     UNINITIALIZED
                  0083066c    00000024     scheduler_pe66.oe66 (.rodata)

.cinit     0    00830690    000006f0     
                  00830690    00000650     (.cinit..fardata.load) [load image, compression = rle]
                  00830ce0    0000002a     (.cinit..rodata.load) [load image, compression = rle]
                  00830d0a    00000002     --HOLE-- [fill = 0]
                  00830d0c    00000010     (.cinit..neardata.load) [load image, compression = rle]
                  00830d1c    0000000c     (__TI_handler_table)
                  00830d28    00000008     (.cinit..bigMem.load) [load image, compression = zero_init]
                  00830d30    00000008     (.cinit..bss.load) [load image, compression = zero_init]
                  00830d38    00000008     (.cinit..far.load) [load image, compression = zero_init]
                  00830d40    00000008     (.cinit..heapMem.load) [load image, compression = zero_init]
                  00830d48    00000038     (__TI_cinit_table)

.init_array 
*          0    00830600    00000048     
                  00830600    00000004     blasFunctions.obj (.init_array)
                  00830604    00000004     displayFunctions.obj (.init_array)
                  00830608    00000004     dynamicMemory.obj (.init_array)
                  0083060c    00000004     frameworkFunctions.obj (.init_array)
                  00830610    00000004     globalDeclarations.obj (.init_array)
                  00830614    00000004     greedyScheduling.obj (.init_array)
                  00830618    00000004     lapackFunctions.obj (.init_array)
                  0083061c    00000004     lteSystem.obj (.init_array)
                  00830620    00000004     memoryManagement.obj (.init_array)
                  00830624    00000004     pipdScheduling.obj (.init_array)
                  00830628    00000004     randomScheduling.obj (.init_array)
                  0083062c    00000004     rts6600_elf.lib : iostream.obj (.init_array)
                  00830630    00000004                     : locale0.obj (.init_array)
                  00830634    00000004                     : wiostrea.obj (.init_array)
                  00830638    00000004                     : wlocale.obj (.init_array)
                  0083063c    00000004     schedulingAlgorithms.obj (.init_array)
                  00830640    00000004     succprojScheduling.obj (.init_array)
                  00830644    00000004     supportingFunctions.obj (.init_array)

.heapMem   0    0c000000    000ffff0     UNINITIALIZED
                  0c000000    000ffff0     scheduler_pe66.oe66 (.heapMem)

.bigMem    0    0c0ffff0    0000c800     UNINITIALIZED
                  0c0ffff0    0000c800     globalDeclarations.obj (.bigMem)

xdc.meta   0    00800000    000000f0     COPY SECTION
                  00800000    000000f0     scheduler_pe66.oe66 (xdc.meta)

.text      0    00800000    00027be0     
                  00800000    000015c0     dynamicMemory.obj (.text)
                  008015c0    000014c0     blasFunctions.obj (.text)
                  00802a80    00000dc0     lapackFunctions.obj (.text)
                  00803840    00000a00     frameworkFunctions.obj (.text)
                  00804240    000008e0     rts6600_elf.lib : wiostrea.obj (.text:_ZNSt6_WinitC1Ev)
                  00804b20    000008a0     ti.targets.rts6000.ae66 : System.oe66 (.text:xdc_runtime_System_doPrint__I)
                  008053c0    000007c0     pipdScheduling.obj (.text)
                  00805b80    000007a0     rts6600_elf.lib : iostream.obj (.text:_ZNSt8ios_base4InitC1Ev)
                  00806320    00000780     succprojScheduling.obj (.text)
                  00806aa0    00000780     sysbios.ae66 : BIOS.obj (.text:ti_sysbios_family_c64p_Exception_handler__I)
                  00807220    00000740                  : BIOS.obj (.text:ti_sysbios_knl_Semaphore_pend__E)
                  00807960    000006a0                  : BIOS.obj (.text:ti_sysbios_timers_timer64_Timer_Module_startup__E)
                  00808000    00000680     rts6600_elf.lib : powf.obj (.text:powf)
                  00808680    00000660     sysbios.ae66 : BIOS.obj (.text:ti_sysbios_heaps_HeapMem_alloc__E)
                  00808ce0    00000620     rts6600_elf.lib : iostream.obj (.text:_ZNSt13basic_filebufIcSt11char_traitsIcEE8overflowEi)
                  00809300    00000600                     : wiostrea.obj (.text:_ZNSt13basic_filebufIwSt11char_traitsIwEE8overflowEj)
                  00809900    00000600                     : divd.obj (.text:__c6xabi_divd)
                  00809f00    000005e0                     : wiostrea.obj (.text:_ZNSt13basic_filebufIwSt11char_traitsIwEE5uflowEv)
                  0080a4e0    000005e0     sysbios.ae66 : BIOS.obj (.text:ti_sysbios_heaps_HeapMem_free__E)
                  0080aac0    000005c0     rts6600_elf.lib : iostream.obj (.text:_ZNSt13basic_filebufIcSt11char_traitsIcEE5uflowEv)
                  0080b080    000005a0     displayFunctions.obj (.text)
                  0080b620    00000580     dynamicMemory.obj (.text:_ZNKSt7num_putIcSt19ostreambuf_iteratorIcSt11char_traitsIcEEE5_FputES3_RSt8ios_basecPKcjjjj)
                  0080bba0    00000580     rts6600_elf.lib : _printfi.obj (.text:_getarg_diouxp)
                  0080c120    00000540                     : _printfi.obj (.text:_setfield)
                  0080c660    00000540     supportingFunctions.obj (.text)
                  0080cba0    00000520     rts6600_elf.lib : wiostrea.obj (.text:_ZNSt13basic_filebufIwSt11char_traitsIwEE9_EndwriteEv)
                  0080d0c0    00000520                     : ios.obj (.text:_ZNSt8ios_base5clearENSt5_IosbIiE8_IostateEb)
                  0080d5e0    00000500                     : iostream.obj (.text:_ZNSt13basic_filebufIcSt11char_traitsIcEE9_EndwriteEv)
                  0080dae0    00000500                     : wlocale.obj (.text:__sti___11_wlocale_cpp_3b9bd5f7)
                  0080dfe0    000004a0                     : fwrite.obj (.text:fwrite)
                  0080e480    00000460                     : _printfi.obj (.text:__TI_printfi)
                  0080e8e0    000003e0     greedyScheduling.obj (.text)
                  0080ecc0    000003a0     rts6600_elf.lib : fputs.obj (.text:fputs)
                  0080f060    00000320                     : _printfi.obj (.text:_pproc_fge)
                  0080f380    00000300     frameworkFunctions.obj (.text:_ZStlsISt11char_traitsIcEERSt13basic_ostreamIcT_ES5_PKc)
                  0080f680    000002e0     sysbios.ae66 : BIOS.obj (.text:ti_sysbios_heaps_HeapMem_Instance_init__E)
                  0080f960    000002e0                  : BIOS.obj (.text:ti_sysbios_knl_Task_Module_startup__E)
                  0080fc40    000002e0                  : BIOS.obj (.text:ti_sysbios_timers_timer64_Timer_deviceConfig__I)
                  0080ff20    000002c0     dynamicMemory.obj (.text:_ZNKSt7num_putIcSt19ostreambuf_iteratorIcSt11char_traitsIcEEE5_IputES3_RSt8ios_basecPcj)
                  008101e0    000002c0     dynamicMemory.obj (.text:_ZNKSt7num_putIcSt19ostreambuf_iteratorIcSt11char_traitsIcEEE6do_putES3_RSt8ios_basecd)
                  008104a0    000002c0     dynamicMemory.obj (.text:_ZNKSt7num_putIcSt19ostreambuf_iteratorIcSt11char_traitsIcEEE6do_putES3_RSt8ios_basece)
                  00810760    000002a0     rts6600_elf.lib : _printfi.obj (.text:_pproc_fwp)
                  00810a00    000002a0                     : _printfi.obj (.text:ecvt)
                  00810ca0    000002a0                     : _printfi.obj (.text:fcvt)
                  00810f40    000002a0     sysbios.ae66 : BIOS.obj (.text:ti_sysbios_knl_Clock_workFunc__E)
                  008111e0    00000280     rts6600_elf.lib : wiostrea.obj (.text:_ZNSt6_WinitD1Ev)
                  00811460    00000280                     : divf.obj (.text:__c6xabi_divf)
                  008116e0    00000280                     : iostream.obj (.text:__sti___12_iostream_cpp_b004430c)
                  00811960    00000280     randomScheduling.obj (.text)
                  00811be0    00000260     lapackFunctions.obj (.text:_ZNSt13_Complex_baseIfSt16_C_float_complexE4_DivIfEEvRKSt7complexIT_E)
                  00811e40    00000260     pipdScheduling.obj (.text:_ZSt5_FabsIfET_RKSt7complexIS0_EPi)
                  008120a0    00000260     rts6600_elf.lib : _printfi.obj (.text:_pconv_e)
                  00812300    00000260     sysbios.ae66 : BIOS.obj (.text:ti_sysbios_family_c64p_Hwi_dispatchCore__I)
                  00812560    00000260     ti.targets.rts6000.ae66 : Startup.oe66 (.text:xdc_runtime_Startup_startMods__I)
                  008127c0    00000260     scheduler_pe66.oe66 (.text:xdc_runtime_System_printfExtend__I)
                  00812a20    00000240     rts6600_elf.lib : wiostrea.obj (.text:_ZNSt13basic_filebufIwSt11char_traitsIwEE5imbueERKSt6locale)
                  00812c60    00000240                     : imath64.obj (.text:__c6xabi_divull)
                  00812ea0    00000240                     : _printfi.obj (.text:_pproc_diouxp)
                  008130e0    00000240                     : _printfi.obj (.text:_pproc_str)
                  00813320    00000240                     : setvbuf.obj (.text:setvbuf)
                  00813560    00000240     sysbios.ae66 : BIOS.obj (.text:ti_sysbios_family_c64p_Exception_internalHandler__I)
                  008137a0    00000240                  : BIOS.obj (.text:ti_sysbios_knl_Semaphore_post__E)
                  008139e0    00000240     ti.targets.rts6000.ae66 : Core-mem.oe66 (.text:xdc_runtime_Core_createObject__I)
                  00813c20    00000240                             : LoggerBuf.oe66 (.text:xdc_runtime_LoggerBuf_write8__E)
                  00813e60    00000220     rts6600_elf.lib : wiostrea.obj (.text:__sti___12_wiostrea_cpp_9fa80e7a)
                  00814080    00000220                     : fputc.obj (.text:fputc)
                  008142a0    00000220     lteSystem.obj (.text)
                  008144c0    00000220     sysbios.ae66 : BIOS.obj (.text:ti_sysbios_knl_Swi_run__I)
                  008146e0    00000220                  : BIOS.obj (.text:ti_sysbios_timers_timer64_Timer_setPeriodMicroSecs__E)
                  00814900    00000200     rts6600_elf.lib : _printfi.obj (.text:_pconv_g)
                  00814b00    00000200     sysbios.ae66 : c64p_Hwi_disp_always.obj (.text:_ti_sysbios_family_c64p_Hwi_dispatchAlways)
                  00814d00    00000200     ti.targets.rts6000.ae66 : Error.oe66 (.text:xdc_runtime_Error_policyDefault__E)
                  00814f00    000001e0     dynamicMemory.obj (.text:_ZNKSt7num_putIcSt19ostreambuf_iteratorIcSt11char_traitsIcEEE6do_putES3_RSt8ios_basecb)
                  008150e0    000001e0     rts6600_elf.lib : imath40.obj (.text:__c6xabi_divul)
                  008152c0    000001e0     sysbios.ae66 : BIOS.obj (.text:ti_sysbios_timers_timer64_Timer_getFreq__E)
                  008154a0    000001c0     rts6600_elf.lib : trgdrv.obj (.text:HOSTrename)
                  00815660    000001c0                     : vec_newdel.obj (.text:_Z17array_new_generalPvijjS_PFYS_S_ES1_PFYS_jEPFYvS_Eii)
                  00815820    000001c0                     : iostream.obj (.text:_ZNSt13basic_filebufIcSt11char_traitsIcEE7seekoffElNSt5_IosbIiE8_SeekdirENS4_9_OpenmodeE)
                  008159e0    000001c0                     : wiostrea.obj (.text:_ZNSt13basic_filebufIwSt11char_traitsIwEE7seekoffElNSt5_IosbIiE8_SeekdirENS4_9_OpenmodeE)
                  00815ba0    000001c0                     : _printfi.obj (.text:_mcpy)
                  00815d60    000001c0     sysbios.ae66 : BIOS.obj (.text:ti_sysbios_knl_Task_checkStacks__E)
                  00815f20    000001c0     ti.targets.rts6000.ae66 : Text.oe66 (.text:xdc_runtime_Text_putSite__E)
                  008160e0    000001a0     rts6600_elf.lib : string.obj (.text:_ZNKSt12_String_base5_XranEv)
                  00816280    000001a0                     : iostream.obj (.text:_ZNSt13basic_filebufIcSt11char_traitsIcEE7seekposESt4fposIiENSt5_IosbIiE9_OpenmodeE)
                  00816420    000001a0                     : wiostrea.obj (.text:_ZNSt13basic_filebufIwSt11char_traitsIwEE7seekposESt4fposIiENSt5_IosbIiE9_OpenmodeE)
                  008165c0    000001a0                     : wiostrea.obj (.text:_ZNSt13basic_filebufIwSt11char_traitsIwEE9pbackfailEj)
                  00816760    000001a0                     : frexpf.obj (.text:frexpf)
                  00816900    000001a0     sysbios.ae66 : BIOS.obj (.text:ti_sysbios_gates_GateMutex_enter__E)
                  00816aa0    000001a0                  : BIOS.obj (.text:ti_sysbios_knl_Task_schedule__I)
                  00816c40    000001a0                  : BIOS.obj (.text:ti_sysbios_timers_timer64_Timer_start__E)
                  00816de0    000001a0     ti.targets.rts6000.ae66 : LoggerBuf.oe66 (.text:xdc_runtime_LoggerBuf_write4__E)
                  00816f80    00000180     rts6600_elf.lib : xlocinfo.obj (.text:_Getctyptab)
                  00817100    00000180                     : wiostrea.obj (.text:_ZNKSt5ctypeIwE10do_toupperEPwPKw)
                  00817280    00000180                     : wiostrea.obj (.text:_ZNKSt7codecvtIwciE5do_inERiPKcS3_RS3_PwS5_RS5_)
                  00817400    00000180                     : wiostrea.obj (.text:_ZNKSt7codecvtIwciE6do_outERiPKwS3_RS3_PcS5_RS5_)
                  00817580    00000180                     : iostream.obj (.text:_ZNSt13basic_filebufIcSt11char_traitsIcEE9pbackfailEi)
                  00817700    00000180                     : wiostrea.obj (.text:_ZSt9use_facetISt5ctypeIwEERKT_RKSt6locale)
                  00817880    00000180                     : ldexpf.obj (.text:ldexpf)
                  00817a00    00000180     memoryManagement.obj (.text)
                  00817b80    00000180     sysbios.ae66 : c64p_Exception_asm.obj (.text)
                  00817d00    00000180                  : BIOS.obj (.text:ti_sysbios_knl_Task_exit__E)
                  00817e80    00000180                  : BIOS.obj (.text:ti_sysbios_knl_Task_startCore__E)
                  00818000    00000180     ti.targets.rts6000.ae66 : Core-smem.oe66 (.text:xdc_runtime_Core_constructObject__I)
                  00818180    00000160     rts6600_elf.lib : iostream.obj (.text:_ZNSt13basic_filebufIcSt11char_traitsIcEED0Ev)
                  008182e0    00000160                     : wiostrea.obj (.text:_ZNSt13basic_filebufIwSt11char_traitsIwEED0Ev)
                  00818440    00000160                     : iostream.obj (.text:_ZNSt9basic_iosIcSt11char_traitsIcEE4initEPSt15basic_streambufIcS1_Eb)
                  008185a0    00000160                     : wiostrea.obj (.text:_ZNSt9basic_iosIwSt11char_traitsIwEE4initEPSt15basic_streambufIwS1_Eb)
                  00818700    00000160                     : copy_decompress_rle.obj (.text:__TI_decompress_rle_core)
                  00818860    00000140                     : string.obj (.text:_ZNKSt12_String_base5_XlenEv)
                  008189a0    00000140     dynamicMemory.obj (.text:_ZNSolsEb)
                  00818ae0    00000140     dynamicMemory.obj (.text:_ZNSolsEj)
                  00818c20    00000140     rts6600_elf.lib : iostream.obj (.text:_ZNSt13basic_filebufIcSt11char_traitsIcEE6setbufEPci)
                  00818d60    00000140                     : iostream.obj (.text:_ZNSt13basic_filebufIcSt11char_traitsIcEED1Ev)
                  00818ea0    00000140                     : wiostrea.obj (.text:_ZNSt13basic_filebufIwSt11char_traitsIwEED1Ev)
                  00818fe0    00000140                     : locale0.obj (.text:_ZNSt6locale7_LocimpD1Ev)
                  00819120    00000140     dynamicMemory.obj (.text:_ZNSt8numpunctIcE5_InitERKSt8_Locinfo)
                  00819260    00000140     rts6600_elf.lib : iostream.obj (.text:_ZSt9use_facetISt7codecvtIcciEERKT_RKSt6locale)
                  008193a0    00000140                     : _bufread.obj (.text:__TI_buff_read)
                  008194e0    00000140                     : fclose.obj (.text:__TI_closefile)
                  00819620    00000140     boot.ae66 : autoinit.oe66 (.text:_auto_init_elf)
                  00819760    00000140     rts6600_elf.lib : fflush.obj (.text:fflush)
                  008198a0    00000140                     : fgetc.obj (.text:fgetc)
                  008199e0    00000140                     : lowlev.obj (.text:getdevice)
                  00819b20    00000140     sysbios.ae66 : BIOS.obj (.text:ti_sysbios_family_c64p_Hwi_Module_startup__E)
                  00819c60    00000140                  : BIOS.obj (.text:ti_sysbios_family_c66_Cache_Module_startup__E)
                  00819da0    00000140                  : BIOS.obj (.text:ti_sysbios_knl_Semaphore_Instance_init__E)
                  00819ee0    00000140                  : BIOS.obj (.text:ti_sysbios_knl_Swi_post__E)
                  0081a020    00000140                  : BIOS.obj (.text:ti_sysbios_knl_Task_blockI__E)
                  0081a160    00000140     rts6600_elf.lib : ungetc.obj (.text:ungetc)
                  0081a2a0    00000140     ti.targets.rts6000.ae66 : Text.oe66 (.text:xdc_runtime_Text_putLab__E)
                  0081a3e0    00000120     rts6600_elf.lib : wiostrea.obj (.text:_ZNKSt5ctypeIwE5do_isEPKwS2_Ps)
                  0081a500    00000120                     : wiostrea.obj (.text:_ZNKSt5ctypeIwE9do_narrowEPKwS2_cPc)
                  0081a620    00000120     dynamicMemory.obj (.text:_ZNKSt7num_putIcSt19ostreambuf_iteratorIcSt11char_traitsIcEEE5_IfmtEPcPKcNSt5_IosbIiE9_FmtflagsE)
                  0081a740    00000120     rts6600_elf.lib : wiostrea.obj (.text:_ZNSt13basic_filebufIwSt11char_traitsIwEE6setbufEPwi)
                  0081a860    00000120                     : locale0.obj (.text:_ZNSt6locale5_InitEv)
                  0081a980    00000120                     : locale0.obj (.text:_ZNSt8_LocinfoC1EPKc)
                  0081aaa0    00000120                     : locale0.obj (.text:_ZNSt8_LocinfoD1Ev)
                  0081abc0    00000120                     : fseek.obj (.text:fseek)
                  0081ace0    00000120                     : ftell.obj (.text:ftell)
                  0081ae00    00000120                     : sqrtf.obj (.text:sqrtf)
                  0081af20    00000120     ti.targets.rts6000.ae66 : LoggerBuf.oe66 (.text:xdc_runtime_LoggerBuf_setFilterLevel__E)
                  0081b040    00000120                             : Text.oe66 (.text:xdc_runtime_Text_putMod__E)
                  0081b160    00000100     rts6600_elf.lib : trgdrv.obj (.text:HOSTlseek)
                  0081b260    00000100                     : wiostrea.obj (.text:_ZNKSt7codecvtIwciE9do_lengthERKiPKcS4_j)
                  0081b360    00000100     dynamicMemory.obj (.text:_ZNKSt7num_putIcSt19ostreambuf_iteratorIcSt11char_traitsIcEEE5_FfmtEPccNSt5_IosbIiE9_FmtflagsE)
                  0081b460    00000100     dynamicMemory.obj (.text:_ZNSs6appendERKSsjj)
                  0081b560    00000100     dynamicMemory.obj (.text:_ZNSs6insertEjjc)
                  0081b660    00000100     rts6600_elf.lib : iostream.obj (.text:_ZNSt15basic_streambufIcSt11char_traitsIcEE6xsgetnEPci)
                  0081b760    00000100                     : iostream.obj (.text:_ZNSt15basic_streambufIcSt11char_traitsIcEE6xsputnEPKci)
                  0081b860    00000100                     : wiostrea.obj (.text:_ZNSt15basic_streambufIwSt11char_traitsIwEE6xsgetnEPwi)
                  0081b960    00000100                     : wiostrea.obj (.text:_ZNSt15basic_streambufIwSt11char_traitsIwEE6xsputnEPKwi)
                  0081ba60    00000100                     : _io_perm.obj (.text:__TI_wrt_ok)
                  0081bb60    00000100                     : _printfi.obj (.text:_ltostr)
                  0081bc60    00000100                     : _printfi.obj (.text:_pproc_fflags)
                  0081bd60    00000100                     : atoi.obj (.text:atoi)
                  0081be60    00000100     schedulingAlgorithms.obj (.text)
                  0081bf60    00000100     sysbios.ae66 : BIOS.obj (.text:ti_sysbios_knl_Swi_restoreHwi__E)
                  0081c060    00000100                  : BIOS.obj (.text:ti_sysbios_knl_Task_unblockI__E)
                  0081c160    00000100                  : BIOS.obj (.text:ti_sysbios_timers_timer64_Timer_initDevice__I)
                  0081c260    00000100     ti.targets.rts6000.ae66 : Core-mem.oe66 (.text:xdc_runtime_Core_deleteObject__I)
                  0081c360    00000100                             : LoggerBuf.oe66 (.text:xdc_runtime_LoggerBuf_getFilterLevel__E)
                  0081c460    00000100                             : Startup.oe66 (.text:xdc_runtime_Startup_exec__E)
                  0081c560    00000100                             : Text.oe66 (.text:xdc_runtime_Text_visitRope2__I)
                  0081c660    000000e0     rts6600_elf.lib : trgdrv.obj (.text:HOSTopen)
                  0081c740    000000e0                     : trgdrv.obj (.text:HOSTwrite)
                  0081c820    000000e0                     : locale0.obj (.text:_Fac_tidy)
                  0081c900    000000e0     dynamicMemory.obj (.text:_ZNSs5_CopyEjj)
                  0081c9e0    000000e0     dynamicMemory.obj (.text:_ZNSs5eraseEjj)
                  0081cac0    000000e0     dynamicMemory.obj (.text:_ZNSs6assignERKSsjj)
                  0081cba0    000000e0     rts6600_elf.lib : locale0.obj (.text:_ZNSt6locale7_LocimpC1Eb)
                  0081cc80    000000e0                     : dtor_list.obj (.text:__cxa_finalize)
                  0081cd60    000000e0                     : divi.obj (.text:__divi)
                  0081ce40    000000e0                     : _printfi.obj (.text:_div)
                  0081cf20    000000e0                     : lowlev.obj (.text:close)
                  0081d000    000000e0                     : copy_zero_init.obj (.text:decompress:ZI:__TI_zero_init)
                  0081d0e0    000000e0                     : ltoa.obj (.text:ltoa)
                  0081d1c0    000000e0                     : memset.obj (.text:memset)
                  0081d2a0    000000e0                     : printf.obj (.text:printf)
                  0081d380    000000e0     sysbios.ae66 : BIOS.obj (.text:ti_sysbios_knl_Swi_runLoop__I)
                  0081d460    000000e0                  : BIOS.obj (.text:ti_sysbios_timers_timer64_Timer_startup__E)
                  0081d540    000000e0     ti.targets.rts6000.ae66 : Error.oe66 (.text:xdc_runtime_Error_print__E)
                  0081d620    000000e0                             : Memory.oe66 (.text:xdc_runtime_Memory_alloc__E)
                  0081d700    000000c0     rts6600_elf.lib : trgdrv.obj (.text:HOSTread)
                  0081d7c0    000000c0                     : trgdrv.obj (.text:HOSTunlink)
                  0081d880    000000c0                     : dtor_list.obj (.text:_Z11__TI_atexitPFYvPvES_S_)
                  0081d940    000000c0                     : wiostrea.obj (.text:_ZNKSt5ctypeIwE10do_tolowerEPwPKw)
                  0081da00    000000c0     dynamicMemory.obj (.text:_ZNKSt7num_putIcSt19ostreambuf_iteratorIcSt11char_traitsIcEEE11_PutgroupedES3_PKcjc)
                  0081dac0    000000c0     frameworkFunctions.obj (.text:_ZNSo3putEc)
                  0081db80    000000c0     frameworkFunctions.obj (.text:_ZNSo6sentryC1ERSo)
                  0081dc40    000000c0     dynamicMemory.obj (.text:_ZNSs5_GrowEjb)
                  0081dd00    000000c0     dynamicMemory.obj (.text:_ZNSs6appendEPKcj)
                  0081ddc0    000000c0     rts6600_elf.lib : iostream.obj (.text:_ZNSt13basic_filebufIcSt11char_traitsIcEE5_InitEPSt4FILENS2_7_InitflE)
                  0081de80    000000c0     frameworkFunctions.obj (.text:_ZSt9use_facetISt5ctypeIcEERKT_RKSt6locale)
                  0081df40    000000c0     dynamicMemory.obj (.text:_ZSt9use_facetISt7num_putIcSt19ostreambuf_iteratorIcSt11char_traitsIcEEEERKT_RKSt6locale)
                  0081e000    000000c0     dynamicMemory.obj (.text:_ZSt9use_facetISt8numpunctIcEERKT_RKSt6locale)
                  0081e0c0    000000c0     rts6600_elf.lib : new_.obj (.text:_Znwj)
                  0081e180    000000c0                     : fflush.obj (.text:__TI_doflush)
                  0081e240    000000c0                     : _io_perm.obj (.text:__TI_rd_ok)
                  0081e300    000000c0                     : divu.obj (.text:__divu)
                  0081e3c0    000000c0                     : remi.obj (.text:__remi)
                  0081e480    000000c0                     : exit.obj (.text:exit)
                  0081e540    000000c0     globalDeclarations.obj (.text)
                  0081e600    000000c0     sysbios.ae66 : BIOS.obj (.text:ti_sysbios_heaps_HeapMem_getStats__E)
                  0081e6c0    000000c0                  : BIOS.obj (.text:ti_sysbios_knl_Clock_logTick__E)
                  0081e780    000000c0                  : BIOS.obj (.text:ti_sysbios_knl_Swi_schedule__I)
                  0081e840    000000c0                  : BIOS.obj (.text:ti_sysbios_knl_Task_allBlockedFunction__I)
                  0081e900    000000c0                  : BIOS.obj (.text:ti_sysbios_timers_timer64_Timer_stop__E)
                  0081e9c0    000000c0     ti.targets.rts6000.ae66 : Error.oe66 (.text:xdc_runtime_Error_setX__E)
                  0081ea80    000000c0                             : LoggerBuf.oe66 (.text:xdc_runtime_LoggerBuf_Instance_init__E)
                  0081eb40    000000c0     scheduler_pe66.oe66 (.text:xdc_runtime_LoggerBuf_Object__create__S)
                  0081ec00    000000c0     ti.targets.rts6000.ae66 : System.oe66 (.text:xdc_runtime_System_formatNum__I)
                  0081ecc0    000000a0     rts6600_elf.lib : trgdrv.obj (.text:HOSTclose)
                  0081ed60    000000a0                     : wiostrea.obj (.text:_ZNKSt5ctypeIwE8do_widenEPKcS2_Pw)
                  0081ee00    000000a0                     : wiostrea.obj (.text:_ZNKSt7codecvtIwciE10do_unshiftERiPcS2_RS2_)
                  0081eea0    000000a0     dynamicMemory.obj (.text:_ZNKSt7num_putIcSt19ostreambuf_iteratorIcSt11char_traitsIcEEE6do_putES3_RSt8ios_basecPKv)
                  0081ef40    000000a0     frameworkFunctions.obj (.text:_ZNSo12_Sentry_baseC1ERSo)
                  0081efe0    000000a0     frameworkFunctions.obj (.text:_ZNSo12_Sentry_baseD1Ev)
                  0081f080    000000a0     dynamicMemory.obj (.text:_ZNSs6appendEjc)
                  0081f120    000000a0     rts6600_elf.lib : string.obj (.text:_ZNSt11logic_errorD1Ev)
                  0081f1c0    000000a0                     : string.obj (.text:_ZNSt12length_errorD1Ev)
                  0081f260    000000a0                     : string.obj (.text:_ZNSt12out_of_rangeC1ERKSs)
                  0081f300    000000a0                     : string.obj (.text:_ZNSt12out_of_rangeD1Ev)
                  0081f3a0    000000a0     frameworkFunctions.obj (.text:_ZNSt13_Complex_baseIfSt16_C_float_complexE4_MulIfEEvRKSt7complexIT_E)
                  0081f440    000000a0     rts6600_elf.lib : iostream.obj (.text:_ZNSt13basic_filebufIcSt11char_traitsIcEE9underflowEv)
                  0081f4e0    000000a0                     : wiostrea.obj (.text:_ZNSt13basic_filebufIwSt11char_traitsIwEE9underflowEv)
                  0081f580    000000a0                     : ios.obj (.text:_ZNSt13runtime_errorD1Ev)
                  0081f620    000000a0     frameworkFunctions.obj (.text:_ZNSt5ctypeIcEC1EPKsbj)
                  0081f6c0    000000a0     rts6600_elf.lib : iostream.obj (.text:_ZNSt8ios_base4InitD1Ev)
                  0081f760    000000a0                     : ios.obj (.text:_ZNSt8ios_base5_InitEv)
                  0081f800    000000a0                     : ios.obj (.text:_ZNSt8ios_base5_TidyEv)
                  0081f8a0    000000a0                     : ios.obj (.text:_ZNSt8ios_base7_AddstdEv)
                  0081f940    000000a0                     : ios.obj (.text:_ZNSt8ios_base7failureD1Ev)
                  0081f9e0    000000a0                     : ios.obj (.text:_ZNSt8ios_baseD1Ev)
                  0081fa80    000000a0                     : fopen.obj (.text:__TI_cleanup)
                  0081fb20    000000a0                     : remu.obj (.text:__remu)
                  0081fbc0    000000a0     boot.ae66 : boot.oe66 (.text:_c_int00)
                  0081fc60    000000a0     rts6600_elf.lib : _printfi.obj (.text:_ecpy)
                  0081fd00    000000a0                     : _printfi.obj (.text:_fcpy)
                  0081fda0    000000a0                     : _printfi.obj (.text:_pconv_f)
                  0081fe40    000000a0                     : memcpy64.obj (.text:memcpy)
                  0081fee0    000000a0     sysbios.ae66 : BIOS.obj (.text:ti_sysbios_family_c64p_Exception_Module_startup__E)
                  0081ff80    000000a0                  : BIOS.obj (.text:ti_sysbios_heaps_HeapMem_init__I)
                  00820020    000000a0     rts6600_elf.lib : wchar.obj (.text:wmemcpy)
                  008200c0    000000a0     ti.targets.rts6000.ae66 : Assert.oe66 (.text:xdc_runtime_Assert_raise__I)
                  00820160    000000a0                             : LoggerBuf.oe66 (.text:xdc_runtime_LoggerBuf_Module_startup__E)
                  00820200    000000a0                             : SysMin.oe66 (.text:xdc_runtime_SysMin_abort__E)
                  008202a0    000000a0                             : SysMin.oe66 (.text:xdc_runtime_SysMin_flush__E)
                  00820340    000000a0                             : SysMin.oe66 (.text:xdc_runtime_SysMin_putch__E)
                  008203e0    000000a0                             : Text.oe66 (.text:xdc_runtime_Text_xprintf__I)
                  00820480    00000080     rts6600_elf.lib : locale0.obj (.text:_Setgloballocale)
                  00820500    00000080                     : wiostrea.obj (.text:_ZNKSt5ctypeIwE10do_scan_isEsPKwS2_)
                  00820580    00000080                     : wiostrea.obj (.text:_ZNKSt5ctypeIwE10do_tolowerEw)
                  00820600    00000080                     : wiostrea.obj (.text:_ZNKSt5ctypeIwE11do_scan_notEsPKwS2_)
                  00820680    00000080                     : locale0.obj (.text:_ZNKSt6locale9_GetfacetEj)
                  00820700    00000080     dynamicMemory.obj (.text:_ZNKSt7num_putIcSt19ostreambuf_iteratorIcSt11char_traitsIcEEE5_PutcES3_PKcj)
                  00820780    00000080     dynamicMemory.obj (.text:_ZNKSt7num_putIcSt19ostreambuf_iteratorIcSt11char_traitsIcEEE6do_putES3_RSt8ios_basecl)
                  00820800    00000080     dynamicMemory.obj (.text:_ZNKSt7num_putIcSt19ostreambuf_iteratorIcSt11char_traitsIcEEE6do_putES3_RSt8ios_basecm)
                  00820880    00000080     dynamicMemory.obj (.text:_ZNKSt7num_putIcSt19ostreambuf_iteratorIcSt11char_traitsIcEEE6do_putES3_RSt8ios_basecx)
                  00820900    00000080     dynamicMemory.obj (.text:_ZNKSt7num_putIcSt19ostreambuf_iteratorIcSt11char_traitsIcEEE6do_putES3_RSt8ios_basecy)
                  00820980    00000080     frameworkFunctions.obj (.text:_ZNSo5flushEv)
                  00820a00    00000080     dynamicMemory.obj (.text:_ZNSs5_TidyEbj)
                  00820a80    00000080     dynamicMemory.obj (.text:_ZNSs6assignEPKcj)
                  00820b00    00000080     rts6600_elf.lib : string.obj (.text:_ZNSt11logic_errorC2ERKSs)
                  00820b80    00000080                     : string.obj (.text:_ZNSt11logic_errorD0Ev)
                  00820c00    00000080                     : string.obj (.text:_ZNSt12length_errorD0Ev)
                  00820c80    00000080                     : string.obj (.text:_ZNSt12out_of_rangeD0Ev)
                  00820d00    00000080                     : iostream.obj (.text:_ZNSt13basic_filebufIcSt11char_traitsIcEE4syncEv)
                  00820d80    00000080                     : wiostrea.obj (.text:_ZNSt13basic_filebufIwSt11char_traitsIwEE4syncEv)
                  00820e00    00000080                     : ios.obj (.text:_ZNSt13runtime_errorD0Ev)
                  00820e80    00000080     frameworkFunctions.obj (.text:_ZNSt15basic_streambufIcSt11char_traitsIcEE5sputcEc)
                  00820f00    00000080     dynamicMemory.obj (.text:_ZNSt19ostreambuf_iteratorIcSt11char_traitsIcEEaSEc)
                  00820f80    00000080     rts6600_elf.lib : locale0.obj (.text:_ZNSt6locale5facet9_RegisterEv)
                  00821000    00000080                     : ios.obj (.text:_ZNSt8ios_base7failureD0Ev)
                  00821080    00000080                     : ios.obj (.text:_ZNSt8ios_base8_CallfnsENS_5eventE)
                  00821100    00000080     dynamicMemory.obj (.text:_ZSt10_MaklocstrIcEPT_PKcS1_RKSt7_Cvtvec)
                  00821180    00000080     rts6600_elf.lib : throw.obj (.text:_ZSt14_Debug_messagePKcS0_)
                  00821200    00000080                     : trgmsg.obj (.text:__TI_readmsg)
                  00821280    00000080                     : trgmsg.obj (.text:__TI_writemsg)
                  00821300    00000080                     : fixfu.obj (.text:__c6xabi_fixfu)
                  00821380    00000080                     : llshift.obj (.text:__c6xabi_llshl)
                  00821400    00000080                     : roundf.obj (.text:__c6xabi_roundf)
                  00821480    00000080     sysbios.ae66 : c62_TaskSupport_asm.obj (.text:_ti_sysbios_family_c62_TaskSupport_swap__E)
                  00821500    00000080     rts6600_elf.lib : fclose.obj (.text:fclose)
                  00821580    00000080                     : lowlev.obj (.text:finddevice)
                  00821600    00000080     scheduler_pe66.oe66 (.text:malloc)
                  00821680    00000080     rts6600_elf.lib : rand.obj (.text:rand)
                  00821700    00000080     sysMainLTE.obj (.text)
                  00821780    00000080     sysbios.ae66 : BIOS.obj (.text:ti_sysbios_family_c62_TaskSupport_start__E)
                  00821800    00000080                  : BIOS.obj (.text:ti_sysbios_family_c64p_Hwi_dispatchC__I)
                  00821880    00000080                  : BIOS.obj (.text:ti_sysbios_family_c64p_Hwi_getStackInfo__E)
                  00821900    00000080                  : BIOS.obj (.text:ti_sysbios_hal_Hwi_checkStack)
                  00821980    00000080                  : BIOS.obj (.text:ti_sysbios_hal_Hwi_initStack)
                  00821a00    00000080                  : BIOS.obj (.text:ti_sysbios_knl_Idle_run__E)
                  00821a80    00000080                  : BIOS.obj (.text:ti_sysbios_knl_Swi_startup__E)
                  00821b00    00000080                  : BIOS.obj (.text:ti_sysbios_knl_Task_restore__E)
                  00821b80    00000080     rts6600_elf.lib : wchar.obj (.text:ungetwc)
                  00821c00    00000080                     : lowlev.obj (.text:unlink)
                  00821c80    00000080     ti.targets.rts6000.ae66 : Core-label.oe66 (.text:xdc_runtime_Core_assignLabel__I)
                  00821d00    00000080                             : Core-params.oe66 (.text:xdc_runtime_Core_assignParams__I)
                  00821d80    00000080                             : LoggerBuf.oe66 (.text:xdc_runtime_LoggerBuf_filterOutEvent__I)
                  00821e00    00000080                             : System.oe66 (.text:xdc_runtime_System_atexit__E)
                  00821e80    00000080                             : System.oe66 (.text:xdc_runtime_System_processAtExit__E)
                  00821f00    00000080                             : System.oe66 (.text:xdc_runtime_System_putchar__I)
                  00821f80    00000080                             : Text.oe66 (.text:xdc_runtime_Text_printVisFxn__I)
                  00822000    00000060     rts6600_elf.lib : locale0.obj (.text:_Deletegloballocale)
                  00822060    00000060     frameworkFunctions.obj (.text:_ZNKSt5ctypeIcE10do_tolowerEPcPKc)
                  008220c0    00000060     frameworkFunctions.obj (.text:_ZNKSt5ctypeIcE10do_toupperEPcPKc)
                  00822120    00000060     rts6600_elf.lib : wiostrea.obj (.text:_ZNKSt5ctypeIwE10do_toupperEw)
                  00822180    00000060                     : wiostrea.obj (.text:_ZNKSt5ctypeIwE9do_narrowEwc)
                  008221e0    00000060     dynamicMemory.obj (.text:_ZNKSt7num_putIcSt19ostreambuf_iteratorIcSt11char_traitsIcEEE4_PutES3_PKcj)
                  00822240    00000060     dynamicMemory.obj (.text:_ZNKSt7num_putIcSt19ostreambuf_iteratorIcSt11char_traitsIcEEE4_RepES3_cj)
                  008222a0    00000060     frameworkFunctions.obj (.text:_ZNKSt9basic_iosIcSt11char_traitsIcEE5widenEc)
                  00822300    00000060     rts6600_elf.lib : ios.obj (.text:_ZNKSt9exception6_RaiseEv)
                  00822360    00000060                     : iostream.obj (.text:_ZNSiD0Ev)
                  008223c0    00000060                     : iostream.obj (.text:_ZNSoD0Ev)
                  00822420    00000060     dynamicMemory.obj (.text:_ZNSs7_InsideEPKc)
                  00822480    00000060     dynamicMemory.obj (.text:_ZNSs9_ChassignEjjc)
                  008224e0    00000060     lapackFunctions.obj (.text:_ZNSt13_Complex_baseIfSt16_C_float_complexE4_AddIfEEvRKSt7complexIT_E)
                  00822540    00000060     lapackFunctions.obj (.text:_ZNSt13_Complex_baseIfSt16_C_float_complexE4_SubIfEEvRKSt7complexIT_E)
                  008225a0    00000060     rts6600_elf.lib : iostream.obj (.text:_ZNSt13basic_filebufIcSt11char_traitsIcEE5imbueERKSt6locale)
                  00822600    00000060                     : wiostrea.obj (.text:_ZNSt13basic_istreamIwSt11char_traitsIwEED0Ev)
                  00822660    00000060                     : wiostrea.obj (.text:_ZNSt13basic_ostreamIwSt11char_traitsIwEED0Ev)
                  008226c0    00000060                     : iostream.obj (.text:_ZNSt15basic_streambufIcSt11char_traitsIcEE5_InitEv)
                  00822720    00000060                     : iostream.obj (.text:_ZNSt15basic_streambufIcSt11char_traitsIcEE5uflowEv)
                  00822780    00000060                     : iostream.obj (.text:_ZNSt15basic_streambufIcSt11char_traitsIcEE7seekoffElNSt5_IosbIiE8_SeekdirENS4_9_OpenmodeE)
                  008227e0    00000060                     : iostream.obj (.text:_ZNSt15basic_streambufIcSt11char_traitsIcEE7seekposESt4fposIiENSt5_IosbIiE9_OpenmodeE)
                  00822840    00000060                     : iostream.obj (.text:_ZNSt15basic_streambufIcSt11char_traitsIcEED0Ev)
                  008228a0    00000060                     : iostream.obj (.text:_ZNSt15basic_streambufIcSt11char_traitsIcEED1Ev)
                  00822900    00000060                     : wiostrea.obj (.text:_ZNSt15basic_streambufIwSt11char_traitsIwEE5_InitEv)
                  00822960    00000060                     : wiostrea.obj (.text:_ZNSt15basic_streambufIwSt11char_traitsIwEE5uflowEv)
                  008229c0    00000060                     : wiostrea.obj (.text:_ZNSt15basic_streambufIwSt11char_traitsIwEE7seekoffElNSt5_IosbIiE8_SeekdirENS4_9_OpenmodeE)
                  00822a20    00000060                     : wiostrea.obj (.text:_ZNSt15basic_streambufIwSt11char_traitsIwEE7seekposESt4fposIiENSt5_IosbIiE9_OpenmodeE)
                  00822a80    00000060                     : wiostrea.obj (.text:_ZNSt15basic_streambufIwSt11char_traitsIwEED0Ev)
                  00822ae0    00000060                     : wiostrea.obj (.text:_ZNSt15basic_streambufIwSt11char_traitsIwEED1Ev)
                  00822b40    00000060     frameworkFunctions.obj (.text:_ZNSt5ctypeIcE7_GetcatEPPKNSt6locale5facetE)
                  00822ba0    00000060     rts6600_elf.lib : wiostrea.obj (.text:_ZNSt5ctypeIwED0Ev)
                  00822c00    00000060                     : wiostrea.obj (.text:_ZNSt5ctypeIwED1Ev)
                  00822c60    00000060     frameworkFunctions.obj (.text:_ZNSt6locale2idcvjEv)
                  00822cc0    00000060     frameworkFunctions.obj (.text:_ZNSt6locale5facet7_DecrefEv)
                  00822d20    00000060     rts6600_elf.lib : locale0.obj (.text:_ZNSt6locale7_LocimpD0Ev)
                  00822d80    00000060                     : locale0.obj (.text:_ZNSt6localeC1Ev)
                  00822de0    00000060     frameworkFunctions.obj (.text:_ZNSt7complexIfEdVERKf)
                  00822e40    00000060     dynamicMemory.obj (.text:_ZNSt7num_putIcSt19ostreambuf_iteratorIcSt11char_traitsIcEEEC1Ej)
                  00822ea0    00000060     rts6600_elf.lib : ios.obj (.text:_ZNSt8ios_baseD0Ev)
                  00822f00    00000060     dynamicMemory.obj (.text:_ZNSt8numpunctIcEC1Ej)
                  00822f60    00000060     rts6600_elf.lib : iostream.obj (.text:_ZNSt9basic_iosIcSt11char_traitsIcEED0Ev)
                  00822fc0    00000060                     : wiostrea.obj (.text:_ZNSt9basic_iosIwSt11char_traitsIwEED0Ev)
                  00823020    00000060     frameworkFunctions.obj (.text:_ZSt4endlIcSt11char_traitsIcEERSt13basic_ostreamIT_T0_ES6_)
                  00823080    00000060     pipdScheduling.obj (.text:_ZStdvIfESt7complexIT_ERKS2_RKS1_)
                  008230e0    00000060     rts6600_elf.lib : iostream.obj (.text:_ZTv0_n12_NSiD0Ev)
                  00823140    00000060                     : iostream.obj (.text:_ZTv0_n12_NSoD0Ev)
                  008231a0    00000060                     : wiostrea.obj (.text:_ZTv0_n12_NSt13basic_istreamIwSt11char_traitsIwEED0Ev)
                  00823200    00000060                     : wiostrea.obj (.text:_ZTv0_n12_NSt13basic_ostreamIwSt11char_traitsIwEED0Ev)
                  00823260    00000060     pipdScheduling.obj (.text:__FDtest)
                  008232c0    00000060     rts6600_elf.lib : frcmpyd_div.obj (.text:__TI_frcmpyd_div)
                  00823320    00000060                     : llshift.obj (.text:__c6xabi_llshru)
                  00823380    00000060                     : vec_newdel.obj (.text:__cxa_vec_ctor)
                  008233e0    00000060                     : vec_newdel.obj (.text:__cxa_vec_new)
                  00823440    00000060                     : locale0.obj (.text:__sti___11_locale0_cpp_36e19383)
                  008234a0    00000060                     : imath64.obj (.text:_subcull)
                  00823500    00000060     sysbios.ae66 : c64p_Hwi_asm_switch.obj (.text:_ti_sysbios_family_c64p_Hwi_switchAndDispatch__I)
                  00823560    00000060                  : c64p_Hwi_asm_switch.obj (.text:_ti_sysbios_family_xxx_Hwi_switchAndRunFunc)
                  008235c0    00000060     scheduler_pe66.oe66 (.text:calloc)
                  00823620    00000060     rts6600_elf.lib : fgetpos.obj (.text:fgetpos)
                  00823680    00000060                     : lowlev.obj (.text:lseek)
                  008236e0    00000060                     : memccpy.obj (.text:memccpy)
                  00823740    00000060                     : memchr.obj (.text:memchr)
                  008237a0    00000060                     : memmov.obj (.text:memmove)
                  00823800    00000060                     : modff.obj (.text:modff)
                  00823860    00000060                     : lowlev.obj (.text:read)
                  008238c0    00000060                     : setlocale.obj (.text:setlocale)
                  00823920    00000060                     : sprintf.obj (.text:sprintf)
                  00823980    00000060                     : strcmp.obj (.text:strcmp)
                  008239e0    00000060                     : strcspn.obj (.text:strcspn)
                  00823a40    00000060     scheduler_pe66.oe66 (.text:ti_sysbios_BIOS_atExitFunc__I)
                  00823aa0    00000060     scheduler_pe66.oe66 (.text:ti_sysbios_BIOS_errorRaiseHook__I)
                  00823b00    00000060     scheduler_pe66.oe66 (.text:ti_sysbios_BIOS_registerRTSLock__I)
                  00823b60    00000060     scheduler_pe66.oe66 (.text:ti_sysbios_BIOS_removeRTSLock__I)
                  00823bc0    00000060     scheduler_pe66.oe66 (.text:ti_sysbios_BIOS_rtsUnlock__I)
                  00823c20    00000060     scheduler_pe66.oe66 (.text:ti_sysbios_gates_GateHwi_Object__create__S)
                  00823c80    00000060     scheduler_pe66.oe66 (.text:ti_sysbios_gates_GateMutex_Object__create__S)
                  00823ce0    00000060     scheduler_pe66.oe66 (.text:ti_sysbios_heaps_HeapMem_Object__create__S)
                  00823d40    00000060     sysbios.ae66 : BIOS.obj (.text:ti_sysbios_knl_Clock_Module_startup__E)
                  00823da0    00000060     scheduler_pe66.oe66 (.text:ti_sysbios_knl_Clock_doTick__I)
                  00823e00    00000060     scheduler_pe66.oe66 (.text:ti_sysbios_knl_Queue_construct)
                  00823e60    00000060     scheduler_pe66.oe66 (.text:ti_sysbios_knl_Semaphore_construct)
                  00823ec0    00000060     sysbios.ae66 : BIOS.obj (.text:ti_sysbios_knl_Semaphore_pendTimeout__I)
                  00823f20    00000060                  : BIOS.obj (.text:ti_sysbios_knl_Swi_Module_startup__E)
                  00823f80    00000060                  : BIOS.obj (.text:ti_sysbios_knl_Task_enter__I)
                  00823fe0    00000060     rts6600_elf.lib : lowlev.obj (.text:write)
                  00824040    00000060     ti.targets.rts6000.ae66 : Memory.oe66 (.text:xdc_runtime_Memory_calloc__E)
                  008240a0    00000060                             : SysMin.oe66 (.text:xdc_runtime_SysMin_Module_startup__E)
                  00824100    00000060                             : SysMin.oe66 (.text:xdc_runtime_SysMin_exit__E)
                  00824160    00000060     scheduler_pe66.oe66 (.text:xdc_runtime_SysMin_output__I)
                  008241c0    00000060     ti.targets.rts6000.ae66 : System.oe66 (.text:xdc_runtime_System_avprintf__E)
                  00824220    00000060                             : System.oe66 (.text:xdc_runtime_System_vprintf__E)
                  00824280    00000060                             : Text.oe66 (.text:xdc_runtime_Text_cordText__E)
                  008242e0    00000040     dynamicMemory.obj (.text:_ZNKSs6_MyptrEv)
                  00824320    00000040     dynamicMemory.obj (.text:_ZNKSs8max_sizeEv)
                  00824360    00000040     frameworkFunctions.obj (.text:_ZNKSt15basic_streambufIcSt11char_traitsIcEE8_PnavailEv)
                  008243a0    00000040     frameworkFunctions.obj (.text:_ZNKSt5ctypeIcE10do_tolowerEc)
                  008243e0    00000040     frameworkFunctions.obj (.text:_ZNKSt5ctypeIcE10do_toupperEc)
                  00824420    00000040     frameworkFunctions.obj (.text:_ZNKSt5ctypeIcE5widenEc)
                  00824460    00000040     frameworkFunctions.obj (.text:_ZNKSt5ctypeIcE8do_widenEPKcS2_Pc)
                  008244a0    00000040     frameworkFunctions.obj (.text:_ZNKSt5ctypeIcE9do_narrowEPKcS2_cPc)
                  008244e0    00000040     rts6600_elf.lib : wiostrea.obj (.text:_ZNKSt5ctypeIwE5do_isEsw)
                  00824520    00000040                     : wiostrea.obj (.text:_ZNKSt5ctypeIwE8do_widenEc)
                  00824560    00000040     dynamicMemory.obj (.text:_ZNKSt7num_putIcSt19ostreambuf_iteratorIcSt11char_traitsIcEEE3putES3_RSt8ios_basecb)
                  008245a0    00000040     dynamicMemory.obj (.text:_ZNKSt7num_putIcSt19ostreambuf_iteratorIcSt11char_traitsIcEEE3putES3_RSt8ios_basecm)
                  008245e0    00000040     dynamicMemory.obj (.text:_ZNKSt8_Locinfo7_GetcvtEv)
                  00824620    00000040     frameworkFunctions.obj (.text:_ZNKSt8_Locinfo9_GetctypeEv)
                  00824660    00000040     dynamicMemory.obj (.text:_ZNKSt8numpunctIcE8groupingEv)
                  008246a0    00000040     dynamicMemory.obj (.text:_ZNKSt8numpunctIcE8truenameEv)
                  008246e0    00000040     dynamicMemory.obj (.text:_ZNKSt8numpunctIcE9falsenameEv)
                  00824720    00000040     rts6600_elf.lib : iostream.obj (.text:_ZNSiD1Ev)
                  00824760    00000040     frameworkFunctions.obj (.text:_ZNSo5_OsfxEv)
                  008247a0    00000040     rts6600_elf.lib : iostream.obj (.text:_ZNSoD1Ev)
                  008247e0    00000040     dynamicMemory.obj (.text:_ZNSs4_EosEj)
                  00824820    00000040     dynamicMemory.obj (.text:_ZNSs6_MyptrEv)
                  00824860    00000040     dynamicMemory.obj (.text:_ZNSs6assignEPKc)
                  008248a0    00000040     dynamicMemory.obj (.text:_ZNSs6assignERKSs)
                  008248e0    00000040     dynamicMemory.obj (.text:_ZNSsC1EPKc)
                  00824920    00000040     dynamicMemory.obj (.text:_ZNSsC1Ev)
                  00824960    00000040     frameworkFunctions.obj (.text:_ZNSt10ctype_baseC1Ej)
                  008249a0    00000040     dynamicMemory.obj (.text:_ZNSt11char_traitsIcE6assignEPcjc)
                  008249e0    00000040     frameworkFunctions.obj (.text:_ZNSt13_Complex_baseIfSt16_C_float_complexEC1ERKfS3_)
                  00824a20    00000040     rts6600_elf.lib : wiostrea.obj (.text:_ZNSt13basic_istreamIwSt11char_traitsIwEED1Ev)
                  00824a60    00000040                     : wiostrea.obj (.text:_ZNSt13basic_ostreamIwSt11char_traitsIwEED1Ev)
                  00824aa0    00000040     frameworkFunctions.obj (.text:_ZNSt15basic_streambufIcSt11char_traitsIcEE5sputnEPKci)
                  00824ae0    00000040     dynamicMemory.obj (.text:_ZNSt19ostreambuf_iteratorIcSt11char_traitsIcEEC1EPSt15basic_streambufIcS1_E)
                  00824b20    00000040     frameworkFunctions.obj (.text:_ZNSt5ctypeIcE5_TidyEv)
                  00824b60    00000040     frameworkFunctions.obj (.text:_ZNSt5ctypeIcED1Ev)
                  00824ba0    00000040     frameworkFunctions.obj (.text:_ZNSt6locale5facet7_IncrefEv)
                  00824be0    00000040     frameworkFunctions.obj (.text:_ZNSt6locale5facetC1Ej)
                  00824c20    00000040     frameworkFunctions.obj (.text:_ZNSt6localeC1ERKS_)
                  00824c60    00000040     frameworkFunctions.obj (.text:_ZNSt6localeD1Ev)
                  00824ca0    00000040     lapackFunctions.obj (.text:_ZNSt7complexIfEaSERKf)
                  00824ce0    00000040     dynamicMemory.obj (.text:_ZNSt7num_putIcSt19ostreambuf_iteratorIcSt11char_traitsIcEEE7_GetcatEPPKNSt6locale5facetE)
                  00824d20    00000040     frameworkFunctions.obj (.text:_ZNSt8ios_base5widthEi)
                  00824d60    00000040     dynamicMemory.obj (.text:_ZNSt8numpunctIcE5_TidyEv)
                  00824da0    00000040     dynamicMemory.obj (.text:_ZNSt8numpunctIcE7_GetcatEPPKNSt6locale5facetE)
                  00824de0    00000040     dynamicMemory.obj (.text:_ZNSt8numpunctIcED1Ev)
                  00824e20    00000040     frameworkFunctions.obj (.text:_ZNSt9basic_iosIcSt11char_traitsIcEE5clearENSt5_IosbIiE8_IostateEb)
                  00824e60    00000040     frameworkFunctions.obj (.text:_ZNSt9basic_iosIcSt11char_traitsIcEE8setstateENSt5_IosbIiE8_IostateEb)
                  00824ea0    00000040     pipdScheduling.obj (.text:_ZSt3absIfET_RKSt7complexIS0_E)
                  00824ee0    00000040     pipdScheduling.obj (.text:_ZSt3absf)
                  00824f20    00000040     blasFunctions.obj (.text:_ZSt3powff)
                  00824f60    00000040     pipdScheduling.obj (.text:_ZSt4conjIfESt7complexIT_ERKS2_)
                  00824fa0    00000040     rts6600_elf.lib : throw.obj (.text:_ZSt6_ThrowRKSt9exception)
                  00824fe0    00000040     lapackFunctions.obj (.text:_ZStdvIfESt7complexIT_ERKS1_RKS2_)
                  00825020    00000040     lapackFunctions.obj (.text:_ZStdvIfESt7complexIT_ERKS2_S4_)
                  00825060    00000040     lapackFunctions.obj (.text:_ZStmiIfESt7complexIT_ERKS2_S4_)
                  008250a0    00000040     frameworkFunctions.obj (.text:_ZStmlIfESt7complexIT_ERKS1_RKS2_)
                  008250e0    00000040     lapackFunctions.obj (.text:_ZStmlIfESt7complexIT_ERKS2_S4_)
                  00825120    00000040     frameworkFunctions.obj (.text:_ZStoRRNSt5_IosbIiE8_IostateES1_)
                  00825160    00000040     lapackFunctions.obj (.text:_ZStplIfESt7complexIT_ERKS2_S4_)
                  008251a0    00000040     rts6600_elf.lib : iostream.obj (.text:_ZTv0_n12_NSiD1Ev)
                  008251e0    00000040                     : iostream.obj (.text:_ZTv0_n12_NSoD1Ev)
                  00825220    00000040                     : wiostrea.obj (.text:_ZTv0_n12_NSt13basic_istreamIwSt11char_traitsIwEED1Ev)
                  00825260    00000040                     : wiostrea.obj (.text:_ZTv0_n12_NSt13basic_ostreamIwSt11char_traitsIwEED1Ev)
                  008252a0    00000040                     : isinf.obj (.text:__c6xabi_isinf)
                  008252e0    00000040                     : _printfi.obj (.text:__c6xabi_isnan)
                  00825320    00000040                     : args_main.obj (.text:_args_main)
                  00825360    00000040                     : sprintf.obj (.text:_outs)
                  008253a0    00000040     sysbios.ae66 : c62_TaskSupport_asm.obj (.text:_ti_sysbios_family_c62_TaskSupport_buildTaskStack)
                  008253e0    00000040     scheduler_pe66.oe66 (.text:free)
                  00825420    00000040     rts6600_elf.lib : wchar.obj (.text:mbrtowc)
                  00825460    00000040                     : multibyte.obj (.text:mbtowc)
                  008254a0    00000040                     : strlen.obj (.text:strlen)
                  008254e0    00000040     scheduler_pe66.oe66 (.text:ti_sysbios_BIOS_exitFunc__I)
                  00825520    00000040     scheduler_pe66.oe66 (.text:ti_sysbios_BIOS_rtsLock__I)
                  00825560    00000040     scheduler_pe66.oe66 (.text:ti_sysbios_BIOS_startFunc__I)
                  008255a0    00000040     scheduler_pe66.oe66 (.text:ti_sysbios_family_c64p_Hwi_Module__startupDone__F)
                  008255e0    00000040     sysbios.ae66 : BIOS.obj (.text:ti_sysbios_family_c64p_Hwi_disableInterrupt__E)
                  00825620    00000040                  : BIOS.obj (.text:ti_sysbios_family_c64p_Hwi_enableInterrupt__E)
                  00825660    00000040     scheduler_pe66.oe66 (.text:ti_sysbios_gates_GateHwi_Handle__label__S)
                  008256a0    00000040     scheduler_pe66.oe66 (.text:ti_sysbios_gates_GateHwi_Object__delete__S)
                  008256e0    00000040     scheduler_pe66.oe66 (.text:ti_sysbios_gates_GateMutex_Handle__label__S)
                  00825720    00000040     sysbios.ae66 : BIOS.obj (.text:ti_sysbios_gates_GateMutex_Instance_init__E)
                  00825760    00000040     scheduler_pe66.oe66 (.text:ti_sysbios_gates_GateMutex_Object__delete__S)
                  008257a0    00000040     sysbios.ae66 : BIOS.obj (.text:ti_sysbios_gates_GateMutex_leave__E)
                  008257e0    00000040     scheduler_pe66.oe66 (.text:ti_sysbios_heaps_HeapMem_Handle__label__S)
                  00825820    00000040     scheduler_pe66.oe66 (.text:ti_sysbios_heaps_HeapMem_Object__delete__S)
                  00825860    00000040     scheduler_pe66.oe66 (.text:ti_sysbios_heaps_HeapMem_Object__get__S)
                  008258a0    00000040     scheduler_pe66.oe66 (.text:ti_sysbios_knl_Queue_Object__destruct__S)
                  008258e0    00000040     scheduler_pe66.oe66 (.text:ti_sysbios_knl_Semaphore_Object__destruct__S)
                  00825920    00000040     scheduler_pe66.oe66 (.text:ti_sysbios_knl_Swi_Object__get__S)
                  00825960    00000040     scheduler_pe66.oe66 (.text:ti_sysbios_knl_Task_Object__get__S)
                  008259a0    00000040     scheduler_pe66.oe66 (.text:ti_sysbios_timers_timer64_Timer_Module__startupDone__F)
                  008259e0    00000040     rts6600_elf.lib : wchar.obj (.text:wcrtomb)
                  00825a20    00000040     ti.targets.rts6000.ae66 : Error.oe66 (.text:xdc_runtime_Error_check__E)
                  00825a60    00000040                             : Error.oe66 (.text:xdc_runtime_Error_init__E)
                  00825aa0    00000040                             : Error.oe66 (.text:xdc_runtime_Error_raiseX__E)
                  00825ae0    00000040                             : Gate.oe66 (.text:xdc_runtime_Gate_leaveSystem__E)
                  00825b20    00000040     scheduler_pe66.oe66 (.text:xdc_runtime_LoggerBuf_Handle__label__S)
                  00825b60    00000040     ti.targets.rts6000.ae66 : LoggerBuf.oe66 (.text:xdc_runtime_LoggerBuf_Instance_finalize__E)
                  00825ba0    00000040     scheduler_pe66.oe66 (.text:xdc_runtime_LoggerBuf_Object__delete__S)
                  00825be0    00000040     scheduler_pe66.oe66 (.text:xdc_runtime_LoggerBuf_Object__get__S)
                  00825c20    00000040     ti.targets.rts6000.ae66 : LoggerBuf.oe66 (.text:xdc_runtime_LoggerBuf_write0__E)
                  00825c60    00000040                             : LoggerBuf.oe66 (.text:xdc_runtime_LoggerBuf_write1__E)
                  00825ca0    00000040                             : LoggerBuf.oe66 (.text:xdc_runtime_LoggerBuf_write2__E)
                  00825ce0    00000040                             : Memory.oe66 (.text:xdc_runtime_Memory_free__E)
                  00825d20    00000040                             : Registry.oe66 (.text:xdc_runtime_Registry_findById__E)
                  00825d60    00000040                             : System.oe66 (.text:xdc_runtime_System_abort__E)
                  00825da0    00000040     scheduler_pe66.oe66 (.text:xdc_runtime_System_aprintf__E)
                  00825de0    00000040     ti.targets.rts6000.ae66 : System.oe66 (.text:xdc_runtime_System_exit__E)
                  00825e20    00000040     scheduler_pe66.oe66 (.text:xdc_runtime_System_printf__E)
                  00825e60    00000040     ti.targets.rts6000.ae66 : Text.oe66 (.text:xdc_runtime_Text_ropeText__E)
                  00825ea0    00000020     rts6600_elf.lib : xatexit.obj (.text:_Atexit)
                  00825ec0    00000020                     : locale0.obj (.text:_Getgloballocale)
                  00825ee0    00000020                     : newhandler.obj (.text:_Z21__default_new_handlerv)
                  00825f00    00000020                     : typeinfo_.obj (.text:_ZN10__cxxabiv117__class_type_infoD0Ev)
                  00825f20    00000020                     : typeinfo_.obj (.text:_ZN10__cxxabiv117__class_type_infoD1Ev)
                  00825f40    00000020                     : typeinfo_.obj (.text:_ZN10__cxxabiv120__si_class_type_infoD0Ev)
                  00825f60    00000020                     : typeinfo_.obj (.text:_ZN10__cxxabiv120__si_class_type_infoD1Ev)
                  00825f80    00000020                     : typeinfo_.obj (.text:_ZN10__cxxabiv121__vmi_class_type_infoD0Ev)
                  00825fa0    00000020                     : typeinfo_.obj (.text:_ZN10__cxxabiv121__vmi_class_type_infoD1Ev)
                  00825fc0    00000020     dynamicMemory.obj (.text:_ZNKSaIcE8max_sizeEv)
                  00825fe0    00000020     frameworkFunctions.obj (.text:_ZNKSo6sentrycvbEv)
                  00826000    00000020     dynamicMemory.obj (.text:_ZNKSs4sizeEv)
                  00826020    00000020     dynamicMemory.obj (.text:_ZNKSs5c_strEv)
                  00826040    00000020     rts6600_elf.lib : string.obj (.text:_ZNKSt11logic_error4whatEv)
                  00826060    00000020                     : string.obj (.text:_ZNKSt11logic_error8_DoraiseEv)
                  00826080    00000020                     : iostream.obj (.text:_ZNKSt12codecvt_base11do_encodingEv)
                  008260a0    00000020                     : iostream.obj (.text:_ZNKSt12codecvt_base13do_max_lengthEv)
                  008260c0    00000020                     : iostream.obj (.text:_ZNKSt12codecvt_base16do_always_noconvEv)
                  008260e0    00000020                     : string.obj (.text:_ZNKSt12length_error8_DoraiseEv)
                  00826100    00000020                     : string.obj (.text:_ZNKSt12out_of_range8_DoraiseEv)
                  00826120    00000020     frameworkFunctions.obj (.text:_ZNKSt13_Complex_baseIfSt16_C_float_complexE4imagEv)
                  00826140    00000020     frameworkFunctions.obj (.text:_ZNKSt13_Complex_baseIfSt16_C_float_complexE4realEv)
                  00826160    00000020     rts6600_elf.lib : ios.obj (.text:_ZNKSt13runtime_error4whatEv)
                  00826180    00000020                     : ios.obj (.text:_ZNKSt13runtime_error8_DoraiseEv)
                  008261a0    00000020     dynamicMemory.obj (.text:_ZNKSt19ostreambuf_iteratorIcSt11char_traitsIcEE6failedEv)
                  008261c0    00000020     frameworkFunctions.obj (.text:_ZNKSt5ctypeIcE8do_widenEc)
                  008261e0    00000020     frameworkFunctions.obj (.text:_ZNKSt5ctypeIcE9do_narrowEcc)
                  00826200    00000020     rts6600_elf.lib : wiostrea.obj (.text:_ZNKSt5ctypeIwE2isEsw)
                  00826220    00000020                     : wiostrea.obj (.text:_ZNKSt5ctypeIwE5widenEc)
                  00826240    00000020                     : wiostrea.obj (.text:_ZNKSt5ctypeIwE6narrowEwc)
                  00826260    00000020                     : iostream.obj (.text:_ZNKSt7codecvtIcciE10do_unshiftERiPcS2_RS2_)
                  00826280    00000020                     : iostream.obj (.text:_ZNKSt7codecvtIcciE5do_inERiPKcS3_RS3_PcS5_RS5_)
                  008262a0    00000020                     : iostream.obj (.text:_ZNKSt7codecvtIcciE6do_outERiPKcS3_RS3_PcS5_RS5_)
                  008262c0    00000020                     : iostream.obj (.text:_ZNKSt7codecvtIcciE9do_lengthERKiPKcS4_j)
                  008262e0    00000020                     : wiostrea.obj (.text:_ZNKSt7codecvtIwciE11do_encodingEv)
                  00826300    00000020                     : wiostrea.obj (.text:_ZNKSt7codecvtIwciE13do_max_lengthEv)
                  00826320    00000020                     : wiostrea.obj (.text:_ZNKSt7codecvtIwciE16do_always_noconvEv)
                  00826340    00000020     dynamicMemory.obj (.text:_ZNKSt8_Locinfo8_GettrueEv)
                  00826360    00000020     dynamicMemory.obj (.text:_ZNKSt8_Locinfo9_GetfalseEv)
                  00826380    00000020     dynamicMemory.obj (.text:_ZNKSt8_Locinfo9_GetlconvEv)
                  008263a0    00000020     frameworkFunctions.obj (.text:_ZNKSt8ios_base4failEv)
                  008263c0    00000020     frameworkFunctions.obj (.text:_ZNKSt8ios_base4goodEv)
                  008263e0    00000020     frameworkFunctions.obj (.text:_ZNKSt8ios_base5flagsEv)
                  00826400    00000020     frameworkFunctions.obj (.text:_ZNKSt8ios_base5widthEv)
                  00826420    00000020     frameworkFunctions.obj (.text:_ZNKSt8ios_base6getlocEv)
                  00826440    00000020     rts6600_elf.lib : ios.obj (.text:_ZNKSt8ios_base7failure8_DoraiseEv)
                  00826460    00000020     frameworkFunctions.obj (.text:_ZNKSt8ios_base7rdstateEv)
                  00826480    00000020     dynamicMemory.obj (.text:_ZNKSt8ios_base9precisionEv)
                  008264a0    00000020     dynamicMemory.obj (.text:_ZNKSt8numpunctIcE11do_groupingEv)
                  008264c0    00000020     dynamicMemory.obj (.text:_ZNKSt8numpunctIcE11do_truenameEv)
                  008264e0    00000020     dynamicMemory.obj (.text:_ZNKSt8numpunctIcE12do_falsenameEv)
                  00826500    00000020     dynamicMemory.obj (.text:_ZNKSt8numpunctIcE13decimal_pointEv)
                  00826520    00000020     dynamicMemory.obj (.text:_ZNKSt8numpunctIcE13thousands_sepEv)
                  00826540    00000020     dynamicMemory.obj (.text:_ZNKSt8numpunctIcE16do_decimal_pointEv)
                  00826560    00000020     dynamicMemory.obj (.text:_ZNKSt8numpunctIcE16do_thousands_sepEv)
                  00826580    00000020     frameworkFunctions.obj (.text:_ZNKSt9basic_iosIcSt11char_traitsIcEE3tieEv)
                  008265a0    00000020     frameworkFunctions.obj (.text:_ZNKSt9basic_iosIcSt11char_traitsIcEE4fillEv)
                  008265c0    00000020     frameworkFunctions.obj (.text:_ZNKSt9basic_iosIcSt11char_traitsIcEE5rdbufEv)
                  008265e0    00000020     rts6600_elf.lib : ios.obj (.text:_ZNKSt9exception4whatEv)
                  00826600    00000020                     : ios.obj (.text:_ZNKSt9exception8_DoraiseEv)
                  00826620    00000020     dynamicMemory.obj (.text:_ZNSaIcE10deallocateEPcj)
                  00826640    00000020     dynamicMemory.obj (.text:_ZNSaIcE8allocateEj)
                  00826660    00000020     dynamicMemory.obj (.text:_ZNSaIcEC1ERKS_)
                  00826680    00000020     dynamicMemory.obj (.text:_ZNSaIcEC1Ev)
                  008266a0    00000020     frameworkFunctions.obj (.text:_ZNSo12_Sentry_baseC2ERSo)
                  008266c0    00000020     frameworkFunctions.obj (.text:_ZNSo12_Sentry_baseD2Ev)
                  008266e0    00000020     frameworkFunctions.obj (.text:_ZNSo6sentryD1Ev)
                  00826700    00000020     frameworkFunctions.obj (.text:_ZNSolsEPFRSoS_E)
                  00826720    00000020     dynamicMemory.obj (.text:_ZNSsD1Ev)
                  00826740    00000020     dynamicMemory.obj (.text:_ZNSsixEj)
                  00826760    00000020     frameworkFunctions.obj (.text:_ZNSt10ctype_baseC2Ej)
                  00826780    00000020     frameworkFunctions.obj (.text:_ZNSt10ctype_baseD0Ev)
                  008267a0    00000020     frameworkFunctions.obj (.text:_ZNSt10ctype_baseD1Ev)
                  008267c0    00000020     frameworkFunctions.obj (.text:_ZNSt10ctype_baseD2Ev)
                  008267e0    00000020     dynamicMemory.obj (.text:_ZNSt11_String_valIcSaIcEEC1ES0_)
                  00826800    00000020     dynamicMemory.obj (.text:_ZNSt11_String_valIcSaIcEEC2ES0_)
                  00826820    00000020     frameworkFunctions.obj (.text:_ZNSt11char_traitsIcE11eq_int_typeERKiS2_)
                  00826840    00000020     frameworkFunctions.obj (.text:_ZNSt11char_traitsIcE11to_int_typeERKc)
                  00826860    00000020     frameworkFunctions.obj (.text:_ZNSt11char_traitsIcE3eofEv)
                  00826880    00000020     dynamicMemory.obj (.text:_ZNSt11char_traitsIcE4copyEPcPKcj)
                  008268a0    00000020     dynamicMemory.obj (.text:_ZNSt11char_traitsIcE4moveEPcPKcj)
                  008268c0    00000020     dynamicMemory.obj (.text:_ZNSt11char_traitsIcE6assignERcRKc)
                  008268e0    00000020     frameworkFunctions.obj (.text:_ZNSt11char_traitsIcE6lengthEPKc)
                  00826900    00000020     rts6600_elf.lib : iostream.obj (.text:_ZNSt12codecvt_baseD0Ev)
                  00826920    00000020                     : iostream.obj (.text:_ZNSt12codecvt_baseD1Ev)
                  00826940    00000020     pipdScheduling.obj (.text:_ZNSt13_Complex_baseIfSt16_C_float_complexE4imagERKf)
                  00826960    00000020     pipdScheduling.obj (.text:_ZNSt13_Complex_baseIfSt16_C_float_complexE4realERKf)
                  00826980    00000020     frameworkFunctions.obj (.text:_ZNSt13_Complex_baseIfSt16_C_float_complexEC2ERKfS3_)
                  008269a0    00000020     rts6600_elf.lib : iostream.obj (.text:_ZNSt15basic_streambufIcSt11char_traitsIcEE4syncEv)
                  008269c0    00000020                     : iostream.obj (.text:_ZNSt15basic_streambufIcSt11char_traitsIcEE5_LockEv)
                  008269e0    00000020                     : iostream.obj (.text:_ZNSt15basic_streambufIcSt11char_traitsIcEE5imbueERKSt6locale)
                  00826a00    00000020     frameworkFunctions.obj (.text:_ZNSt15basic_streambufIcSt11char_traitsIcEE6_PnincEv)
                  00826a20    00000020     rts6600_elf.lib : iostream.obj (.text:_ZNSt15basic_streambufIcSt11char_traitsIcEE6setbufEPci)
                  00826a40    00000020                     : iostream.obj (.text:_ZNSt15basic_streambufIcSt11char_traitsIcEE7_UnlockEv)
                  00826a60    00000020     frameworkFunctions.obj (.text:_ZNSt15basic_streambufIcSt11char_traitsIcEE7pubsyncEv)
                  00826a80    00000020     rts6600_elf.lib : iostream.obj (.text:_ZNSt15basic_streambufIcSt11char_traitsIcEE8overflowEi)
                  00826aa0    00000020                     : iostream.obj (.text:_ZNSt15basic_streambufIcSt11char_traitsIcEE9pbackfailEi)
                  00826ac0    00000020                     : iostream.obj (.text:_ZNSt15basic_streambufIcSt11char_traitsIcEE9showmanycEv)
                  00826ae0    00000020                     : iostream.obj (.text:_ZNSt15basic_streambufIcSt11char_traitsIcEE9underflowEv)
                  00826b00    00000020                     : wiostrea.obj (.text:_ZNSt15basic_streambufIwSt11char_traitsIwEE4syncEv)
                  00826b20    00000020                     : wiostrea.obj (.text:_ZNSt15basic_streambufIwSt11char_traitsIwEE5_LockEv)
                  00826b40    00000020                     : wiostrea.obj (.text:_ZNSt15basic_streambufIwSt11char_traitsIwEE5imbueERKSt6locale)
                  00826b60    00000020                     : wiostrea.obj (.text:_ZNSt15basic_streambufIwSt11char_traitsIwEE6setbufEPwi)
                  00826b80    00000020                     : wiostrea.obj (.text:_ZNSt15basic_streambufIwSt11char_traitsIwEE7_UnlockEv)
                  00826ba0    00000020                     : wiostrea.obj (.text:_ZNSt15basic_streambufIwSt11char_traitsIwEE8overflowEj)
                  00826bc0    00000020                     : wiostrea.obj (.text:_ZNSt15basic_streambufIwSt11char_traitsIwEE9pbackfailEj)
                  00826be0    00000020                     : wiostrea.obj (.text:_ZNSt15basic_streambufIwSt11char_traitsIwEE9showmanycEv)
                  00826c00    00000020                     : wiostrea.obj (.text:_ZNSt15basic_streambufIwSt11char_traitsIwEE9underflowEv)
                  00826c20    00000020     dynamicMemory.obj (.text:_ZNSt19ostreambuf_iteratorIcSt11char_traitsIcEEdeEv)
                  00826c40    00000020     dynamicMemory.obj (.text:_ZNSt19ostreambuf_iteratorIcSt11char_traitsIcEEppEv)
                  00826c60    00000020     frameworkFunctions.obj (.text:_ZNSt5ctypeIcE5_InitERKSt8_Locinfo)
                  00826c80    00000020     frameworkFunctions.obj (.text:_ZNSt5ctypeIcED0Ev)
                  00826ca0    00000020     dynamicMemory.obj (.text:_ZNSt6locale2idC1Ej)
                  00826cc0    00000020     frameworkFunctions.obj (.text:_ZNSt6locale5facetC2Ej)
                  00826ce0    00000020     frameworkFunctions.obj (.text:_ZNSt6locale5facetD0Ev)
[...]
0082a86c   xdc_runtime_LoggerBuf_Object__PARAMS__C
0082a894   ti_sysbios_family_c64p_Exception_internalHook__C
0082a898   _ZTSSt13basic_filebufIcSt11char_traitsIcEE
0082a8c0   _ZTSSt13basic_filebufIwSt11char_traitsIwEE
0082a8e8   _ZTSSt13basic_istreamIwSt11char_traitsIwEE
0082a910   _ZTSSt13basic_ostreamIwSt11char_traitsIwEE
0082a938   _ZTSN10__cxxabiv121__vmi_class_type_infoE
0082a95e   ti_sysbios_heaps_HeapMem_Module__id__C
0082a960   _ZTSN10__cxxabiv120__si_class_type_infoE
0082a986   ti_sysbios_knl_Clock_Module__id__C
0082a9ac   ti_sysbios_family_c64p_Exception_nmiHook__C
0082a9b0   _ZTVSt8numpunctIcE
0082a9d4   ti_sysbios_gates_GateHwi_Module__FXNS__C
0082a9f8   ti_sysbios_gates_GateMutex_Module__FXNS__C
0082aa1c   ti_sysbios_heaps_HeapMem_Object__PARAMS__C
0082aa40   ti_sysbios_knl_Semaphore_Object__PARAMS__C
0082aa64   ti_sysbios_family_c64p_Hwi_LD_end__C
0082aa68   _ZTSN10__cxxabiv117__class_type_infoE
0082aa8a   ti_sysbios_knl_Clock_Module__loggerDefined__C
0082aa8c   ti_sysbios_family_c64p_Hwi_LM_begin__C
0082aa90   _ZTSSt9basic_iosIcSt11char_traitsIcEE
0082aab2   ti_sysbios_knl_Semaphore_Module__id__C
0082aab4   ti_sysbios_family_c64p_Hwi_Module__diagsEnabled__C
0082aab8   _ZTSSt9basic_iosIwSt11char_traitsIwEE
0082aada   ti_sysbios_knl_Semaphore_Module__loggerDefined__C
0082aafc   ti_sysbios_gates_GateHwi_Object__DESC__C
0082ab1c   ti_sysbios_gates_GateMutex_Object__DESC__C
0082ab3c   ti_sysbios_heaps_HeapMem_Object__DESC__C
0082ab5c   ti_sysbios_knl_Queue_Object__DESC__C
0082ab7c   ti_sysbios_knl_Semaphore_Object__DESC__C
0082ab9c   xdc_runtime_LoggerBuf_Object__DESC__C
0082abbc   ti_sysbios_family_c64p_Hwi_Module__diagsIncluded__C
0082abc0   _ZTVSt12codecvt_base
0082abf4   _ZTISi
0082ac0c   _ZTISo
0082ac24   _ZTISt13basic_istreamIwSt11char_traitsIwEE
0082ac3c   _ZTISt13basic_ostreamIwSt11char_traitsIwEE
0082ac54   ti_sysbios_family_c64p_Hwi_Module__diagsMask__C
0082ac58   _ZTVNSt8ios_base7failureE
0082ac70   _ZTVSt11logic_error
0082ac88   _ZTVSt12length_error
0082aca0   _ZTVSt12out_of_range
0082acb8   _ZTVSt13runtime_error
0082acd0   _ZTVSt9exception
0082ace8   ti_sysbios_gates_GateHwi_Object__PARAMS__C
0082ad00   ti_sysbios_gates_GateMutex_Object__PARAMS__C
0082ad18   ti_sysbios_knl_Queue_Object__PARAMS__C
0082ad30   xdc_runtime_Startup_sfxnRts__A
0082ad48   _ZTSNSt8ios_base7failureE
0082ad5e   ti_sysbios_knl_Swi_Module__id__C
0082ad88   _ZTSNSt6locale7_LocimpE
0082ad9c   ti_sysbios_family_c64p_Hwi_Module__loggerFxn1__C
0082ada0   _ZTSNSt6locale5facetE
0082adb2   ti_sysbios_knl_Swi_Module__loggerDefined__C
0082adb4   ti_sysbios_family_c64p_Hwi_Module__loggerFxn8__C
0082adb8   _ZTSSt13runtime_error
0082adca   ti_sysbios_knl_Task_Module__id__C
0082adcc   ti_sysbios_family_c64p_Hwi_Module__loggerObj__C
0082add0   _ZTSSt12codecvt_base
0082ade2   ti_sysbios_knl_Task_Module__loggerDefined__C
0082ade4   ti_sysbios_gates_GateMutex_A_badContext__C
0082ade8   _ZTSSt12length_error
0082adfa   ti_sysbios_knl_Task_initStackFlag__C
0082adfc   ti_sysbios_gates_GateMutex_Instance_State_sem__O
0082ae00   _ZTSSt12out_of_range
0082ae12   ti_sysbios_timers_timer64_Timer_Module__id__C
0082ae14   _ZTIN10__cxxabiv117__class_type_infoE
0082ae32   ti_sysbios_timers_timer64_Timer_startupNeeded__C
0082ae44   ti_sysbios_gates_GateMutex_Module__diagsEnabled__C
0082ae48   _ZTSSt11logic_error
0082ae58   _ZTSSt7codecvtIcciE
0082ae68   _ZTSSt7codecvtIwciE
0082ae78   _ZTVN10__cxxabiv117__class_type_infoE
0082ae88   _ZTVN10__cxxabiv120__si_class_type_infoE
0082ae98   _ZTVN10__cxxabiv121__vmi_class_type_infoE
0082aea8   _ZTVNSt6locale5facetE
0082aeb8   _ZTVNSt6locale7_LocimpE
0082aec8   _ZTVSt10ctype_base
0082aed8   _ZTVSt8ios_base
0082aee8   _ZTVSt9basic_iosIcSt11char_traitsIcEE
0082aef8   _ZTVSt9basic_iosIwSt11char_traitsIwEE
0082af08   _ZTSSt10ctype_base
0082af18   _ZTSSt8numpunctIcE
0082af28   _ZTSSt9exception
0082af36   ti_sysbios_timers_timer64_Timer_useTimer64pRegMap__C
0082af38   _ZTSSt9type_info
0082af46   xdc_runtime_Core_Module__id__C
0082af48   _ZTIN10__cxxabiv120__si_class_type_infoE
0082af54   _ZTIN10__cxxabiv121__vmi_class_type_infoE
0082af60   _ZTINSt6locale7_LocimpE
0082af6c   _ZTINSt8ios_base7failureE
0082af78   _ZTISt10ctype_base
0082af84   _ZTISt11logic_error
0082af90   _ZTISt12codecvt_base
0082af9c   _ZTISt12length_error
0082afa8   _ZTISt12out_of_range
0082afb4   _ZTISt13basic_filebufIcSt11char_traitsIcEE
0082afc0   _ZTISt13basic_filebufIwSt11char_traitsIwEE
0082afcc   _ZTISt13runtime_error
0082afd8   _ZTISt5ctypeIcE
0082afe4   _ZTISt5ctypeIwE
0082aff0   _ZTISt7codecvtIcciE
0082affc   _ZTISt7codecvtIwciE
0082b008   _ZTISt7num_putIcSt19ostreambuf_iteratorIcSt11char_traitsIcEEE
0082b014   _ZTISt8ios_base
0082b020   _ZTISt8numpunctIcE
0082b02c   _ZTISt9basic_iosIcSt11char_traitsIcEE
0082b038   _ZTISt9basic_iosIwSt11char_traitsIwEE
0082b044   ti_sysbios_gates_GateMutex_Module__diagsIncluded__C
0082b048   _ZTSSt5_IosbIiE
0082b054   ti_sysbios_gates_GateMutex_Module__diagsMask__C
0082b058   _ZTSSt5ctypeIcE
0082b064   ti_sysbios_hal_Hwi_E_stackOverflow__C
0082b068   _ZTSSt5ctypeIwE
0082b074   ti_sysbios_heaps_HeapMem_A_align__C
0082b078   _ZTSSt8ios_base
0082b084   ti_sysbios_family_c66_Cache_initSize__C
0082b09a   xdc_runtime_Error_Module__loggerDefined__C
0082b0ac   _ZTINSt6locale5facetE
0082b0b4   _ZTISt15basic_streambufIcSt11char_traitsIcEE
0082b0bc   _ZTISt15basic_streambufIwSt11char_traitsIwEE
0082b0c4   _ZTISt5_IosbIiE
0082b0cc   _ZTISt9exception
0082b0d4   _ZTISt9type_info
0082b0e4   ti_sysbios_knl_Idle_funcList__C
0082b0ec   ti_sysbios_heaps_HeapMem_A_heapSize__C
0082b0f0   xdc_runtime_Startup_firstFxns__A
0082b0f8   xdc_runtime_Startup_firstFxns__C
0082b100   xdc_runtime_Startup_lastFxns__C
0082b108   _ZZNKSt8_Locinfo9_GetfalseEvEs
0082b10e   xdc_runtime_Error_maxDepth__C
0082b110   _ZZNKSt8_Locinfo8_GettrueEvEs
0082b116   xdc_runtime_LoggerBuf_Module__id__C
0082b118   ti_sysbios_heaps_HeapMem_A_invalidFree__C
0082b11c   ti_sysbios_heaps_HeapMem_A_zeroBlock__C
0082b120   ti_sysbios_heaps_HeapMem_E_memory__C
0082b124   ti_sysbios_heaps_HeapMem_Module__diagsEnabled__C
0082b128   ti_sysbios_heaps_HeapMem_Module__diagsIncluded__C
0082b12c   ti_sysbios_heaps_HeapMem_Module__diagsMask__C
0082b130   ti_sysbios_heaps_HeapMem_Module__gateObj__C
0082b134   ti_sysbios_heaps_HeapMem_Object__count__C
0082b138   ti_sysbios_heaps_HeapMem_reqAlign__C
0082b13c   ti_sysbios_knl_Clock_LM_begin__C
0082b140   ti_sysbios_knl_Clock_LM_tick__C
0082b144   ti_sysbios_knl_Clock_LW_delayed__C
0082b148   ti_sysbios_knl_Clock_Module_State_clockQ__O
0082b14c   ti_sysbios_knl_Clock_Module__diagsEnabled__C
0082b150   ti_sysbios_knl_Clock_Module__diagsIncluded__C
0082b154   ti_sysbios_knl_Clock_Module__diagsMask__C
0082b158   ti_sysbios_knl_Clock_Module__loggerFxn1__C
0082b15c   ti_sysbios_knl_Clock_Module__loggerFxn2__C
0082b160   ti_sysbios_knl_Clock_Module__loggerObj__C
0082b164   ti_sysbios_knl_Semaphore_A_badContext__C
0082b168   ti_sysbios_knl_Idle_funcList__A
0082b16c   ti_sysbios_knl_Semaphore_A_noEvents__C
0082b170   ti_sysbios_knl_Semaphore_A_overflow__C
0082b174   ti_sysbios_knl_Semaphore_A_pendTaskDisabled__C
0082b178   ti_sysbios_knl_Semaphore_Instance_State_pendQ__O
0082b17c   ti_sysbios_knl_Semaphore_LM_pend__C
0082b180   ti_sysbios_knl_Semaphore_LM_post__C
0082b184   ti_sysbios_knl_Semaphore_Module__diagsEnabled__C
0082b188   ti_sysbios_knl_Semaphore_Module__diagsIncluded__C
0082b18c   ti_sysbios_knl_Semaphore_Module__diagsMask__C
0082b190   ti_sysbios_knl_Semaphore_Module__loggerFxn2__C
0082b194   ti_sysbios_knl_Semaphore_Module__loggerFxn4__C
0082b198   ti_sysbios_knl_Semaphore_Module__loggerObj__C
0082b19c   ti_sysbios_knl_Swi_LD_end__C
0082b1a0   ti_sysbios_knl_Swi_LM_begin__C
0082b1a4   ti_sysbios_knl_Swi_LM_post__C
0082b1a8   ti_sysbios_knl_Swi_Module__diagsEnabled__C
0082b1ac   ti_sysbios_knl_Swi_Module__diagsIncluded__C
0082b1b0   ti_sysbios_knl_Swi_Module__diagsMask__C
0082b1b4   ti_sysbios_knl_Swi_Module__loggerFxn1__C
0082b1b8   ti_sysbios_knl_Swi_Module__loggerFxn4__C
0082b1bc   ti_sysbios_knl_Swi_Module__loggerObj__C
0082b1c0   ti_sysbios_knl_Swi_Object__count__C
0082b1c4   ti_sysbios_knl_Task_E_spOutOfBounds__C
0082b1c8   ti_sysbios_knl_Task_E_stackOverflow__C
0082b1cc   ti_sysbios_knl_Task_LD_block__C
0082b1d0   ti_sysbios_knl_Task_LD_exit__C
0082b1d4   ti_sysbios_knl_Task_LD_ready__C
0082b1d8   ti_sysbios_knl_Task_LM_switch__C
0082b1dc   ti_sysbios_knl_Task_Module_State_inactiveQ__O
0082b1e0   ti_sysbios_knl_Task_Module__diagsEnabled__C
0082b1e4   ti_sysbios_knl_Task_Module__diagsIncluded__C
0082b1e8   ti_sysbios_knl_Task_Module__diagsMask__C
0082b1ec   ti_sysbios_knl_Task_Module__loggerFxn2__C
0082b1f0   ti_sysbios_knl_Task_Module__loggerFxn4__C
0082b1f4   ti_sysbios_knl_Task_Module__loggerObj__C
0082b1f8   ti_sysbios_knl_Task_Object__count__C
0082b1fc   ti_sysbios_knl_Task_allBlockedFunc__C
0082b200   ti_sysbios_knl_Task_numConstructedTasks__C
0082b204   ti_sysbios_timers_timer64_Timer_A_notAvailable__C
0082b208   ti_sysbios_timers_timer64_Timer_E_cannotSupport__C
0082b20c   ti_sysbios_timers_timer64_Timer_Module__diagsEnabled__C
0082b210   ti_sysbios_timers_timer64_Timer_Module__diagsIncluded__C
0082b214   ti_sysbios_timers_timer64_Timer_Module__diagsMask__C
0082b218   ti_sysbios_timers_timer64_Timer_anyMaskHigh__C
0082b21c   ti_sysbios_timers_timer64_Timer_anyMask__C
0082b220   ti_sysbios_timers_timer64_Timer_freqDivisor__C
0082b224   ti_sysbios_timers_timer64_Timer_numLocalTimers__C
0082b228   ti_sysbios_timers_timer64_Timer_numTimerDevices__C
0082b22c   xdc_runtime_Assert_E_assertFailed__C
0082b230   xdc_runtime_Core_A_initializedParams__C
0082b234   xdc_runtime_Core_Module__diagsEnabled__C
0082b238   xdc_runtime_Core_Module__diagsIncluded__C
0082b23c   xdc_runtime_Core_Module__diagsMask__C
0082b240   xdc_runtime_Error_E_memory__C
0082b244   xdc_runtime_Error_Module__diagsEnabled__C
0082b248   xdc_runtime_Error_Module__diagsIncluded__C
0082b24c   xdc_runtime_Error_Module__diagsMask__C
0082b250   xdc_runtime_Error_Module__loggerFxn8__C
0082b254   xdc_runtime_Error_Module__loggerObj__C
0082b258   xdc_runtime_Error_policyFxn__C
0082b25c   xdc_runtime_Error_policy__C
0082b260   xdc_runtime_Error_raiseHook__C
0082b264   xdc_runtime_IFilterLogger_Interface__BASE__C
0082b268   xdc_runtime_IGateProvider_Interface__BASE__C
0082b26c   xdc_runtime_IHeap_Interface__BASE__C
0082b270   xdc_runtime_ILogger_Interface__BASE__C
0082b274   xdc_runtime_IModule_Interface__BASE__C
0082b278   xdc_runtime_Log_L_error__C
0082b27c   xdc_runtime_LoggerBuf_E_badLevel__C
0082b280   xdc_runtime_LoggerBuf_Module__gateObj__C
0082b284   xdc_runtime_LoggerBuf_Object__count__C
0082b288   xdc_runtime_LoggerBuf_statusLogger__C
0082b28c   xdc_runtime_Memory_defaultHeapInstance__C
0082b290   xdc_runtime_Startup_execImpl__C
0082b294   xdc_runtime_Startup_maxPasses__C
0082b298   xdc_runtime_Startup_sfxnRts__C
0082b29c   xdc_runtime_Startup_sfxnTab__C
0082b2a0   xdc_runtime_SysMin_bufSize__C
0082b2a4   xdc_runtime_SysMin_outputFunc__C
0082b2a8   xdc_runtime_System_Module__gateObj__C
0082b2ac   xdc_runtime_System_abortFxn__C
0082b2b0   xdc_runtime_System_exitFxn__C
0082b2b4   xdc_runtime_System_extendFxn__C
0082b2b8   xdc_runtime_System_maxAtexitHandlers__C
0082b2bc   xdc_runtime_Text_charTab__C
0082b2c0   xdc_runtime_Text_nameEmpty__C
0082b2c4   xdc_runtime_Text_nameStatic__C
0082b2c8   xdc_runtime_Text_nameUnknown__C
0082b2cc   xdc_runtime_Text_nodeTab__C
0082b2d0   xdc_runtime_Text_visitRopeFxn__C
0082b2d4   xdc_runtime_LoggerBuf_filterByLevel__C
0082b2d6   xdc_runtime_Memory_Module__id__C
0082b2d8   _ZZNKSt7num_putIcSt19ostreambuf_iteratorIcSt11char_traitsIcEEE6do_putES3_RSt8ios_basecPKvEs
0082b2dc   xdc_runtime_SysMin_flushAtExit__C
0082b2de   xdc_runtime_Text_charCnt__C
0082b2e0   _ZZNKSt7num_putIcSt19ostreambuf_iteratorIcSt11char_traitsIcEEE6do_putES3_RSt8ios_baseclEs
0082b2e4   xdc_runtime_Text_isLoaded__C
0082b2e6   xdc_runtime_Text_registryModsLastId__C
0082b2e8   _ZZNKSt7num_putIcSt19ostreambuf_iteratorIcSt11char_traitsIcEEE6do_putES3_RSt8ios_basecmEs
0082b2ec   xdc_runtime_Text_unnamedModsLastId__C
0082b2f0   _ZZNKSt7num_putIcSt19ostreambuf_iteratorIcSt11char_traitsIcEEE6do_putES3_RSt8ios_basecxEs
0082b2f8   _ZZNKSt7num_putIcSt19ostreambuf_iteratorIcSt11char_traitsIcEEE6do_putES3_RSt8ios_basecyEs
0082b300   _ZTSSi
0082b308   _ZTSSo
0082b310   _ZZNKSt7num_putIcSt19ostreambuf_iteratorIcSt11char_traitsIcEEE5_FputES3_RSt8ios_basecPKcjjjjEs
0082b318   _ZZNKSt7num_putIcSt19ostreambuf_iteratorIcSt11char_traitsIcEEE5_FputES3_RSt8ios_basecPKcjjjjEs_0
0082b320   ti_sysbios_knl_Task_Instance_State_0_stack__A
0082bb20   ti_sysbios_knl_Task_Instance_State_1_stack__A
0082c320   ti_sysbios_knl_Task_Instance_State_2_stack__A
0082cb20   xdc_runtime_LoggerBuf_Instance_State_0_entryArr__A
0082cd20   xdc_runtime_SysMin_Module_State_0_outbuf__A
0082d014   _ZSt4wcin
0082d050   _ZSt5wcout
0082d088   _ZSt5wcerr
0082d0c0   _ZSt5wclog
0082d198   _ZSt3cin
0082d1d4   _ZSt4cout
0082d25c   _ZSt4cerr
0082d294   _ZSt4clog
0082d2cc   dlConfig
0082d450   sysConfig
0082d460   __TI_tmpnams
0082d5a0   _ZNSt7codecvtIwciE2idE
0082d5a4   _ZNSt5ctypeIcE2idE
0082d5ac   _ZNSt10moneypunctIwLb0EE2idE
0082d5b8   _ZGVNSt10moneypunctIwLb0EE2idE
0082d5c0   _ZGVNSt10moneypunctIwLb1EE2idE
0082d5c8   _ZGVNSt7codecvtIcciE2idE
0082d5d0   _ZGVNSt7collateIwE2idE
0082d5d8   _ZGVNSt7num_getIwSt19istreambuf_iteratorIwSt11char_traitsIwEEE2idE
0082d5e0   _ZGVNSt7num_putIwSt19ostreambuf_iteratorIwSt11char_traitsIwEEE2idE
0082d5e8   _ZGVNSt8messagesIwE2idE
0082d5f0   _ZGVNSt8numpunctIwE2idE
0082d5f8   _ZGVNSt8time_getIwSt19istreambuf_iteratorIwSt11char_traitsIwEEE2idE
0082d600   _ZGVNSt9money_getIwSt19istreambuf_iteratorIwSt11char_traitsIwEEE2idE
0082d608   _ZGVNSt9money_putIwSt19ostreambuf_iteratorIwSt11char_traitsIwEEE2idE
0082d610   _ZNSt10moneypunctIwLb1EE2idE
0082d614   _ZNSt13basic_filebufIcSt11char_traitsIcEE7_StinitE
0082d618   _ZNSt13basic_filebufIwSt11char_traitsIwEE7_StinitE
0082d61c   _ZNSt4fposIiE4_StzE
0082d620   _ZNSt7codecvtIcciE2idE
0082d624   _ZNSt7collateIwE2idE
0082d628   _ZNSt7num_getIwSt19istreambuf_iteratorIwSt11char_traitsIwEEE2idE
0082d62c   _ZNSt7num_putIcSt19ostreambuf_iteratorIcSt11char_traitsIcEEE2idE
0082d630   _ZNSt7num_putIwSt19ostreambuf_iteratorIwSt11char_traitsIwEEE2idE
0082d634   _ZNSt8messagesIwE2idE
0082d638   _ZNSt8numpunctIcE2idE
0082d63c   _ZNSt8numpunctIwE2idE
0082d640   _ZNSt8time_getIwSt19istreambuf_iteratorIwSt11char_traitsIwEEE2idE
0082d644   _ZNSt8time_putIwSt19ostreambuf_iteratorIwSt11char_traitsIwEEE2idE
0082d648   _ZNSt9money_getIwSt19istreambuf_iteratorIwSt11char_traitsIwEEE2idE
0082d64c   _ZNSt9money_putIwSt19ostreambuf_iteratorIwSt11char_traitsIwEEE2idE
0082d650   _ZNSt5ctypeIwE2idE
0082d670   _stack
0082f670   __TI_STACK_END
0082f670   ti_sysbios_BIOS_Module__state__V
0082f694   ti_sysbios_family_c64p_Exception_Module__state__V
0082f6c4   ti_sysbios_family_c64p_Hwi_Module__root__V
0082f6cc   ti_sysbios_family_c64p_Hwi_Module__state__V
0082f734   ti_sysbios_gates_GateHwi_Module__root__V
0082f73c   ti_sysbios_gates_GateMutex_Module__root__V
0082f744   ti_sysbios_hal_Hwi_Module__root__V
0082f74c   ti_sysbios_heaps_HeapMem_Module__root__V
0082f754   ti_sysbios_knl_Clock_Module__root__V
0082f75c   ti_sysbios_knl_Clock_Module__state__V
0082f788   ti_sysbios_knl_Queue_Module__root__V
0082f790   ti_sysbios_knl_Semaphore_Module__root__V
0082f798   ti_sysbios_knl_Swi_Module__root__V
0082f7a0   ti_sysbios_knl_Swi_Module__state__V
0082f7bc   ti_sysbios_knl_Task_Module__root__V
0082f7c4   ti_sysbios_knl_Task_Module__state__V
0082f808   ti_sysbios_timers_timer64_Timer_Module__root__V
0082f810   ti_sysbios_timers_timer64_Timer_Module__state__V
0082f828   xdc_runtime_Error_Module__state__V
0082f82c   xdc_runtime_LoggerBuf_Module__root__V
0082f834   xdc_runtime_LoggerBuf_Module__state__V
0082f83c   xdc_runtime_Memory_Module__state__V
0082f840   xdc_runtime_Registry_Module__state__V
0082f848   xdc_runtime_Startup_Module__state__V
0082f850   xdc_runtime_SysMin_Module__state__V
0082f85c   xdc_runtime_System_Module__state__V
0082f864   xdc_runtime_Text_Module__state__V
0082f86c   __xdc__init__addr
0082f870   _ftable
0082fa50   ti_sysbios_knl_Task_Object__table__V
0082fae8   TSK_idle
0082fb34   _ZNSt9_FacetptrISt5ctypeIcEE6_PsaveE
0082fb38   ti_sysbios_timers_timer64_Timer_Module_State_0_device__A
0082fc98   ti_sysbios_knl_Swi_Object__table__V
0082fd28   ti_sysbios_knl_Swi_Module_State_0_readyQ__A
0082fda8   ti_sysbios_knl_Task_Module_State_0_readyQ__A
0082fea0   _FDenorm
0082feb0   _FEps
0082fec0   _FInf
0082fed0   _FNan
0082fee0   _FSnan
0082fef0   _FRteps
0082ff00   _FXbig
0082ff04   _FZero
0082ff08   ti_sysbios_timers_timer64_Timer_Object__table__V
0082ff9c   _ZNSt9_FacetptrISt5ctypeIwEE6_PsaveE
0082ffa0   ti_sysbios_gates_GateMutex_Object__table__V
0082ffe0   ti_sysbios_knl_Clock_Object__table__V
00830020   ti_sysbios_timers_timer64_Timer_Module_State_0_gctrl__A
00830060   ti_sysbios_timers_timer64_Timer_Module_State_0_handles__A
008300a0   ti_sysbios_timers_timer64_Timer_Module_State_0_intFreqs__A
008300e0   C_locale
00830114   _ZNSt9_FacetptrISt7codecvtIcciEE6_PsaveE
00830118   ti_sysbios_heaps_HeapMem_Object__table__V
00830148   ti_sysbios_knl_Semaphore_Object__table__V
008301a0   xdc_runtime_LoggerBuf_Object__table__V
008301c4   _ZNSt9_FacetptrISt7codecvtIwciEE6_PsaveE
008301e8   ti_sysbios_family_c64p_Hwi_Object__table__V
00830200   _ZNSt6locale2id7_Id_cntE
00830204   _ZNSt6locale7_Locimp8_ClocptrE
00830214   _ZNSt9_FacetptrISt7num_putIcSt19ostreambuf_iteratorIcSt11char_traitsIcEEEE6_PsaveE
00830218   xdc_runtime_System_Module_State_0_atexitHandlers__A
00830234   __TI_cleanup_ptr
00830238   __TI_dtors_ptr
0083023c   __TI_enable_exit_profile_output
00830240   _ZNSt8ios_base6_IndexE
00830244   _ZNSt8ios_base5_SyncE
00830248   _ZSt4_Fpz
0083024c   _ZNSt9_FacetptrISt8numpunctIcEE6_PsaveE
0083025c   _lock
00830260   ti_sysbios_hal_Hwi_Object__table__V
0083026c   _unlock
00830270   __TI_ft_end
00830278   __errno
00830278   errno
0083027c   _ZNSt8ios_base4Init9_Init_cntE
00830280   _ZSt14_Raise_handler
00830288   _new_handler
0083028c   _ZNSt6_Winit9_Init_cntE
00830290   ti_sysbios_gates_GateHwi_Object__table__V
00830298   ti_sysbios_knl_Task_Module_State_0_idleTask__A
008302a0   __CIOBUF_
00830400   ti_sysbios_family_c64p_Hwi0
00830400   ti_sysbios_family_c64p_Hwi_int0
00830420   ti_sysbios_family_c64p_Hwi_int1
00830440   ti_sysbios_family_c64p_Hwi_int2
00830460   ti_sysbios_family_c64p_Hwi_int3
00830480   ti_sysbios_family_c64p_Hwi_int4
008304a0   ti_sysbios_family_c64p_Hwi_int5
008304c0   ti_sysbios_family_c64p_Hwi_int6
008304e0   ti_sysbios_family_c64p_Hwi_int7
00830500   ti_sysbios_family_c64p_Hwi_int8
00830520   ti_sysbios_family_c64p_Hwi_int9
00830540   ti_sysbios_family_c64p_Hwi_int10
00830560   ti_sysbios_family_c64p_Hwi_int11
00830580   ti_sysbios_family_c64p_Hwi_int12
008305a0   ti_sysbios_family_c64p_Hwi_int13
008305c0   ti_sysbios_family_c64p_Hwi_int14
008305e0   ti_sysbios_family_c64p_Hwi_int15
00830600   __TI_INITARRAY_Base
00830648   _ZGVNSt7num_putIcSt19ostreambuf_iteratorIcSt11char_traitsIcEEE2idE
00830648   __TI_INITARRAY_Limit
00830648   __TI_STATIC_BASE
00830650   _ZGVNSt8numpunctIcE2idE
00830658   dynamicMemory
0083065c   __dso_handle
00830660   g_nUsers
00830662   g_nTransmit
00830664   g_nReceive
00830666   g_nSchedBlocks
0083066c   clock0
00830670   clock1
00830674   swiHandleA
00830678   swiHandleB
0083067c   task0
00830680   reInitSystem
00830684   bufferHeap
00830688   task1
0083068c   schedDispSem
00830d1c   __TI_Handler_Table_Base
00830d28   __TI_Handler_Table_Limit
00830d48   __TI_CINIT_Base
00830d80   __TI_CINIT_Limit
0c000000   ti_sysbios_heaps_HeapMem_Instance_State_0_buf__A
0c07fff8   ti_sysbios_heaps_HeapMem_Instance_State_1_buf__A
0c0ffff0   globalChannelMatrix
ffffffff   __TI_pprof_out_hndl
ffffffff   __TI_prof_data_size
ffffffff   __TI_prof_data_start
ffffffff   __binit__
ffffffff   __c_args__
ffffffff   binit

[1326 symbols]
