******************************************************************************
               TMS320C6x Linker Unix v7.6.0                    
******************************************************************************
>> Linked Tue Jun 24 14:03:03 2014

OUTPUT FILE NAME:   <schedulerTIKernel.out>
ENTRY POINT SYMBOL: "_c_int00"  address: 00820a60


MEMORY CONFIGURATION

         name            origin    length      used     unused   attr    fill
----------------------  --------  ---------  --------  --------  ----  --------
  L2SRAM                00800000   00100000  0002fc8a  000d0376  RW X
  MSMCSRAM              0c000000   00200000  0010c7f0  000f3810  RW X
  DDR3                  80000000   20000000  00000000  20000000  RWIX


SEGMENT ALLOCATION MAP

run origin  load origin   length   init length attrs members
----------  ----------- ---------- ----------- ----- -------
00800000    00800000    0002aa6a   0002aa6a    r-x
  00800000    00800000    00027280   00027280    r-x .text
  00827280    00827280    000037ea   000037ea    r-- .const
0082aa70    0082aa70    00004890   00000000    rw-
  0082aa70    0082aa70    00002000   00000000    rw- .stack
  0082ca70    0082ca70    00001b4c   00000000    rw- .far
  0082e5c0    0082e5c0    00000c1c   00000000    rw- .fardata
  0082f1e0    0082f1e0    00000120   00000000    rw- .cio
0082f300    0082f300    00000048   00000048    r--
  0082f300    0082f300    00000048   00000048    r-- .init_array
0082f348    0082f348    00000020   00000000    rw-
  0082f348    0082f348    00000018   00000000    rw- .bss
  0082f360    0082f360    00000008   00000000    rw- .neardata
0082f368    0082f368    00000028   00000000    r--
  0082f368    0082f368    00000028   00000000    r-- .rodata
0082f390    0082f390    00000010   00000010    r--
  0082f390    0082f390    00000010   00000010    r-- .switch
0082f400    0082f400    000008f8   000008f8    r-x
  0082f400    0082f400    00000200   00000200    r-x .vecs
  0082f600    0082f600    000006f8   000006f8    r-- .cinit
0c000000    0c000000    0010c7f0   00000000    rw-
  0c000000    0c000000    000ffff0   00000000    rw- .memHeap
  0c0ffff0    0c0ffff0    0000c800   00000000    rw- .bigMem


SECTION ALLOCATION MAP

 output                                  attributes/
section   page    origin      length       input sections
--------  ----  ----------  ----------   ----------------
.stack     0    0082aa70    00002000     UNINITIALIZED
                  0082aa70    00000008     boot.ae66 : boot.oe66 (.stack)
                  0082aa78    00001ff8     --HOLE--

.far       0    0082ca70    00001b4c     UNINITIALIZED
                  0082ca70    00001000     scheduler_pe66.oe66 (.far:taskStackSection)
                  0082da70    00000400     scheduler_pe66.oe66 (.far)
                  0082de70    000001d8     rts6600_elf.lib : wiostrea.obj (.far)
                  0082e048    000001d4                     : iostream.obj (.far)
                  0082e21c    00000192     globalDeclarations.obj (.far)
                  0082e3ae    00000002     blasFunctions.obj (.far)
                  0082e3b0    00000140     (.common:__TI_tmpnams)
                  0082e4f0    0000000c     rts6600_elf.lib : locale0.obj (.far)
                  0082e4fc    00000004                     : wlocale.obj (.far:_ZNSt10moneypunctIwLb0EE2idE)
                  0082e500    00000008     (.common:parmbuf)
                  0082e508    00000008                     : wlocale.obj (.far:_ZGVNSt10moneypunctIwLb0EE2idE)
                  0082e510    00000008                     : wlocale.obj (.far:_ZGVNSt10moneypunctIwLb1EE2idE)
                  0082e518    00000008                     : iostream.obj (.far:_ZGVNSt7codecvtIcciE2idE)
                  0082e520    00000008                     : wlocale.obj (.far:_ZGVNSt7collateIwE2idE)
                  0082e528    00000008                     : wlocale.obj (.far:_ZGVNSt7num_getIwSt19istreambuf_iteratorIwSt11char_traitsIwEEE2idE)
                  0082e530    00000008                     : wlocale.obj (.far:_ZGVNSt7num_putIwSt19ostreambuf_iteratorIwSt11char_traitsIwEEE2idE)
                  0082e538    00000008                     : wlocale.obj (.far:_ZGVNSt8messagesIwE2idE)
                  0082e540    00000008                     : wlocale.obj (.far:_ZGVNSt8numpunctIwE2idE)
                  0082e548    00000008                     : wlocale.obj (.far:_ZGVNSt8time_getIwSt19istreambuf_iteratorIwSt11char_traitsIwEEE2idE)
                  0082e550    00000008                     : wlocale.obj (.far:_ZGVNSt9money_getIwSt19istreambuf_iteratorIwSt11char_traitsIwEEE2idE)
                  0082e558    00000008                     : wlocale.obj (.far:_ZGVNSt9money_putIwSt19ostreambuf_iteratorIwSt11char_traitsIwEEE2idE)
                  0082e560    00000004                     : wlocale.obj (.far:_ZNSt10moneypunctIwLb1EE2idE)
                  0082e564    00000004                     : iostream.obj (.far:_ZNSt13basic_filebufIcSt11char_traitsIcEE7_StinitE)
                  0082e568    00000004                     : wiostrea.obj (.far:_ZNSt13basic_filebufIwSt11char_traitsIwEE7_StinitE)
                  0082e56c    00000004                     : iostream.obj (.far:_ZNSt4fposIiE4_StzE)
                  0082e570    00000004                     : iostream.obj (.far:_ZNSt7codecvtIcciE2idE)
                  0082e574    00000004                     : wlocale.obj (.far:_ZNSt7collateIwE2idE)
                  0082e578    00000004                     : wlocale.obj (.far:_ZNSt7num_getIwSt19istreambuf_iteratorIwSt11char_traitsIwEEE2idE)
                  0082e57c    00000004     dynamicMemory.obj (.far:_ZNSt7num_putIcSt19ostreambuf_iteratorIcSt11char_traitsIcEEE2idE)
                  0082e580    00000004     rts6600_elf.lib : wlocale.obj (.far:_ZNSt7num_putIwSt19ostreambuf_iteratorIwSt11char_traitsIwEEE2idE)
                  0082e584    00000004                     : wlocale.obj (.far:_ZNSt8messagesIwE2idE)
                  0082e588    00000004     dynamicMemory.obj (.far:_ZNSt8numpunctIcE2idE)
                  0082e58c    00000004     rts6600_elf.lib : wlocale.obj (.far:_ZNSt8numpunctIwE2idE)
                  0082e590    00000004                     : wlocale.obj (.far:_ZNSt8time_getIwSt19istreambuf_iteratorIwSt11char_traitsIwEEE2idE)
                  0082e594    00000004                     : wlocale.obj (.far:_ZNSt8time_putIwSt19ostreambuf_iteratorIwSt11char_traitsIwEEE2idE)
                  0082e598    00000004                     : wlocale.obj (.far:_ZNSt9money_getIwSt19istreambuf_iteratorIwSt11char_traitsIwEEE2idE)
                  0082e59c    00000004                     : wlocale.obj (.far:_ZNSt9money_putIwSt19ostreambuf_iteratorIwSt11char_traitsIwEEE2idE)
                  0082e5a0    00000004                     : wlocale.obj (.far)
                  0082e5a4    00000002     displayFunctions.obj (.far)
                  0082e5a6    00000002     dynamicMemory.obj (.far)
                  0082e5a8    00000002     frameworkFunctions.obj (.far)
                  0082e5aa    00000002     greedyScheduling.obj (.far)
                  0082e5ac    00000002     lapackFunctions.obj (.far)
                  0082e5ae    00000002     lteSystem.obj (.far)
                  0082e5b0    00000002     memoryManagement.obj (.far)
                  0082e5b2    00000002     pipdScheduling.obj (.far)
                  0082e5b4    00000002     randomScheduling.obj (.far)
                  0082e5b6    00000002     schedulingAlgorithms.obj (.far)
                  0082e5b8    00000002     succprojScheduling.obj (.far)
                  0082e5ba    00000002     supportingFunctions.obj (.far)

.cio       0    0082f1e0    00000120     UNINITIALIZED
                  0082f1e0    00000120     rts6600_elf.lib : trgmsg.obj (.cio)

.bss       0    0082f348    00000018     UNINITIALIZED
                  0082f348    00000008     dynamicMemory.obj (.bss:_ZGVNSt7num_putIcSt19ostreambuf_iteratorIcSt11char_traitsIcEEE2idE)
                  0082f350    00000008     dynamicMemory.obj (.bss:_ZGVNSt8numpunctIcE2idE)
                  0082f358    00000004     globalDeclarations.obj (.bss)
                  0082f35c    00000004     (.common:__dso_handle)

.neardata 
*          0    0082f360    00000008     UNINITIALIZED
                  0082f360    00000008     lteSystem.obj (.neardata)

.rodata    0    0082f368    00000028     UNINITIALIZED
                  0082f368    00000028     scheduler_pe66.oe66 (.rodata)

.cinit     0    0082f600    000006f8     
                  0082f600    00000653     (.cinit..fardata.load) [load image, compression = rle]
                  0082fc53    00000001     --HOLE-- [fill = 0]
                  0082fc54    0000002e     (.cinit..rodata.load) [load image, compression = rle]
                  0082fc82    00000002     --HOLE-- [fill = 0]
                  0082fc84    0000000e     (.cinit..neardata.load) [load image, compression = rle]
                  0082fc92    00000002     --HOLE-- [fill = 0]
                  0082fc94    0000000c     (__TI_handler_table)
                  0082fca0    00000008     (.cinit..bigMem.load) [load image, compression = zero_init]
                  0082fca8    00000008     (.cinit..bss.load) [load image, compression = zero_init]
                  0082fcb0    00000008     (.cinit..far.load) [load image, compression = zero_init]
                  0082fcb8    00000008     (.cinit..memHeap.load) [load image, compression = zero_init]
                  0082fcc0    00000038     (__TI_cinit_table)

.init_array 
*          0    0082f300    00000048     
                  0082f300    00000004     blasFunctions.obj (.init_array)
                  0082f304    00000004     displayFunctions.obj (.init_array)
                  0082f308    00000004     dynamicMemory.obj (.init_array)
                  0082f30c    00000004     frameworkFunctions.obj (.init_array)
                  0082f310    00000004     globalDeclarations.obj (.init_array)
                  0082f314    00000004     greedyScheduling.obj (.init_array)
                  0082f318    00000004     lapackFunctions.obj (.init_array)
                  0082f31c    00000004     lteSystem.obj (.init_array)
                  0082f320    00000004     memoryManagement.obj (.init_array)
                  0082f324    00000004     pipdScheduling.obj (.init_array)
                  0082f328    00000004     randomScheduling.obj (.init_array)
                  0082f32c    00000004     rts6600_elf.lib : iostream.obj (.init_array)
                  0082f330    00000004                     : locale0.obj (.init_array)
                  0082f334    00000004                     : wiostrea.obj (.init_array)
                  0082f338    00000004                     : wlocale.obj (.init_array)
                  0082f33c    00000004     schedulingAlgorithms.obj (.init_array)
                  0082f340    00000004     succprojScheduling.obj (.init_array)
                  0082f344    00000004     supportingFunctions.obj (.init_array)

.vecs      0    0082f400    00000200     
                  0082f400    00000200     scheduler_pe66.oe66 (.vecs)

.memHeap   0    0c000000    000ffff0     UNINITIALIZED
                  0c000000    000ffff0     scheduler_pe66.oe66 (.memHeap)

.bigMem    0    0c0ffff0    0000c800     UNINITIALIZED
                  0c0ffff0    0000c800     globalDeclarations.obj (.bigMem)

xdc.meta   0    00800000    000000f0     COPY SECTION
                  00800000    000000f0     scheduler_pe66.oe66 (xdc.meta)

.text      0    00800000    00027280     
                  00800000    00001b80     blasFunctions.obj (.text)
                  00801b80    00001320     dynamicMemory.obj (.text)
                  00802ea0    000012e0     lapackFunctions.obj (.text)
                  00804180    00001100     dynamicMemory.obj (.text:_ZNKSt7num_putIcSt19ostreambuf_iteratorIcSt11char_traitsIcEEE5_FputES3_RSt8ios_basecPKcjjjj)
                  00805280    00000dc0     frameworkFunctions.obj (.text)
                  00806040    00000960     pipdScheduling.obj (.text)
                  008069a0    000008e0     rts6600_elf.lib : wiostrea.obj (.text:_ZNSt6_WinitC1Ev)
                  00807280    000008a0     ti.targets.rts6000.ae66 : System.oe66 (.text:xdc_runtime_System_doPrint__I)
                  00807b20    000007a0     rts6600_elf.lib : iostream.obj (.text:_ZNSt8ios_base4InitC1Ev)
                  008082c0    00000780     sysbios.ae66 : BIOS.obj (.text:ti_sysbios_family_c64p_Exception_handler__I)
                  00808a40    00000720     dynamicMemory.obj (.text:_ZNKSt7num_putIcSt19ostreambuf_iteratorIcSt11char_traitsIcEEE5_IputES3_RSt8ios_basecPcj)
                  00809160    00000680     rts6600_elf.lib : powf.obj (.text:powf)
                  008097e0    00000620                     : iostream.obj (.text:_ZNSt13basic_filebufIcSt11char_traitsIcEE8overflowEi)
                  00809e00    00000600                     : wiostrea.obj (.text:_ZNSt13basic_filebufIwSt11char_traitsIwEE8overflowEj)
                  0080a400    00000600                     : divd.obj (.text:__c6xabi_divd)
                  0080aa00    000005e0                     : wiostrea.obj (.text:_ZNSt13basic_filebufIwSt11char_traitsIwEE5uflowEv)
                  0080afe0    000005c0                     : iostream.obj (.text:_ZNSt13basic_filebufIcSt11char_traitsIcEE5uflowEv)
                  0080b5a0    000005a0     succprojScheduling.obj (.text)
                  0080bb40    00000580     dynamicMemory.obj (.text:_ZNKSt7num_putIcSt19ostreambuf_iteratorIcSt11char_traitsIcEEE6do_putES3_RSt8ios_basecb)
                  0080c0c0    00000580     rts6600_elf.lib : _printfi.obj (.text:_getarg_diouxp)
                  0080c640    00000560     displayFunctions.obj (.text)
                  0080cba0    00000540     rts6600_elf.lib : _printfi.obj (.text:_setfield)
                  0080d0e0    00000520                     : wiostrea.obj (.text:_ZNSt13basic_filebufIwSt11char_traitsIwEE9_EndwriteEv)
                  0080d600    00000520                     : ios.obj (.text:_ZNSt8ios_base5clearENSt5_IosbIiE8_IostateEb)
                  0080db20    00000500                     : iostream.obj (.text:_ZNSt13basic_filebufIcSt11char_traitsIcEE9_EndwriteEv)
                  0080e020    00000500                     : wlocale.obj (.text:__sti___11_wlocale_cpp_3b9bd5f7)
                  0080e520    000004e0     frameworkFunctions.obj (.text:_ZSt4endlIcSt11char_traitsIcEERSt13basic_ostreamIT_T0_ES6_)
                  0080ea00    000004e0     dynamicMemory.obj (.text:_ZStlsISt11char_traitsIcEERSt13basic_ostreamIcT_ES5_PKc)
                  0080eee0    000004a0     rts6600_elf.lib : fwrite.obj (.text:fwrite)
                  0080f380    00000460                     : _printfi.obj (.text:__TI_printfi)
                  0080f7e0    00000400     sysbios.ae66 : BIOS.obj (.text:ti_sysbios_knl_Semaphore_pend__E)
                  0080fbe0    000003a0     rts6600_elf.lib : fputs.obj (.text:fputs)
                  0080ff80    000003a0     supportingFunctions.obj (.text)
                  00810320    000003a0     sysbios.ae66 : BIOS.obj (.text:ti_sysbios_timers_timer64_Timer_Module_startup__E)
                  008106c0    00000320     rts6600_elf.lib : _printfi.obj (.text:_pproc_fge)
                  008109e0    00000300     greedyScheduling.obj (.text)
                  00810ce0    000002e0     dynamicMemory.obj (.text:_ZNKSt7num_putIcSt19ostreambuf_iteratorIcSt11char_traitsIcEEE6do_putES3_RSt8ios_basecd)
                  00810fc0    000002e0     dynamicMemory.obj (.text:_ZNKSt7num_putIcSt19ostreambuf_iteratorIcSt11char_traitsIcEEE6do_putES3_RSt8ios_basece)
                  008112a0    000002e0     dynamicMemory.obj (.text:_ZNSs6appendEPKcj)
                  00811580    000002e0     sysbios.ae66 : BIOS.obj (.text:ti_sysbios_timers_timer64_Timer_deviceConfig__I)
                  00811860    000002e0                  : BIOS.obj (.text:ti_sysbios_timers_timer64_Timer_setPeriodMicroSecs__E)
                  00811b40    000002c0     lteSystem.obj (.text)
                  00811e00    000002a0     rts6600_elf.lib : _printfi.obj (.text:_pproc_fwp)
                  008120a0    000002a0                     : _printfi.obj (.text:ecvt)
                  00812340    000002a0                     : _printfi.obj (.text:fcvt)
                  008125e0    000002a0     sysbios.ae66 : BIOS.obj (.text:ti_sysbios_knl_Clock_workFunc__E)
                  00812880    00000280     rts6600_elf.lib : wiostrea.obj (.text:_ZNSt6_WinitD1Ev)
                  00812b00    00000280                     : divf.obj (.text:__c6xabi_divf)
                  00812d80    00000280                     : iostream.obj (.text:__sti___12_iostream_cpp_b004430c)
                  00813000    00000260     dynamicMemory.obj (.text:_ZNSolsEj)
                  00813260    00000260     rts6600_elf.lib : _printfi.obj (.text:_pconv_e)
                  008134c0    00000260     sysbios.ae66 : BIOS.obj (.text:ti_sysbios_family_c64p_Hwi_dispatchCore__I)
                  00813720    00000260     ti.targets.rts6000.ae66 : Startup.oe66 (.text:xdc_runtime_Startup_startMods__I)
                  00813980    00000260     scheduler_pe66.oe66 (.text:xdc_runtime_System_printfExtend__I)
                  00813be0    00000240     rts6600_elf.lib : wiostrea.obj (.text:_ZNSt13basic_filebufIwSt11char_traitsIwEE5imbueERKSt6locale)
                  00813e20    00000240                     : imath64.obj (.text:__c6xabi_divull)
                  00814060    00000240                     : _printfi.obj (.text:_pproc_diouxp)
                  008142a0    00000240                     : _printfi.obj (.text:_pproc_str)
                  008144e0    00000240                     : setvbuf.obj (.text:setvbuf)
                  00814720    00000240     sysbios.ae66 : BIOS.obj (.text:ti_sysbios_family_c64p_Exception_internalHandler__I)
                  00814960    00000240     ti.targets.rts6000.ae66 : Core-mem.oe66 (.text:xdc_runtime_Core_createObject__I)
                  00814ba0    00000240                             : LoggerBuf.oe66 (.text:xdc_runtime_LoggerBuf_write8__E)
                  00814de0    00000220     dynamicMemory.obj (.text:_ZNSs6assignERKSsjj)
                  00815000    00000220     rts6600_elf.lib : wiostrea.obj (.text:__sti___12_wiostrea_cpp_9fa80e7a)
                  00815220    00000220                     : fputc.obj (.text:fputc)
                  00815440    00000220     sysbios.ae66 : BIOS.obj (.text:ti_sysbios_knl_Swi_run__I)
                  00815660    00000200     rts6600_elf.lib : _printfi.obj (.text:_pconv_g)
                  00815860    00000200     sysbios.ae66 : c64p_Hwi_disp_always.obj (.text:_ti_sysbios_family_c64p_Hwi_dispatchAlways)
                  00815a60    00000200     ti.targets.rts6000.ae66 : Error.oe66 (.text:xdc_runtime_Error_policyDefault__E)
                  00815c60    000001e0     rts6600_elf.lib : imath40.obj (.text:__c6xabi_divul)
                  00815e40    000001c0                     : trgdrv.obj (.text:HOSTrename)
                  00816000    000001c0                     : vec_newdel.obj (.text:_Z17array_new_generalPvijjS_PFYS_S_ES1_PFYS_jEPFYvS_Eii)
                  008161c0    000001c0     dynamicMemory.obj (.text:_ZNKSt8numpunctIcE11do_groupingEv)
                  00816380    000001c0     dynamicMemory.obj (.text:_ZNKSt8numpunctIcE11do_truenameEv)
                  00816540    000001c0     dynamicMemory.obj (.text:_ZNKSt8numpunctIcE12do_falsenameEv)
                  00816700    000001c0     frameworkFunctions.obj (.text:_ZNSo6sentryC1ERSo)
                  008168c0    000001c0     dynamicMemory.obj (.text:_ZNSs6insertEjjc)
                  00816a80    000001c0     rts6600_elf.lib : iostream.obj (.text:_ZNSt13basic_filebufIcSt11char_traitsIcEE7seekoffElNSt5_IosbIiE8_SeekdirENS4_9_OpenmodeE)
                  00816c40    000001c0                     : wiostrea.obj (.text:_ZNSt13basic_filebufIwSt11char_traitsIwEE7seekoffElNSt5_IosbIiE8_SeekdirENS4_9_OpenmodeE)
                  00816e00    000001c0                     : _printfi.obj (.text:_mcpy)
                  00816fc0    000001c0     randomScheduling.obj (.text)
                  00817180    000001c0     sysbios.ae66 : BIOS.obj (.text:ti_sysbios_knl_Task_checkStacks__E)
                  00817340    000001c0     ti.targets.rts6000.ae66 : Text.oe66 (.text:xdc_runtime_Text_putSite__E)
                  00817500    000001a0     rts6600_elf.lib : string.obj (.text:_ZNKSt12_String_base5_XranEv)
                  008176a0    000001a0     dynamicMemory.obj (.text:_ZNKSt7num_putIcSt19ostreambuf_iteratorIcSt11char_traitsIcEEE11_PutgroupedES3_PKcjc)
                  00817840    000001a0     rts6600_elf.lib : iostream.obj (.text:_ZNSt13basic_filebufIcSt11char_traitsIcEE7seekposESt4fposIiENSt5_IosbIiE9_OpenmodeE)
                  008179e0    000001a0                     : wiostrea.obj (.text:_ZNSt13basic_filebufIwSt11char_traitsIwEE7seekposESt4fposIiENSt5_IosbIiE9_OpenmodeE)
                  00817b80    000001a0                     : wiostrea.obj (.text:_ZNSt13basic_filebufIwSt11char_traitsIwEE9pbackfailEj)
                  00817d20    000001a0     dynamicMemory.obj (.text:_ZNSt8numpunctIcE5_InitERKSt8_Locinfo)
                  00817ec0    000001a0     rts6600_elf.lib : frexpf.obj (.text:frexpf)
                  00818060    000001a0     sysbios.ae66 : BIOS.obj (.text:ti_sysbios_knl_Task_schedule__I)
                  00818200    000001a0                  : BIOS.obj (.text:ti_sysbios_timers_timer64_Timer_start__E)
                  008183a0    000001a0     ti.targets.rts6000.ae66 : LoggerBuf.oe66 (.text:xdc_runtime_LoggerBuf_write4__E)
                  00818540    00000180     rts6600_elf.lib : xlocinfo.obj (.text:_Getctyptab)
                  008186c0    00000180                     : wiostrea.obj (.text:_ZNKSt5ctypeIwE10do_toupperEPwPKw)
                  00818840    00000180                     : wiostrea.obj (.text:_ZNKSt7codecvtIwciE5do_inERiPKcS3_RS3_PwS5_RS5_)
                  008189c0    00000180                     : wiostrea.obj (.text:_ZNKSt7codecvtIwciE6do_outERiPKwS3_RS3_PcS5_RS5_)
                  00818b40    00000180                     : iostream.obj (.text:_ZNSt13basic_filebufIcSt11char_traitsIcEE9pbackfailEi)
                  00818cc0    00000180                     : wiostrea.obj (.text:_ZSt9use_facetISt5ctypeIwEERKT_RKSt6locale)
                  00818e40    00000180                     : ldexpf.obj (.text:ldexpf)
                  00818fc0    00000180     sysbios.ae66 : c64p_Exception_asm.obj (.text)
                  00819140    00000180                  : BIOS.obj (.text:ti_sysbios_heaps_HeapMem_alloc__E)
                  008192c0    00000180                  : BIOS.obj (.text:ti_sysbios_knl_Semaphore_post__E)
                  00819440    00000180                  : BIOS.obj (.text:ti_sysbios_knl_Task_startCore__E)
                  008195c0    00000180     ti.targets.rts6000.ae66 : Core-smem.oe66 (.text:xdc_runtime_Core_constructObject__I)
                  00819740    00000160     rts6600_elf.lib : iostream.obj (.text:_ZNSt13basic_filebufIcSt11char_traitsIcEED0Ev)
                  008198a0    00000160                     : wiostrea.obj (.text:_ZNSt13basic_filebufIwSt11char_traitsIwEED0Ev)
                  00819a00    00000160                     : iostream.obj (.text:_ZNSt9basic_iosIcSt11char_traitsIcEE4initEPSt15basic_streambufIcS1_Eb)
                  00819b60    00000160                     : wiostrea.obj (.text:_ZNSt9basic_iosIwSt11char_traitsIwEE4initEPSt15basic_streambufIwS1_Eb)
                  00819cc0    00000160                     : iostream.obj (.text:_ZSt9use_facetISt5ctypeIcEERKT_RKSt6locale)
                  00819e20    00000160                     : copy_decompress_rle.obj (.text:__TI_decompress_rle_core)
                  00819f80    00000140                     : string.obj (.text:_ZNKSt12_String_base5_XlenEv)
                  0081a0c0    00000140     dynamicMemory.obj (.text:_ZNSs5_CopyEjj)
                  0081a200    00000140     rts6600_elf.lib : iostream.obj (.text:_ZNSt13basic_filebufIcSt11char_traitsIcEE6setbufEPci)
                  0081a340    00000140                     : iostream.obj (.text:_ZNSt13basic_filebufIcSt11char_traitsIcEED1Ev)
                  0081a480    00000140                     : wiostrea.obj (.text:_ZNSt13basic_filebufIwSt11char_traitsIwEED1Ev)
                  0081a5c0    00000140                     : locale0.obj (.text:_ZNSt6locale7_LocimpD1Ev)
                  0081a700    00000140                     : iostream.obj (.text:_ZSt9use_facetISt7codecvtIcciEERKT_RKSt6locale)
                  0081a840    00000140     dynamicMemory.obj (.text:_ZSt9use_facetISt7num_putIcSt19ostreambuf_iteratorIcSt11char_traitsIcEEEERKT_RKSt6locale)
                  0081a980    00000140     dynamicMemory.obj (.text:_ZSt9use_facetISt8numpunctIcEERKT_RKSt6locale)
                  0081aac0    00000140     rts6600_elf.lib : _bufread.obj (.text:__TI_buff_read)
                  0081ac00    00000140                     : fclose.obj (.text:__TI_closefile)
                  0081ad40    00000140     boot.ae66 : autoinit.oe66 (.text:_auto_init_elf)
                  0081ae80    00000140     rts6600_elf.lib : fflush.obj (.text:fflush)
                  0081afc0    00000140                     : fgetc.obj (.text:fgetc)
                  0081b100    00000140                     : lowlev.obj (.text:getdevice)
                  0081b240    00000140     schedulingAlgorithms.obj (.text)
                  0081b380    00000140     sysbios.ae66 : BIOS.obj (.text:ti_sysbios_heaps_HeapMem_free__E)
                  0081b4c0    00000140                  : BIOS.obj (.text:ti_sysbios_knl_Swi_post__E)
                  0081b600    00000140                  : BIOS.obj (.text:ti_sysbios_knl_Task_blockI__E)
                  0081b740    00000140     rts6600_elf.lib : ungetc.obj (.text:ungetc)
                  0081b880    00000140     ti.targets.rts6000.ae66 : Text.oe66 (.text:xdc_runtime_Text_putLab__E)
                  0081b9c0    00000120     rts6600_elf.lib : wiostrea.obj (.text:_ZNKSt5ctypeIwE5do_isEPKwS2_Ps)
                  0081bae0    00000120                     : wiostrea.obj (.text:_ZNKSt5ctypeIwE9do_narrowEPKwS2_cPc)
                  0081bc00    00000120                     : ios.obj (.text:_ZNSs5_GrowEjb)
                  0081bd20    00000120                     : wiostrea.obj (.text:_ZNSt13basic_filebufIwSt11char_traitsIwEE6setbufEPwi)
                  0081be40    00000120                     : locale0.obj (.text:_ZNSt6locale5_InitEv)
                  0081bf60    00000120                     : locale0.obj (.text:_ZNSt8_LocinfoC1EPKc)
                  0081c080    00000120                     : locale0.obj (.text:_ZNSt8_LocinfoD1Ev)
                  0081c1a0    00000120                     : fseek.obj (.text:fseek)
                  0081c2c0    00000120                     : ftell.obj (.text:ftell)
                  0081c3e0    00000120                     : sqrtf.obj (.text:sqrtf)
                  0081c500    00000120     sysbios.ae66 : BIOS.obj (.text:ti_sysbios_family_c64p_Hwi_Module_startup__E)
                  0081c620    00000120                  : BIOS.obj (.text:ti_sysbios_knl_Task_exit__E)
                  0081c740    00000120                  : BIOS.obj (.text:ti_sysbios_knl_Task_postInit__I)
                  0081c860    00000120     ti.targets.rts6000.ae66 : LoggerBuf.oe66 (.text:xdc_runtime_LoggerBuf_setFilterLevel__E)
                  0081c980    00000120                             : Text.oe66 (.text:xdc_runtime_Text_putMod__E)
                  0081caa0    00000100     rts6600_elf.lib : trgdrv.obj (.text:HOSTlseek)
                  0081cba0    00000100                     : wiostrea.obj (.text:_ZNKSt7codecvtIwciE9do_lengthERKiPKcS4_j)
                  0081cca0    00000100                     : ios.obj (.text:_ZNSs6assignEPKcj)
                  0081cda0    00000100                     : iostream.obj (.text:_ZNSt15basic_streambufIcSt11char_traitsIcEE6xsgetnEPci)
                  0081cea0    00000100                     : iostream.obj (.text:_ZNSt15basic_streambufIcSt11char_traitsIcEE6xsputnEPKci)
                  0081cfa0    00000100                     : wiostrea.obj (.text:_ZNSt15basic_streambufIwSt11char_traitsIwEE6xsgetnEPwi)
                  0081d0a0    00000100                     : wiostrea.obj (.text:_ZNSt15basic_streambufIwSt11char_traitsIwEE6xsputnEPKwi)
                  0081d1a0    00000100                     : _io_perm.obj (.text:__TI_wrt_ok)
                  0081d2a0    00000100                     : _printfi.obj (.text:_ltostr)
                  0081d3a0    00000100                     : _printfi.obj (.text:_pproc_fflags)
                  0081d4a0    00000100                     : atoi.obj (.text:atoi)
                  0081d5a0    00000100     memoryManagement.obj (.text)
                  0081d6a0    00000100     sysbios.ae66 : BIOS.obj (.text:ti_sysbios_knl_Swi_restoreHwi__E)
                  0081d7a0    00000100                  : BIOS.obj (.text:ti_sysbios_knl_Task_unblockI__E)
                  0081d8a0    00000100                  : BIOS.obj (.text:ti_sysbios_timers_timer64_Timer_initDevice__I)
                  0081d9a0    00000100     ti.targets.rts6000.ae66 : Core-mem.oe66 (.text:xdc_runtime_Core_deleteObject__I)
                  0081daa0    00000100                             : LoggerBuf.oe66 (.text:xdc_runtime_LoggerBuf_getFilterLevel__E)
                  0081dba0    00000100                             : Startup.oe66 (.text:xdc_runtime_Startup_exec__E)
                  0081dca0    00000100                             : Text.oe66 (.text:xdc_runtime_Text_visitRope2__I)
                  0081dda0    000000e0     rts6600_elf.lib : trgdrv.obj (.text:HOSTopen)
                  0081de80    000000e0                     : trgdrv.obj (.text:HOSTwrite)
                  0081df60    000000e0                     : locale0.obj (.text:_Fac_tidy)
                  0081e040    000000e0     dynamicMemory.obj (.text:_ZNSs5eraseEjj)
                  0081e120    000000e0     rts6600_elf.lib : locale0.obj (.text:_ZNSt6locale7_LocimpC1Eb)
                  0081e200    000000e0                     : dtor_list.obj (.text:__cxa_finalize)
                  0081e2e0    000000e0                     : divi.obj (.text:__divi)
                  0081e3c0    000000e0                     : _printfi.obj (.text:_div)
                  0081e4a0    000000e0                     : lowlev.obj (.text:close)
                  0081e580    000000e0                     : copy_zero_init.obj (.text:decompress:ZI:__TI_zero_init)
                  0081e660    000000e0                     : ltoa.obj (.text:ltoa)
                  0081e740    000000e0                     : memset.obj (.text:memset)
                  0081e820    000000e0                     : printf.obj (.text:printf)
                  0081e900    000000e0     sysbios.ae66 : BIOS.obj (.text:ti_sysbios_knl_Swi_runLoop__I)
                  0081e9e0    000000e0                  : BIOS.obj (.text:ti_sysbios_knl_Task_Module_startup__E)
                  0081eac0    000000e0                  : BIOS.obj (.text:ti_sysbios_timers_timer64_Timer_startup__E)
                  0081eba0    000000e0     ti.targets.rts6000.ae66 : Error.oe66 (.text:xdc_runtime_Error_print__E)
                  0081ec80    000000e0                             : Memory.oe66 (.text:xdc_runtime_Memory_alloc__E)
                  0081ed60    000000c0     rts6600_elf.lib : trgdrv.obj (.text:HOSTread)
                  0081ee20    000000c0                     : trgdrv.obj (.text:HOSTunlink)
                  0081eee0    000000c0                     : dtor_list.obj (.text:_Z11__TI_atexitPFYvPvES_S_)
                  0081efa0    000000c0                     : wiostrea.obj (.text:_ZNKSt5ctypeIwE10do_tolowerEPwPKw)
                  0081f060    000000c0     dynamicMemory.obj (.text:_ZNSo5flushEv)
                  0081f120    000000c0     rts6600_elf.lib : iostream.obj (.text:_ZNSt13basic_filebufIcSt11char_traitsIcEE5_InitEPSt4FILENS2_7_InitflE)
                  0081f1e0    000000c0                     : new_.obj (.text:_Znwj)
                  0081f2a0    000000c0                     : fflush.obj (.text:__TI_doflush)
                  0081f360    000000c0                     : _io_perm.obj (.text:__TI_rd_ok)
                  0081f420    000000c0                     : divu.obj (.text:__divu)
                  0081f4e0    000000c0                     : remi.obj (.text:__remi)
                  0081f5a0    000000c0                     : exit.obj (.text:exit)
                  0081f660    000000c0     sysMainLTE.obj (.text)
                  0081f720    000000c0     sysbios.ae66 : BIOS.obj (.text:ti_sysbios_heaps_HeapMem_getStats__E)
                  0081f7e0    000000c0                  : BIOS.obj (.text:ti_sysbios_knl_Clock_logTick__E)
                  0081f8a0    000000c0                  : BIOS.obj (.text:ti_sysbios_knl_Swi_schedule__I)
                  0081f960    000000c0                  : BIOS.obj (.text:ti_sysbios_knl_Task_allBlockedFunction__I)
                  0081fa20    000000c0                  : BIOS.obj (.text:ti_sysbios_timers_timer64_Timer_stop__E)
                  0081fae0    000000c0     ti.targets.rts6000.ae66 : Error.oe66 (.text:xdc_runtime_Error_setX__E)
                  0081fba0    000000c0                             : LoggerBuf.oe66 (.text:xdc_runtime_LoggerBuf_Instance_init__E)
                  0081fc60    000000c0     scheduler_pe66.oe66 (.text:xdc_runtime_LoggerBuf_Object__create__S)
                  0081fd20    000000c0     ti.targets.rts6000.ae66 : System.oe66 (.text:xdc_runtime_System_formatNum__I)
                  0081fde0    000000a0     rts6600_elf.lib : trgdrv.obj (.text:HOSTclose)
                  0081fe80    000000a0                     : wiostrea.obj (.text:_ZNKSt5ctypeIwE8do_widenEPKcS2_Pw)
                  0081ff20    000000a0                     : wiostrea.obj (.text:_ZNKSt7codecvtIwciE10do_unshiftERiPcS2_RS2_)
                  0081ffc0    000000a0     dynamicMemory.obj (.text:_ZNKSt7num_putIcSt19ostreambuf_iteratorIcSt11char_traitsIcEEE5_IfmtEPcPKcNSt5_IosbIiE9_FmtflagsE)
                  00820060    000000a0     rts6600_elf.lib : ios.obj (.text:_ZNSs5_TidyEbj)
                  00820100    000000a0                     : string.obj (.text:_ZNSt11logic_errorD1Ev)
                  008201a0    000000a0                     : string.obj (.text:_ZNSt12length_errorD1Ev)
                  00820240    000000a0                     : string.obj (.text:_ZNSt12out_of_rangeC1ERKSs)
                  008202e0    000000a0                     : string.obj (.text:_ZNSt12out_of_rangeD1Ev)
                  00820380    000000a0                     : iostream.obj (.text:_ZNSt13basic_filebufIcSt11char_traitsIcEE9underflowEv)
                  00820420    000000a0                     : wiostrea.obj (.text:_ZNSt13basic_filebufIwSt11char_traitsIwEE9underflowEv)
                  008204c0    000000a0                     : ios.obj (.text:_ZNSt13runtime_errorD1Ev)
                  00820560    000000a0                     : iostream.obj (.text:_ZNSt8ios_base4InitD1Ev)
                  00820600    000000a0                     : ios.obj (.text:_ZNSt8ios_base5_InitEv)
                  008206a0    000000a0                     : ios.obj (.text:_ZNSt8ios_base5_TidyEv)
                  00820740    000000a0                     : ios.obj (.text:_ZNSt8ios_base7_AddstdEv)
                  008207e0    000000a0                     : ios.obj (.text:_ZNSt8ios_base7failureD1Ev)
                  00820880    000000a0                     : ios.obj (.text:_ZNSt8ios_baseD1Ev)
                  00820920    000000a0                     : fopen.obj (.text:__TI_cleanup)
                  008209c0    000000a0                     : remu.obj (.text:__remu)
                  00820a60    000000a0     boot.ae66 : boot.oe66 (.text:_c_int00)
                  00820b00    000000a0     rts6600_elf.lib : _printfi.obj (.text:_ecpy)
                  00820ba0    000000a0                     : _printfi.obj (.text:_fcpy)
                  00820c40    000000a0                     : _printfi.obj (.text:_pconv_f)
                  00820ce0    000000a0     globalDeclarations.obj (.text)
                  00820d80    000000a0     rts6600_elf.lib : memcpy64.obj (.text:memcpy)
                  00820e20    000000a0     sysbios.ae66 : BIOS.obj (.text:ti_sysbios_family_c64p_Exception_Module_startup__E)
                  00820ec0    000000a0                  : BIOS.obj (.text:ti_sysbios_family_c64p_Hwi_eventMap__E)
                  00820f60    000000a0                  : BIOS.obj (.text:ti_sysbios_heaps_HeapMem_init__I)
                  00821000    000000a0     rts6600_elf.lib : wchar.obj (.text:wmemcpy)
                  008210a0    000000a0     ti.targets.rts6000.ae66 : Assert.oe66 (.text:xdc_runtime_Assert_raise__I)
                  00821140    000000a0                             : LoggerBuf.oe66 (.text:xdc_runtime_LoggerBuf_Module_startup__E)
                  008211e0    000000a0                             : SysMin.oe66 (.text:xdc_runtime_SysMin_abort__E)
                  00821280    000000a0                             : SysMin.oe66 (.text:xdc_runtime_SysMin_flush__E)
                  00821320    000000a0                             : SysMin.oe66 (.text:xdc_runtime_SysMin_putch__E)
                  008213c0    000000a0                             : Text.oe66 (.text:xdc_runtime_Text_xprintf__I)
                  00821460    00000080     rts6600_elf.lib : locale0.obj (.text:_Setgloballocale)
                  008214e0    00000080                     : wiostrea.obj (.text:_ZNKSt5ctypeIwE10do_scan_isEsPKwS2_)
                  00821560    00000080                     : wiostrea.obj (.text:_ZNKSt5ctypeIwE10do_tolowerEw)
                  008215e0    00000080                     : wiostrea.obj (.text:_ZNKSt5ctypeIwE11do_scan_notEsPKwS2_)
                  00821660    00000080                     : locale0.obj (.text:_ZNKSt6locale9_GetfacetEj)
                  008216e0    00000080     dynamicMemory.obj (.text:_ZNKSt7num_putIcSt19ostreambuf_iteratorIcSt11char_traitsIcEEE6do_putES3_RSt8ios_basecPKv)
                  00821760    00000080     dynamicMemory.obj (.text:_ZNKSt7num_putIcSt19ostreambuf_iteratorIcSt11char_traitsIcEEE6do_putES3_RSt8ios_basecl)
                  008217e0    00000080     dynamicMemory.obj (.text:_ZNKSt7num_putIcSt19ostreambuf_iteratorIcSt11char_traitsIcEEE6do_putES3_RSt8ios_basecm)
                  00821860    00000080     dynamicMemory.obj (.text:_ZNKSt7num_putIcSt19ostreambuf_iteratorIcSt11char_traitsIcEEE6do_putES3_RSt8ios_basecx)
                  008218e0    00000080     dynamicMemory.obj (.text:_ZNKSt7num_putIcSt19ostreambuf_iteratorIcSt11char_traitsIcEEE6do_putES3_RSt8ios_basecy)
                  00821960    00000080     rts6600_elf.lib : string.obj (.text:_ZNSsC1EPKc)
                  008219e0    00000080                     : string.obj (.text:_ZNSt11logic_errorC2ERKSs)
                  00821a60    00000080                     : string.obj (.text:_ZNSt11logic_errorD0Ev)
                  00821ae0    00000080                     : string.obj (.text:_ZNSt12length_errorD0Ev)
                  00821b60    00000080                     : string.obj (.text:_ZNSt12out_of_rangeD0Ev)
                  00821be0    00000080                     : iostream.obj (.text:_ZNSt13basic_filebufIcSt11char_traitsIcEE4syncEv)
                  00821c60    00000080                     : wiostrea.obj (.text:_ZNSt13basic_filebufIwSt11char_traitsIwEE4syncEv)
                  00821ce0    00000080                     : ios.obj (.text:_ZNSt13runtime_errorD0Ev)
                  00821d60    00000080     dynamicMemory.obj (.text:_ZNSt15basic_streambufIcSt11char_traitsIcEE5sputcEc)
                  00821de0    00000080     frameworkFunctions.obj (.text:_ZNSt5ctypeIcED0Ev)
                  00821e60    00000080     frameworkFunctions.obj (.text:_ZNSt5ctypeIcED1Ev)
                  00821ee0    00000080     rts6600_elf.lib : locale0.obj (.text:_ZNSt6locale5facet9_RegisterEv)
                  00821f60    00000080     dynamicMemory.obj (.text:_ZNSt6localeD1Ev)
                  00821fe0    00000080     rts6600_elf.lib : ios.obj (.text:_ZNSt8ios_base7failureD0Ev)
                  00822060    00000080                     : ios.obj (.text:_ZNSt8ios_base8_CallfnsENS_5eventE)
                  008220e0    00000080     dynamicMemory.obj (.text:_ZNSt8numpunctIcED0Ev)
                  00822160    00000080     rts6600_elf.lib : throw.obj (.text:_ZSt14_Debug_messagePKcS0_)
                  008221e0    00000080                     : trgmsg.obj (.text:__TI_readmsg)
                  00822260    00000080                     : trgmsg.obj (.text:__TI_writemsg)
                  008222e0    00000080                     : fixfu.obj (.text:__c6xabi_fixfu)
                  00822360    00000080                     : llshift.obj (.text:__c6xabi_llshl)
                  008223e0    00000080                     : roundf.obj (.text:__c6xabi_roundf)
                  00822460    00000080     sysbios.ae66 : c62_TaskSupport_asm.obj (.text:_ti_sysbios_family_c62_TaskSupport_swap__E)
                  008224e0    00000080     rts6600_elf.lib : fclose.obj (.text:fclose)
                  00822560    00000080                     : lowlev.obj (.text:finddevice)
                  008225e0    00000080     scheduler_pe66.oe66 (.text:malloc)
                  00822660    00000080     rts6600_elf.lib : rand.obj (.text:rand)
                  008226e0    00000080     sysbios.ae66 : BIOS.obj (.text:ti_sysbios_family_c62_TaskSupport_start__E)
                  00822760    00000080                  : BIOS.obj (.text:ti_sysbios_family_c64p_Hwi_getStackInfo__E)
                  008227e0    00000080                  : BIOS.obj (.text:ti_sysbios_family_c66_Cache_all__I)
                  00822860    00000080                  : BIOS.obj (.text:ti_sysbios_gates_GateMutex_enter__E)
                  008228e0    00000080                  : BIOS.obj (.text:ti_sysbios_hal_Hwi_checkStack)
                  00822960    00000080                  : BIOS.obj (.text:ti_sysbios_hal_Hwi_initStack)
                  008229e0    00000080                  : BIOS.obj (.text:ti_sysbios_heaps_HeapMem_Instance_init__E)
                  00822a60    00000080                  : BIOS.obj (.text:ti_sysbios_knl_Idle_run__E)
                  00822ae0    00000080                  : BIOS.obj (.text:ti_sysbios_knl_Swi_restore__E)
                  00822b60    00000080                  : BIOS.obj (.text:ti_sysbios_knl_Task_restoreHwi__E)
                  00822be0    00000080                  : BIOS.obj (.text:ti_sysbios_knl_Task_restore__E)
                  00822c60    00000080     rts6600_elf.lib : wchar.obj (.text:ungetwc)
                  00822ce0    00000080                     : lowlev.obj (.text:unlink)
                  00822d60    00000080     ti.targets.rts6000.ae66 : Core-label.oe66 (.text:xdc_runtime_Core_assignLabel__I)
                  00822de0    00000080                             : Core-params.oe66 (.text:xdc_runtime_Core_assignParams__I)
                  00822e60    00000080                             : LoggerBuf.oe66 (.text:xdc_runtime_LoggerBuf_filterOutEvent__I)
                  00822ee0    00000080                             : System.oe66 (.text:xdc_runtime_System_atexit__E)
                  00822f60    00000080                             : System.oe66 (.text:xdc_runtime_System_processAtExit__E)
                  00822fe0    00000080                             : System.oe66 (.text:xdc_runtime_System_putchar__I)
                  00823060    00000080                             : Text.oe66 (.text:xdc_runtime_Text_printVisFxn__I)
                  008230e0    00000060     rts6600_elf.lib : locale0.obj (.text:_Deletegloballocale)
                  00823140    00000060     frameworkFunctions.obj (.text:_ZNKSt5ctypeIcE10do_tolowerEPcPKc)
                  008231a0    00000060     frameworkFunctions.obj (.text:_ZNKSt5ctypeIcE10do_toupperEPcPKc)
                  00823200    00000060     rts6600_elf.lib : wiostrea.obj (.text:_ZNKSt5ctypeIwE10do_toupperEw)
                  00823260    00000060                     : wiostrea.obj (.text:_ZNKSt5ctypeIwE9do_narrowEwc)
                  008232c0    00000060                     : ios.obj (.text:_ZNKSt9exception6_RaiseEv)
                  00823320    00000060                     : iostream.obj (.text:_ZNSiD0Ev)
                  00823380    00000060                     : iostream.obj (.text:_ZNSoD0Ev)
                  008233e0    00000060                     : iostream.obj (.text:_ZNSt13basic_filebufIcSt11char_traitsIcEE5imbueERKSt6locale)
                  00823440    00000060                     : wiostrea.obj (.text:_ZNSt13basic_istreamIwSt11char_traitsIwEED0Ev)
                  008234a0    00000060                     : wiostrea.obj (.text:_ZNSt13basic_ostreamIwSt11char_traitsIwEED0Ev)
                  00823500    00000060                     : iostream.obj (.text:_ZNSt15basic_streambufIcSt11char_traitsIcEE5_InitEv)
                  00823560    00000060                     : iostream.obj (.text:_ZNSt15basic_streambufIcSt11char_traitsIcEE5uflowEv)
                  008235c0    00000060                     : iostream.obj (.text:_ZNSt15basic_streambufIcSt11char_traitsIcEE7seekoffElNSt5_IosbIiE8_SeekdirENS4_9_OpenmodeE)
                  00823620    00000060                     : iostream.obj (.text:_ZNSt15basic_streambufIcSt11char_traitsIcEE7seekposESt4fposIiENSt5_IosbIiE9_OpenmodeE)
                  00823680    00000060                     : iostream.obj (.text:_ZNSt15basic_streambufIcSt11char_traitsIcEED0Ev)
                  008236e0    00000060                     : iostream.obj (.text:_ZNSt15basic_streambufIcSt11char_traitsIcEED1Ev)
                  00823740    00000060                     : wiostrea.obj (.text:_ZNSt15basic_streambufIwSt11char_traitsIwEE5_InitEv)
                  008237a0    00000060                     : wiostrea.obj (.text:_ZNSt15basic_streambufIwSt11char_traitsIwEE5uflowEv)
                  00823800    00000060                     : wiostrea.obj (.text:_ZNSt15basic_streambufIwSt11char_traitsIwEE7seekoffElNSt5_IosbIiE8_SeekdirENS4_9_OpenmodeE)
                  00823860    00000060                     : wiostrea.obj (.text:_ZNSt15basic_streambufIwSt11char_traitsIwEE7seekposESt4fposIiENSt5_IosbIiE9_OpenmodeE)
                  008238c0    00000060                     : wiostrea.obj (.text:_ZNSt15basic_streambufIwSt11char_traitsIwEED0Ev)
                  00823920    00000060                     : wiostrea.obj (.text:_ZNSt15basic_streambufIwSt11char_traitsIwEED1Ev)
                  00823980    00000060                     : wiostrea.obj (.text:_ZNSt5ctypeIwED0Ev)
                  008239e0    00000060                     : wiostrea.obj (.text:_ZNSt5ctypeIwED1Ev)
                  00823a40    00000060                     : locale0.obj (.text:_ZNSt6locale7_LocimpD0Ev)
                  00823aa0    00000060                     : locale0.obj (.text:_ZNSt6localeC1Ev)
                  00823b00    00000060                     : ios.obj (.text:_ZNSt8ios_baseD0Ev)
                  00823b60    00000060     dynamicMemory.obj (.text:_ZNSt8numpunctIcED1Ev)
                  00823bc0    00000060     rts6600_elf.lib : iostream.obj (.text:_ZNSt9basic_iosIcSt11char_traitsIcEED0Ev)
                  00823c20    00000060                     : wiostrea.obj (.text:_ZNSt9basic_iosIwSt11char_traitsIwEED0Ev)
                  00823c80    00000060                     : iostream.obj (.text:_ZTv0_n12_NSiD0Ev)
                  00823ce0    00000060                     : iostream.obj (.text:_ZTv0_n12_NSoD0Ev)
                  00823d40    00000060                     : wiostrea.obj (.text:_ZTv0_n12_NSt13basic_istreamIwSt11char_traitsIwEED0Ev)
                  00823da0    00000060                     : wiostrea.obj (.text:_ZTv0_n12_NSt13basic_ostreamIwSt11char_traitsIwEED0Ev)
                  00823e00    00000060                     : frcmpyd_div.obj (.text:__TI_frcmpyd_div)
                  00823e60    00000060                     : llshift.obj (.text:__c6xabi_llshru)
                  00823ec0    00000060                     : vec_newdel.obj (.text:__cxa_vec_ctor)
                  00823f20    00000060                     : vec_newdel.obj (.text:__cxa_vec_new)
                  00823f80    00000060                     : locale0.obj (.text:__sti___11_locale0_cpp_36e19383)
                  00823fe0    00000060                     : imath64.obj (.text:_subcull)
                  00824040    00000060     sysbios.ae66 : c64p_Hwi_asm_switch.obj (.text:_ti_sysbios_family_c64p_Hwi_switchAndDispatch__I)
                  008240a0    00000060                  : c64p_Hwi_asm_switch.obj (.text:_ti_sysbios_family_xxx_Hwi_switchAndRunFunc)
                  00824100    00000060     scheduler_pe66.oe66 (.text:calloc)
                  00824160    00000060     rts6600_elf.lib : fgetpos.obj (.text:fgetpos)
                  008241c0    00000060                     : lowlev.obj (.text:lseek)
                  00824220    00000060                     : memccpy.obj (.text:memccpy)
                  00824280    00000060                     : memmov.obj (.text:memmove)
                  008242e0    00000060                     : modff.obj (.text:modff)
                  00824340    00000060                     : lowlev.obj (.text:read)
                  008243a0    00000060                     : setlocale.obj (.text:setlocale)
                  00824400    00000060                     : sprintf.obj (.text:sprintf)
                  00824460    00000060                     : strcmp.obj (.text:strcmp)
                  008244c0    00000060                     : strcspn.obj (.text:strcspn)
                  00824520    00000060     scheduler_pe66.oe66 (.text:ti_sysbios_BIOS_atExitFunc__I)
                  00824580    00000060     scheduler_pe66.oe66 (.text:ti_sysbios_BIOS_errorRaiseHook__I)
                  008245e0    00000060     scheduler_pe66.oe66 (.text:ti_sysbios_BIOS_registerRTSLock__I)
                  00824640    00000060     scheduler_pe66.oe66 (.text:ti_sysbios_BIOS_removeRTSLock__I)
                  008246a0    00000060     scheduler_pe66.oe66 (.text:ti_sysbios_BIOS_rtsUnlock__I)
                  00824700    00000060     sysbios.ae66 : BIOS.obj (.text:ti_sysbios_family_c66_Cache_Module_startup__E)
                  00824760    00000060                  : BIOS.obj (.text:ti_sysbios_family_c66_Cache_setSize__E)
                  008247c0    00000060     scheduler_pe66.oe66 (.text:ti_sysbios_gates_GateHwi_Object__create__S)
                  00824820    00000060     scheduler_pe66.oe66 (.text:ti_sysbios_gates_GateMutex_Object__create__S)
                  00824880    00000060     scheduler_pe66.oe66 (.text:ti_sysbios_heaps_HeapMem_Object__create__S)
                  008248e0    00000060     sysbios.ae66 : BIOS.obj (.text:ti_sysbios_knl_Clock_Module_startup__E)
                  00824940    00000060     scheduler_pe66.oe66 (.text:ti_sysbios_knl_Clock_doTick__I)
                  008249a0    00000060     scheduler_pe66.oe66 (.text:ti_sysbios_knl_Queue_construct)
                  00824a00    00000060     sysbios.ae66 : BIOS.obj (.text:ti_sysbios_knl_Semaphore_Instance_init__E)
                  00824a60    00000060     scheduler_pe66.oe66 (.text:ti_sysbios_knl_Semaphore_construct)
                  00824ac0    00000060     sysbios.ae66 : BIOS.obj (.text:ti_sysbios_knl_Semaphore_pendTimeout__I)
                  00824b20    00000060                  : BIOS.obj (.text:ti_sysbios_knl_Swi_Module_startup__E)
                  00824b80    00000060                  : BIOS.obj (.text:ti_sysbios_knl_Task_enter__I)
                  00824be0    00000060                  : BIOS.obj (.text:ti_sysbios_knl_Task_processVitalTaskFlag__I)
                  00824c40    00000060     rts6600_elf.lib : lowlev.obj (.text:write)
                  00824ca0    00000060     ti.targets.rts6000.ae66 : Memory.oe66 (.text:xdc_runtime_Memory_calloc__E)
                  00824d00    00000060                             : SysMin.oe66 (.text:xdc_runtime_SysMin_Module_startup__E)
                  00824d60    00000060                             : SysMin.oe66 (.text:xdc_runtime_SysMin_exit__E)
                  00824dc0    00000060     scheduler_pe66.oe66 (.text:xdc_runtime_SysMin_output__I)
                  00824e20    00000060     ti.targets.rts6000.ae66 : System.oe66 (.text:xdc_runtime_System_avprintf__E)
                  00824e80    00000060                             : System.oe66 (.text:xdc_runtime_System_vprintf__E)
                  00824ee0    00000060                             : Text.oe66 (.text:xdc_runtime_Text_cordText__E)
                  00824f40    00000040     frameworkFunctions.obj (.text:_ZNKSt5ctypeIcE10do_tolowerEc)
                  00824f80    00000040     frameworkFunctions.obj (.text:_ZNKSt5ctypeIcE10do_toupperEc)
                  00824fc0    00000040     frameworkFunctions.obj (.text:_ZNKSt5ctypeIcE8do_widenEPKcS2_Pc)
                  00825000    00000040     frameworkFunctions.obj (.text:_ZNKSt5ctypeIcE9do_narrowEPKcS2_cPc)
                  00825040    00000040     rts6600_elf.lib : wiostrea.obj (.text:_ZNKSt5ctypeIwE5do_isEsw)
                  00825080    00000040                     : wiostrea.obj (.text:_ZNKSt5ctypeIwE8do_widenEc)
                  008250c0    00000040                     : iostream.obj (.text:_ZNSiD1Ev)
                  00825100    00000040                     : iostream.obj (.text:_ZNSoD1Ev)
                  00825140    00000040                     : wiostrea.obj (.text:_ZNSt13basic_istreamIwSt11char_traitsIwEED1Ev)
                  00825180    00000040                     : wiostrea.obj (.text:_ZNSt13basic_ostreamIwSt11char_traitsIwEED1Ev)
                  008251c0    00000040                     : throw.obj (.text:_ZSt6_ThrowRKSt9exception)
                  00825200    00000040                     : iostream.obj (.text:_ZTv0_n12_NSiD1Ev)
                  00825240    00000040                     : iostream.obj (.text:_ZTv0_n12_NSoD1Ev)
                  00825280    00000040                     : wiostrea.obj (.text:_ZTv0_n12_NSt13basic_istreamIwSt11char_traitsIwEED1Ev)
                  008252c0    00000040                     : wiostrea.obj (.text:_ZTv0_n12_NSt13basic_ostreamIwSt11char_traitsIwEED1Ev)
                  00825300    00000040                     : isinf.obj (.text:__c6xabi_isinf)
                  00825340    00000040                     : _printfi.obj (.text:__c6xabi_isnan)
                  00825380    00000040                     : args_main.obj (.text:_args_main)
                  008253c0    00000040                     : sprintf.obj (.text:_outs)
                  00825400    00000040     sysbios.ae66 : c62_TaskSupport_asm.obj (.text:_ti_sysbios_family_c62_TaskSupport_buildTaskStack)
                  00825440    00000040     scheduler_pe66.oe66 (.text:free)
                  00825480    00000040     rts6600_elf.lib : wchar.obj (.text:mbrtowc)
                  008254c0    00000040                     : multibyte.obj (.text:mbtowc)
                  00825500    00000040     scheduler_pe66.oe66 (.text:ti_sysbios_BIOS_exitFunc__I)
                  00825540    00000040     scheduler_pe66.oe66 (.text:ti_sysbios_BIOS_rtsLock__I)
                  00825580    00000040     scheduler_pe66.oe66 (.text:ti_sysbios_BIOS_startFunc__I)
                  008255c0    00000040     scheduler_pe66.oe66 (.text:ti_sysbios_family_c64p_Hwi_Module__startupDone__F)
                  00825600    00000040     sysbios.ae66 : BIOS.obj (.text:ti_sysbios_family_c64p_Hwi_disableInterrupt__E)
                  00825640    00000040                  : BIOS.obj (.text:ti_sysbios_family_c64p_Hwi_dispatchC__I)
                  00825680    00000040                  : BIOS.obj (.text:ti_sysbios_family_c64p_Hwi_enableInterrupt__E)
                  008256c0    00000040     scheduler_pe66.oe66 (.text:ti_sysbios_gates_GateHwi_Handle__label__S)
                  00825700    00000040     scheduler_pe66.oe66 (.text:ti_sysbios_gates_GateHwi_Object__delete__S)
                  00825740    00000040     scheduler_pe66.oe66 (.text:ti_sysbios_gates_GateMutex_Handle__label__S)
                  00825780    00000040     sysbios.ae66 : BIOS.obj (.text:ti_sysbios_gates_GateMutex_Instance_init__E)
                  008257c0    00000040     scheduler_pe66.oe66 (.text:ti_sysbios_gates_GateMutex_Object__delete__S)
                  00825800    00000040     sysbios.ae66 : BIOS.obj (.text:ti_sysbios_gates_GateMutex_leave__E)
                  00825840    00000040     scheduler_pe66.oe66 (.text:ti_sysbios_heaps_HeapMem_Handle__label__S)
                  00825880    00000040     scheduler_pe66.oe66 (.text:ti_sysbios_heaps_HeapMem_Object__delete__S)
                  008258c0    00000040     scheduler_pe66.oe66 (.text:ti_sysbios_heaps_HeapMem_Object__get__S)
                  00825900    00000040     scheduler_pe66.oe66 (.text:ti_sysbios_knl_Queue_Object__destruct__S)
                  00825940    00000040     sysbios.ae66 : BIOS.obj (.text:ti_sysbios_knl_Queue_put__E)
                  00825980    00000040     scheduler_pe66.oe66 (.text:ti_sysbios_knl_Semaphore_Object__destruct__S)
                  008259c0    00000040     scheduler_pe66.oe66 (.text:ti_sysbios_knl_Swi_Object__get__S)
                  00825a00    00000040     scheduler_pe66.oe66 (.text:ti_sysbios_knl_Task_Object__get__S)
                  00825a40    00000040     scheduler_pe66.oe66 (.text:ti_sysbios_timers_timer64_Timer_Module__startupDone__F)
                  00825a80    00000040     rts6600_elf.lib : wchar.obj (.text:wcrtomb)
                  00825ac0    00000040     ti.targets.rts6000.ae66 : Error.oe66 (.text:xdc_runtime_Error_check__E)
                  00825b00    00000040                             : Error.oe66 (.text:xdc_runtime_Error_init__E)
                  00825b40    00000040                             : Error.oe66 (.text:xdc_runtime_Error_raiseX__E)
                  00825b80    00000040                             : Gate.oe66 (.text:xdc_runtime_Gate_leaveSystem__E)
                  00825bc0    00000040     scheduler_pe66.oe66 (.text:xdc_runtime_LoggerBuf_Handle__label__S)
                  00825c00    00000040     ti.targets.rts6000.ae66 : LoggerBuf.oe66 (.text:xdc_runtime_LoggerBuf_Instance_finalize__E)
                  00825c40    00000040     scheduler_pe66.oe66 (.text:xdc_runtime_LoggerBuf_Object__delete__S)
                  00825c80    00000040     scheduler_pe66.oe66 (.text:xdc_runtime_LoggerBuf_Object__get__S)
                  00825cc0    00000040     ti.targets.rts6000.ae66 : LoggerBuf.oe66 (.text:xdc_runtime_LoggerBuf_write0__E)
                  00825d00    00000040                             : LoggerBuf.oe66 (.text:xdc_runtime_LoggerBuf_write1__E)
                  00825d40    00000040                             : LoggerBuf.oe66 (.text:xdc_runtime_LoggerBuf_write2__E)
                  00825d80    00000040                             : Memory.oe66 (.text:xdc_runtime_Memory_free__E)
                  00825dc0    00000040                             : Registry.oe66 (.text:xdc_runtime_Registry_findById__E)
                  00825e00    00000040                             : System.oe66 (.text:xdc_runtime_System_abort__E)
                  00825e40    00000040     scheduler_pe66.oe66 (.text:xdc_runtime_System_aprintf__E)
                  00825e80    00000040     ti.targets.rts6000.ae66 : System.oe66 (.text:xdc_runtime_System_exit__E)
                  00825ec0    00000040     scheduler_pe66.oe66 (.text:xdc_runtime_System_printf__E)
                  00825f00    00000040     ti.targets.rts6000.ae66 : Text.oe66 (.text:xdc_runtime_Text_ropeText__E)
                  00825f40    00000020     rts6600_elf.lib : xatexit.obj (.text:_Atexit)
                  00825f60    00000020                     : locale0.obj (.text:_Getgloballocale)
                  00825f80    00000020                     : newhandler.obj (.text:_Z21__default_new_handlerv)
                  00825fa0    00000020                     : typeinfo_.obj (.text:_ZN10__cxxabiv117__class_type_infoD0Ev)
                  00825fc0    00000020                     : typeinfo_.obj (.text:_ZN10__cxxabiv117__class_type_infoD1Ev)
                  00825fe0    00000020                     : typeinfo_.obj (.text:_ZN10__cxxabiv120__si_class_type_infoD0Ev)
                  00826000    00000020                     : typeinfo_.obj (.text:_ZN10__cxxabiv120__si_class_type_infoD1Ev)
                  00826020    00000020                     : typeinfo_.obj (.text:_ZN10__cxxabiv121__vmi_class_type_infoD0Ev)
                  00826040    00000020                     : typeinfo_.obj (.text:_ZN10__cxxabiv121__vmi_class_type_infoD1Ev)
                  00826060    00000020                     : string.obj (.text:_ZNKSt11logic_error4whatEv)
                  00826080    00000020                     : string.obj (.text:_ZNKSt11logic_error8_DoraiseEv)
                  008260a0    00000020                     : iostream.obj (.text:_ZNKSt12codecvt_base11do_encodingEv)
                  008260c0    00000020                     : iostream.obj (.text:_ZNKSt12codecvt_base13do_max_lengthEv)
                  008260e0    00000020                     : iostream.obj (.text:_ZNKSt12codecvt_base16do_always_noconvEv)
                  00826100    00000020                     : string.obj (.text:_ZNKSt12length_error8_DoraiseEv)
                  00826120    00000020                     : string.obj (.text:_ZNKSt12out_of_range8_DoraiseEv)
                  00826140    00000020                     : ios.obj (.text:_ZNKSt13runtime_error4whatEv)
                  00826160    00000020                     : ios.obj (.text:_ZNKSt13runtime_error8_DoraiseEv)
                  00826180    00000020     frameworkFunctions.obj (.text:_ZNKSt5ctypeIcE8do_widenEc)
                  008261a0    00000020     frameworkFunctions.obj (.text:_ZNKSt5ctypeIcE9do_narrowEcc)
                  008261c0    00000020     rts6600_elf.lib : wiostrea.obj (.text:_ZNKSt5ctypeIwE2isEsw)
                  008261e0    00000020                     : wiostrea.obj (.text:_ZNKSt5ctypeIwE5widenEc)
                  00826200    00000020                     : wiostrea.obj (.text:_ZNKSt5ctypeIwE6narrowEwc)
                  00826220    00000020                     : iostream.obj (.text:_ZNKSt7codecvtIcciE10do_unshiftERiPcS2_RS2_)
                  00826240    00000020                     : iostream.obj (.text:_ZNKSt7codecvtIcciE5do_inERiPKcS3_RS3_PcS5_RS5_)
                  00826260    00000020                     : iostream.obj (.text:_ZNKSt7codecvtIcciE6do_outERiPKcS3_RS3_PcS5_RS5_)
                  00826280    00000020                     : iostream.obj (.text:_ZNKSt7codecvtIcciE9do_lengthERKiPKcS4_j)
                  008262a0    00000020                     : wiostrea.obj (.text:_ZNKSt7codecvtIwciE11do_encodingEv)
                  008262c0    00000020                     : wiostrea.obj (.text:_ZNKSt7codecvtIwciE13do_max_lengthEv)
                  008262e0    00000020                     : wiostrea.obj (.text:_ZNKSt7codecvtIwciE16do_always_noconvEv)
                  00826300    00000020                     : ios.obj (.text:_ZNKSt8ios_base7failure8_DoraiseEv)
                  00826320    00000020     dynamicMemory.obj (.text:_ZNKSt8numpunctIcE16do_decimal_pointEv)
                  00826340    00000020     dynamicMemory.obj (.text:_ZNKSt8numpunctIcE16do_thousands_sepEv)
                  00826360    00000020     rts6600_elf.lib : ios.obj (.text:_ZNKSt9exception4whatEv)
                  00826380    00000020                     : ios.obj (.text:_ZNKSt9exception8_DoraiseEv)
                  008263a0    00000020     frameworkFunctions.obj (.text:_ZNSt10ctype_baseD0Ev)
                  008263c0    00000020     frameworkFunctions.obj (.text:_ZNSt10ctype_baseD1Ev)
                  008263e0    00000020     rts6600_elf.lib : iostream.obj (.text:_ZNSt12codecvt_baseD0Ev)
                  00826400    00000020                     : iostream.obj (.text:_ZNSt12codecvt_baseD1Ev)
                  00826420    00000020                     : iostream.obj (.text:_ZNSt15basic_streambufIcSt11char_traitsIcEE4syncEv)
                  00826440    00000020                     : iostream.obj (.text:_ZNSt15basic_streambufIcSt11char_traitsIcEE5_LockEv)
                  00826460    00000020                     : iostream.obj (.text:_ZNSt15basic_streambufIcSt11char_traitsIcEE5imbueERKSt6locale)
                  00826480    00000020                     : iostream.obj (.text:_ZNSt15basic_streambufIcSt11char_traitsIcEE6setbufEPci)
                  008264a0    00000020                     : iostream.obj (.text:_ZNSt15basic_streambufIcSt11char_traitsIcEE7_UnlockEv)
                  008264c0    00000020                     : iostream.obj (.text:_ZNSt15basic_streambufIcSt11char_traitsIcEE8overflowEi)
                  008264e0    00000020                     : iostream.obj (.text:_ZNSt15basic_streambufIcSt11char_traitsIcEE9pbackfailEi)
                  00826500    00000020                     : iostream.obj (.text:_ZNSt15basic_streambufIcSt11char_traitsIcEE9showmanycEv)
                  00826520    00000020                     : iostream.obj (.text:_ZNSt15basic_streambufIcSt11char_traitsIcEE9underflowEv)
                  00826540    00000020                     : wiostrea.obj (.text:_ZNSt15basic_streambufIwSt11char_traitsIwEE4syncEv)
                  00826560    00000020                     : wiostrea.obj (.text:_ZNSt15basic_streambufIwSt11char_traitsIwEE5_LockEv)
                  00826580    00000020                     : wiostrea.obj (.text:_ZNSt15basic_streambufIwSt11char_traitsIwEE5imbueERKSt6locale)
                  008265a0    00000020                     : wiostrea.obj (.text:_ZNSt15basic_streambufIwSt11char_traitsIwEE6setbufEPwi)
                  008265c0    00000020                     : wiostrea.obj (.text:_ZNSt15basic_streambufIwSt11char_traitsIwEE7_UnlockEv)
                  008265e0    00000020                     : wiostrea.obj (.text:_ZNSt15basic_streambufIwSt11char_traitsIwEE8overflowEj)
                  00826600    00000020                     : wiostrea.obj (.text:_ZNSt15basic_streambufIwSt11char_traitsIwEE9pbackfailEj)
                  00826620    00000020                     : wiostrea.obj (.text:_ZNSt15basic_streambufIwSt11char_traitsIwEE9showmanycEv)
                  00826640    00000020                     : wiostrea.obj (.text:_ZNSt15basic_streambufIwSt11char_traitsIwEE9underflowEv)
                  00826660    00000020     frameworkFunctions.obj (.text:_ZNSt6locale5facetD0Ev)
                  00826680    00000020     frameworkFunctions.obj (.text:_ZNSt6locale5facetD1Ev)
                  008266a0    00000020     rts6600_elf.lib : iostream.obj (.text:_ZNSt7codecvtIcciED0Ev)
                  008266c0    00000020                     : iostream.obj (.text:_ZNSt7codecvtIcciED1Ev)
                  008266e0    00000020                     : wiostrea.obj (.text:_ZNSt7codecvtIwciED0Ev)
                  00826700    00000020                     : wiostrea.obj (.text:_ZNSt7codecvtIwciED1Ev)
                  00826720    00000020     dynamicMemory.obj (.text:_ZNSt7num_putIcSt19ostreambuf_iteratorIcSt11char_traitsIcEEED0Ev)
                  00826740    00000020     dynamicMemory.obj (.text:_ZNSt7num_putIcSt19ostreambuf_iteratorIcSt11char_traitsIcEEED1Ev)
                  00826760    00000020     rts6600_elf.lib : iostream.obj (.text:_ZNSt9basic_iosIcSt11char_traitsIcEED1Ev)
                  00826780    00000020                     : wiostrea.obj (.text:_ZNSt9basic_iosIwSt11char_traitsIwEED1Ev)
                  008267a0    00000020                     : ios.obj (.text:_ZNSt9exceptionD0Ev)
                  008267c0    00000020                     : ios.obj (.text:_ZNSt9exceptionD1Ev)
                  008267e0    00000020                     : locale0.obj (.text:_ZSt11tidy_globalv)
                  00826800    00000020                     : delete.obj (.text:_ZdlPv)
                  00826820    00000020                     : placenew.obj (.text:_ZnwjPv)
                  00826840    00000020                     : errno.obj (.text:__c6xabi_errno_addr)
                  00826860    00000020                     : truncf.obj (.text:__c6xabi_truncf)
                  00826880    00000020                     : dtor_list.obj (.text:__cxa_atexit)
                  008268a0    00000020                     : guard.obj (.text:__cxa_guard_acquire)
                  008268c0    00000020                     : guard.obj (.text:__cxa_guard_release)
                  008268e0    00000020                     : dtor_list.obj (.text:__cxa_ia64_exit)
                  00826900    00000020                     : memzero.obj (.text:__memzero)
                  00826920    00000020     ti.targets.rts6000.ae66 : xdc_noinit.oe66 (.text:__xdc__init)
                  00826940    00000020     rts6600_elf.lib : _lock.obj (.text:_nop)
                  00826960    00000020                     : printf.obj (.text:_outc)
                  00826980    00000020                     : sprintf.obj (.text:_outc)
                  008269a0    00000020                     : printf.obj (.text:_outs)
                  008269c0    00000020                     : _lock.obj (.text:_register_lock)
                  008269e0    00000020                     : _lock.obj (.text:_register_unlock)
                  00826a00    00000020     sysbios.ae66 : c62_TaskSupport_asm.obj (.text:_ti_sysbios_family_c62_TaskSupport_glue)
                  00826a20    00000020     rts6600_elf.lib : exit.obj (.text:abort)
                  00826a40    00000020                     : dtor_list.obj (.text:atexit)
                  00826a60    00000020                     : copy_decompress_none.obj (.text:decompress:none:__TI_decompress_none)
                  00826a80    00000020                     : copy_decompress_rle.obj (.text:decompress:rle24:__TI_decompress_rle24)
                  00826aa0    00000020                     : wchar.obj (.text:fgetwc)
                  00826ac0    00000020                     : wchar.obj (.text:fputwc)
                  00826ae0    00000020                     : fsetpos.obj (.text:fsetpos)
                  00826b00    00000020                     : setlocale.obj (.text:localeconv)
                  00826b20    00000020     scheduler_pe66.oe66 (.text:ti_sysbios_BIOS_RtsGateProxy_enter__E)
                  00826b40    00000020     scheduler_pe66.oe66 (.text:ti_sysbios_BIOS_RtsGateProxy_leave__E)
                  00826b60    00000020     sysbios.ae66 : BIOS.obj (.text:ti_sysbios_BIOS_exit__E)
                  00826b80    00000020     scheduler_pe66.oe66 (.text:ti_sysbios_BIOS_nullFunc__I)
                  00826ba0    00000020     sysbios.ae66 : BIOS.obj (.text:ti_sysbios_BIOS_setThreadType__E)
                  00826bc0    00000020                  : BIOS.obj (.text:ti_sysbios_BIOS_start__E)
                  00826be0    00000020     scheduler_pe66.oe66 (.text:ti_sysbios_family_c62_TaskSupport_Module__startupDone__S)
                  00826c00    00000020     sysbios.ae66 : BIOS.obj (.text:ti_sysbios_family_c62_TaskSupport_checkStack__E)
                  00826c20    00000020                  : BIOS.obj (.text:ti_sysbios_family_c64p_Hwi_clearInterrupt__E)
                  00826c40    00000020                  : BIOS.obj (.text:ti_sysbios_family_c64p_Hwi_startup__E)
                  00826c60    00000020                  : BIOS.obj (.text:ti_sysbios_family_c64p_Hwi_switchFromBootStack__E)
                  00826c80    00000020                  : BIOS.obj (.text:ti_sysbios_family_c64p_TimestampProvider_Module_startup__E)
                  00826ca0    00000020                  : BIOS.obj (.text:ti_sysbios_family_c64p_TimestampProvider_get64__E)
                  00826cc0    00000020                  : BIOS.obj (.text:ti_sysbios_family_c64p_tci6488_TimerSupport_enable__E)
                  00826ce0    00000020                  : BIOS.obj (.text:ti_sysbios_gates_GateHwi_Instance_init__E)
                  00826d00    00000020                  : BIOS.obj (.text:ti_sysbios_gates_GateHwi_enter__E)
                  00826d20    00000020                  : BIOS.obj (.text:ti_sysbios_gates_GateHwi_leave__E)
                  00826d40    00000020                  : BIOS.obj (.text:ti_sysbios_gates_GateHwi_query__E)
                  00826d60    00000020                  : BIOS.obj (.text:ti_sysbios_gates_GateMutex_Instance_finalize__E)
                  00826d80    00000020                  : BIOS.obj (.text:ti_sysbios_gates_GateMutex_query__E)
                  00826da0    00000020     scheduler_pe66.oe66 (.text:ti_sysbios_hal_Hwi_HwiProxy_Module__startupDone__S)
                  00826dc0    00000020     sysbios.ae66 : BIOS.obj (.text:ti_sysbios_hal_Hwi_Module_startup__E)
                  00826de0    00000020     scheduler_pe66.oe66 (.text:ti_sysbios_heaps_HeapMem_Module_GateProxy_enter__E)
                  00826e00    00000020     scheduler_pe66.oe66 (.text:ti_sysbios_heaps_HeapMem_Module_GateProxy_leave__E)
                  00826e20    00000020     sysbios.ae66 : BIOS.obj (.text:ti_sysbios_heaps_HeapMem_isBlocking__E)
                  00826e40    00000020     scheduler_pe66.oe66 (.text:ti_sysbios_knl_Clock_TimerProxy_Module__startupDone__S)
                  00826e60    00000020     scheduler_pe66.oe66 (.text:ti_sysbios_knl_Clock_TimerProxy_getMaxTicks__E)
                  00826e80    00000020     sysbios.ae66 : BIOS.obj (.text:ti_sysbios_knl_Clock_getTicks__E)
                  00826ea0    00000020                  : BIOS.obj (.text:ti_sysbios_knl_Idle_loop__E)
                  00826ec0    00000020                  : BIOS.obj (.text:ti_sysbios_knl_Queue_Instance_init__E)
                  00826ee0    00000020     scheduler_pe66.oe66 (.text:ti_sysbios_knl_Queue_Object__get__S)
                  00826f00    00000020     scheduler_pe66.oe66 (.text:ti_sysbios_knl_Queue_destruct)
                  00826f20    00000020     sysbios.ae66 : BIOS.obj (.text:ti_sysbios_knl_Queue_empty__E)
                  00826f40    00000020                  : BIOS.obj (.text:ti_sysbios_knl_Semaphore_Instance_finalize__E)
                  00826f60    00000020     scheduler_pe66.oe66 (.text:ti_sysbios_knl_Semaphore_destruct)
                  00826f80    00000020     sysbios.ae66 : BIOS.obj (.text:ti_sysbios_knl_Swi_disable__E)
                  00826fa0    00000020                  : BIOS.obj (.text:ti_sysbios_knl_Swi_startup__E)
                  00826fc0    00000020     scheduler_pe66.oe66 (.text:ti_sysbios_knl_Task_SupportProxy_Module__startupDone__S)
                  00826fe0    00000020     sysbios.ae66 : BIOS.obj (.text:ti_sysbios_knl_Task_disable__E)
                  00827000    00000020                  : BIOS.obj (.text:ti_sysbios_knl_Task_startup__E)
                  00827020    00000020                  : BIOS.obj (.text:ti_sysbios_timers_timer64_Timer_getMaxTicks__E)
                  00827040    00000020     rts6600_elf.lib : multibyte.obj (.text:wctomb)
                  00827060    00000020     ti.targets.rts6000.ae66 : Gate.oe66 (.text:xdc_runtime_Gate_enterSystem__E)
                  00827080    00000020     scheduler_pe66.oe66 (.text:xdc_runtime_IHeap_alloc)
                  008270a0    00000020     scheduler_pe66.oe66 (.text:xdc_runtime_IHeap_free)
                  008270c0    00000020     scheduler_pe66.oe66 (.text:xdc_runtime_LoggerBuf_Module_GateProxy_enter__E)
                  008270e0    00000020     scheduler_pe66.oe66 (.text:xdc_runtime_LoggerBuf_Module_GateProxy_leave__E)
                  00827100    00000020     ti.targets.rts6000.ae66 : LoggerBuf.oe66 (.text:xdc_runtime_LoggerBuf_disable__E)
                  00827120    00000020                             : LoggerBuf.oe66 (.text:xdc_runtime_LoggerBuf_enable__E)
                  00827140    00000020     scheduler_pe66.oe66 (.text:xdc_runtime_Memory_HeapProxy_alloc__E)
                  00827160    00000020     scheduler_pe66.oe66 (.text:xdc_runtime_Memory_HeapProxy_free__E)
                  00827180    00000020     scheduler_pe66.oe66 (.text:xdc_runtime_Startup_exec__I)
                  008271a0    00000020     scheduler_pe66.oe66 (.text:xdc_runtime_Startup_reset__I)
                  008271c0    00000020     ti.targets.rts6000.ae66 : SysMin.oe66 (.text:xdc_runtime_SysMin_ready__E)
                  008271e0    00000020     scheduler_pe66.oe66 (.text:xdc_runtime_System_Module_GateProxy_enter__E)
                  00827200    00000020     scheduler_pe66.oe66 (.text:xdc_runtime_System_Module_GateProxy_leave__E)
                  00827220    00000020     ti.targets.rts6000.ae66 : System.oe66 (.text:xdc_runtime_System_Module_startup__E)
                  00827240    00000020                             : System.oe66 (.text:xdc_runtime_System_vsnprintf__E)
                  00827260    00000020     scheduler_pe66.oe66 (.text:xdc_runtime_Text_visitRope__I)

.const     0    00827280    000037ea     
                  00827280    0000163c     scheduler_pe66.oe66 (.const:xdc_runtime_Text_charTab__A)
                  008288bc    00000518     sysbios.ae66 : BIOS.obj (.const:.string)
                  00828dd4    00000004     rts6600_elf.lib : iostream.obj (.const:.string)
                  00828dd8    00000400     scheduler_pe66.oe66 (.const:ti_sysbios_family_c66_Cache_marvalues__C)
                  008291d8    0000024b     dynamicMemory.obj (.const:.string)
                  00829423    00000001     scheduler_pe66.oe66 (.const:ti_sysbios_timers_timer64_Timer_localTimerBaseId__C)
                  00829424    00000004     rts6600_elf.lib : locale0.obj (.const:.string)
                  00829428    00000202                     : xlocinfo.obj (.const:_ZSt8_Ctyptab)
                  0082962a    0000016a     displayFunctions.obj (.const:.string)
                  00829794    00000004     rts6600_elf.lib : wiostrea.obj (.const:.string)
                  00829798    00000101                     : ctype.obj (.const:.string:_ctypes_)
                  00829899    000000e1     lteSystem.obj (.const:.string)
                  0082997a    00000002     scheduler_pe66.oe66 (.const:ti_sysbios_family_c64p_Exception_Module__id__C)
                  0082997c    00000004     ti.targets.rts6000.ae66 : Assert.oe66 (.const:.string)
                  00829980    000000c4     scheduler_pe66.oe66 (.const:xdc_runtime_Text_nodeTab__A)
                  00829a44    00000058     ti.targets.rts6000.ae66 : Error.oe66 (.const:.string)
                  00829a9c    00000054     scheduler_pe66.oe66 (.const:.string)
                  00829af0    0000004e     sysMainLTE.obj (.const:.string)
                  00829b3e    00000002     scheduler_pe66.oe66 (.const:ti_sysbios_family_c64p_Exception_useInternalBuffer__C)
                  00829b40    00000048     rts6600_elf.lib : ios.obj (.const:.string)
                  00829b88    00000048                     : iostream.obj (.const:_ZTVSt13basic_filebufIcSt11char_traitsIcEE)
                  00829bd0    00000048                     : wiostrea.obj (.const:_ZTVSt13basic_filebufIwSt11char_traitsIwEE)
                  00829c18    00000048                     : iostream.obj (.const:_ZTVSt15basic_streambufIcSt11char_traitsIcEE)
[...]
00829d64   _ZSt7_BADOFF
00829d68   _ZTSSt7num_putIcSt19ostreambuf_iteratorIcSt11char_traitsIcEEE
00829da2   ti_sysbios_family_c64p_Hwi_Module__id__C
00829dd4   ti_sysbios_family_c64p_Exception_E_exceptionMax__C
00829dd8   _ZTVSi
00829e00   _ZTTSi
00829e08   _ZTVSo
00829e30   _ZTTSo
00829e38   _ZTVSt13basic_istreamIwSt11char_traitsIwEE
00829e60   _ZTTSt13basic_istreamIwSt11char_traitsIwEE
00829e68   _ZTVSt13basic_ostreamIwSt11char_traitsIwEE
00829e90   _ZTTSt13basic_ostreamIwSt11char_traitsIwEE
00829e98   _ZTVSt5ctypeIcE
00829ec8   _ZTVSt7num_putIcSt19ostreambuf_iteratorIcSt11char_traitsIcEEE
00829ef8   xdc_runtime_Startup_sfxnTab__A
00829f54   ti_sysbios_family_c64p_Exception_exceptionHook__C
00829f58   _ZTVSt7codecvtIcciE
00829f84   ti_sysbios_family_c64p_Exception_externalHook__C
00829f88   _ZTVSt7codecvtIwciE
00829fb4   ti_sysbios_family_c64p_Exception_internalHook__C
00829fb8   _ZTSSt15basic_streambufIcSt11char_traitsIcEE
00829fe2   ti_sysbios_family_c64p_Hwi_Module__loggerDefined__C
00829fe4   ti_sysbios_family_c64p_Exception_nmiHook__C
00829fe8   _ZTSSt15basic_streambufIwSt11char_traitsIwEE
0082a012   ti_sysbios_hal_Hwi_Module__id__C
0082a014   ti_sysbios_heaps_HeapMem_Module__FXNS__C
0082a03c   xdc_runtime_LoggerBuf_Object__PARAMS__C
0082a064   ti_sysbios_family_c64p_Hwi_LD_end__C
0082a068   _ZTSSt13basic_filebufIcSt11char_traitsIcEE
0082a090   _ZTSSt13basic_filebufIwSt11char_traitsIwEE
0082a0b8   _ZTSSt13basic_istreamIwSt11char_traitsIwEE
0082a0e0   _ZTSSt13basic_ostreamIwSt11char_traitsIwEE
0082a108   _ZTSN10__cxxabiv121__vmi_class_type_infoE
0082a12e   ti_sysbios_heaps_HeapMem_Module__id__C
0082a130   _ZTSN10__cxxabiv120__si_class_type_infoE
0082a156   ti_sysbios_knl_Clock_Module__id__C
0082a17c   ti_sysbios_family_c64p_Hwi_LM_begin__C
0082a180   _ZTVSt8numpunctIcE
0082a1a4   ti_sysbios_gates_GateHwi_Module__FXNS__C
0082a1c8   ti_sysbios_gates_GateMutex_Module__FXNS__C
0082a1ec   ti_sysbios_heaps_HeapMem_Object__PARAMS__C
0082a210   ti_sysbios_knl_Semaphore_Object__PARAMS__C
0082a234   ti_sysbios_family_c64p_Hwi_Module__diagsEnabled__C
0082a238   _ZTSN10__cxxabiv117__class_type_infoE
0082a25a   ti_sysbios_knl_Clock_Module__loggerDefined__C
0082a25c   ti_sysbios_family_c64p_Hwi_Module__diagsIncluded__C
0082a260   _ZTSSt9basic_iosIcSt11char_traitsIcEE
0082a282   ti_sysbios_knl_Semaphore_Module__id__C
0082a284   ti_sysbios_family_c64p_Hwi_Module__diagsMask__C
0082a288   _ZTSSt9basic_iosIwSt11char_traitsIwEE
0082a2ca   ti_sysbios_knl_Semaphore_Module__loggerDefined__C
0082a2cc   ti_sysbios_gates_GateHwi_Object__DESC__C
0082a2ec   ti_sysbios_gates_GateMutex_Object__DESC__C
0082a30c   ti_sysbios_heaps_HeapMem_Object__DESC__C
0082a32c   ti_sysbios_knl_Queue_Object__DESC__C
0082a34c   ti_sysbios_knl_Semaphore_Object__DESC__C
0082a36c   xdc_runtime_LoggerBuf_Object__DESC__C
0082a38c   ti_sysbios_family_c64p_Hwi_Module__loggerFxn1__C
0082a390   _ZTVSt12codecvt_base
0082a3c4   _ZTISi
0082a3dc   _ZTISo
0082a3f4   _ZTISt13basic_istreamIwSt11char_traitsIwEE
0082a40c   _ZTISt13basic_ostreamIwSt11char_traitsIwEE
0082a424   ti_sysbios_family_c64p_Hwi_Module__loggerFxn8__C
0082a428   _ZTVNSt8ios_base7failureE
0082a440   _ZTVSt11logic_error
0082a458   _ZTVSt12length_error
0082a470   _ZTVSt12out_of_range
0082a488   _ZTVSt13runtime_error
0082a4a0   _ZTVSt9exception
0082a4b8   ti_sysbios_gates_GateHwi_Object__PARAMS__C
0082a4d0   ti_sysbios_gates_GateMutex_Object__PARAMS__C
0082a4e8   ti_sysbios_knl_Queue_Object__PARAMS__C
0082a500   xdc_runtime_Startup_sfxnRts__A
0082a518   _ZTSNSt8ios_base7failureE
0082a52e   ti_sysbios_knl_Swi_Module__id__C
0082a530   _ZTSNSt6locale7_LocimpE
0082a544   ti_sysbios_family_c64p_Hwi_Module__loggerObj__C
0082a548   _ZTSNSt6locale5facetE
0082a55a   ti_sysbios_knl_Swi_Module__loggerDefined__C
0082a55c   ti_sysbios_gates_GateMutex_Instance_State_sem__O
0082a560   _ZTSSt13runtime_error
0082a584   ti_sysbios_hal_Hwi_E_stackOverflow__C
0082a588   _ZTSSt12codecvt_base
0082a59a   ti_sysbios_knl_Task_Module__id__C
0082a59c   ti_sysbios_heaps_HeapMem_E_memory__C
0082a5a0   _ZTSSt12length_error
0082a5b2   ti_sysbios_knl_Task_Module__loggerDefined__C
0082a5b4   ti_sysbios_heaps_HeapMem_Module__gateObj__C
0082a5b8   _ZTSSt12out_of_range
0082a5ca   ti_sysbios_knl_Task_initStackFlag__C
0082a5cc   ti_sysbios_heaps_HeapMem_Object__count__C
0082a5e2   ti_sysbios_timers_timer64_Timer_Module__id__C
0082a5e4   ti_sysbios_heaps_HeapMem_reqAlign__C
0082a5e8   _ZTSSt11logic_error
0082a5f8   _ZTSSt7codecvtIcciE
0082a608   _ZTSSt7codecvtIwciE
0082a618   _ZTVN10__cxxabiv117__class_type_infoE
0082a628   _ZTVN10__cxxabiv120__si_class_type_infoE
0082a638   _ZTVN10__cxxabiv121__vmi_class_type_infoE
0082a648   _ZTVNSt6locale5facetE
0082a658   _ZTVNSt6locale7_LocimpE
0082a668   _ZTVSt10ctype_base
0082a678   _ZTVSt8ios_base
0082a688   _ZTVSt9basic_iosIcSt11char_traitsIcEE
0082a698   _ZTVSt9basic_iosIwSt11char_traitsIwEE
0082a6b8   _ZTSSt10ctype_base
0082a6c8   _ZTSSt8numpunctIcE
0082a6d8   _ZTSSt9exception
0082a6e6   ti_sysbios_timers_timer64_Timer_startupNeeded__C
0082a6e8   _ZTSSt9type_info
0082a6f6   ti_sysbios_timers_timer64_Timer_useTimer64pRegMap__C
0082a6f8   _ZTIN10__cxxabiv117__class_type_infoE
0082a704   _ZTIN10__cxxabiv120__si_class_type_infoE
0082a710   _ZTIN10__cxxabiv121__vmi_class_type_infoE
0082a71c   _ZTINSt6locale7_LocimpE
0082a728   _ZTINSt8ios_base7failureE
0082a734   _ZTISt10ctype_base
0082a740   _ZTISt11logic_error
0082a74c   _ZTISt12codecvt_base
0082a758   _ZTISt12length_error
0082a764   _ZTISt12out_of_range
0082a770   _ZTISt13basic_filebufIcSt11char_traitsIcEE
0082a77c   _ZTISt13basic_filebufIwSt11char_traitsIwEE
0082a788   _ZTISt13runtime_error
0082a794   _ZTISt5ctypeIcE
0082a7a0   _ZTISt5ctypeIwE
0082a7ac   _ZTISt7codecvtIcciE
0082a7b8   _ZTISt7codecvtIwciE
0082a7c4   _ZTISt7num_putIcSt19ostreambuf_iteratorIcSt11char_traitsIcEEE
0082a7d0   _ZTISt8ios_base
0082a7dc   _ZTISt8numpunctIcE
0082a7e8   _ZTISt9basic_iosIcSt11char_traitsIcEE
0082a7f4   _ZTISt9basic_iosIwSt11char_traitsIwEE
0082a800   _ZTSSt5_IosbIiE
0082a80c   ti_sysbios_knl_Clock_LM_begin__C
0082a810   _ZTSSt5ctypeIcE
0082a81c   ti_sysbios_knl_Clock_LM_tick__C
0082a820   _ZTSSt5ctypeIwE
0082a82c   ti_sysbios_knl_Clock_LW_delayed__C
0082a830   _ZTSSt8ios_base
0082a83c   ti_sysbios_family_c66_Cache_initSize__C
0082a858   _ZTINSt6locale5facetE
0082a860   _ZTISt15basic_streambufIcSt11char_traitsIcEE
0082a868   _ZTISt15basic_streambufIwSt11char_traitsIwEE
0082a870   _ZTISt5_IosbIiE
0082a878   _ZTISt9exception
0082a880   _ZTISt9type_info
0082a888   ti_sysbios_knl_Idle_funcList__C
0082a890   xdc_runtime_Startup_firstFxns__A
0082a898   xdc_runtime_Startup_firstFxns__C
0082a8a0   xdc_runtime_Startup_lastFxns__C
0082a8a8   _ZZNKSt8_Locinfo9_GetfalseEvEs
0082a8ae   xdc_runtime_Core_Module__id__C
0082a8b0   _ZZNKSt8_Locinfo8_GettrueEvEs
0082a8b6   xdc_runtime_Error_Module__loggerDefined__C
0082a8b8   ti_sysbios_knl_Clock_Module_State_clockQ__O
0082a8bc   ti_sysbios_knl_Clock_Module__diagsEnabled__C
0082a8c0   ti_sysbios_knl_Clock_Module__diagsIncluded__C
0082a8c4   ti_sysbios_knl_Clock_Module__diagsMask__C
0082a8c8   ti_sysbios_knl_Clock_Module__loggerFxn1__C
0082a8cc   ti_sysbios_knl_Clock_Module__loggerFxn2__C
0082a8d0   ti_sysbios_knl_Clock_Module__loggerObj__C
0082a8d4   ti_sysbios_knl_Semaphore_Instance_State_pendQ__O
0082a8d8   ti_sysbios_knl_Idle_funcList__A
0082a8dc   ti_sysbios_knl_Semaphore_LM_pend__C
0082a8e0   ti_sysbios_knl_Semaphore_LM_post__C
0082a8e4   ti_sysbios_knl_Semaphore_Module__diagsEnabled__C
0082a8e8   ti_sysbios_knl_Semaphore_Module__diagsIncluded__C
0082a8ec   ti_sysbios_knl_Semaphore_Module__diagsMask__C
0082a8f0   ti_sysbios_knl_Semaphore_Module__loggerFxn2__C
0082a8f4   ti_sysbios_knl_Semaphore_Module__loggerFxn4__C
0082a8f8   ti_sysbios_knl_Semaphore_Module__loggerObj__C
0082a8fc   ti_sysbios_knl_Swi_LD_end__C
0082a900   ti_sysbios_knl_Swi_LM_begin__C
0082a904   ti_sysbios_knl_Swi_LM_post__C
0082a908   ti_sysbios_knl_Swi_Module__diagsEnabled__C
0082a90c   ti_sysbios_knl_Swi_Module__diagsIncluded__C
0082a910   ti_sysbios_knl_Swi_Module__diagsMask__C
0082a914   ti_sysbios_knl_Swi_Module__loggerFxn1__C
0082a918   ti_sysbios_knl_Swi_Module__loggerFxn4__C
0082a91c   ti_sysbios_knl_Swi_Module__loggerObj__C
0082a920   ti_sysbios_knl_Swi_Object__count__C
0082a924   ti_sysbios_knl_Task_E_spOutOfBounds__C
0082a928   ti_sysbios_knl_Task_E_stackOverflow__C
0082a92c   ti_sysbios_knl_Task_LD_block__C
0082a930   ti_sysbios_knl_Task_LD_exit__C
0082a934   ti_sysbios_knl_Task_LD_ready__C
0082a938   ti_sysbios_knl_Task_LM_switch__C
0082a93c   ti_sysbios_knl_Task_Module_State_inactiveQ__O
0082a940   ti_sysbios_knl_Task_Module__diagsEnabled__C
0082a944   ti_sysbios_knl_Task_Module__diagsIncluded__C
0082a948   ti_sysbios_knl_Task_Module__diagsMask__C
0082a94c   ti_sysbios_knl_Task_Module__loggerFxn2__C
0082a950   ti_sysbios_knl_Task_Module__loggerFxn4__C
0082a954   ti_sysbios_knl_Task_Module__loggerObj__C
0082a958   ti_sysbios_knl_Task_Object__count__C
0082a95c   ti_sysbios_knl_Task_allBlockedFunc__C
0082a960   ti_sysbios_knl_Task_numConstructedTasks__C
0082a964   ti_sysbios_timers_timer64_Timer_E_cannotSupport__C
0082a968   ti_sysbios_timers_timer64_Timer_anyMaskHigh__C
0082a96c   ti_sysbios_timers_timer64_Timer_anyMask__C
0082a970   ti_sysbios_timers_timer64_Timer_freqDivisor__C
0082a974   ti_sysbios_timers_timer64_Timer_numLocalTimers__C
0082a978   ti_sysbios_timers_timer64_Timer_numTimerDevices__C
0082a97c   xdc_runtime_Assert_E_assertFailed__C
0082a980   xdc_runtime_Core_A_initializedParams__C
0082a984   xdc_runtime_Core_Module__diagsEnabled__C
0082a988   xdc_runtime_Core_Module__diagsIncluded__C
0082a98c   xdc_runtime_Core_Module__diagsMask__C
0082a990   xdc_runtime_Error_E_memory__C
0082a994   xdc_runtime_Error_Module__diagsEnabled__C
0082a998   xdc_runtime_Error_Module__diagsIncluded__C
0082a99c   xdc_runtime_Error_Module__diagsMask__C
0082a9a0   xdc_runtime_Error_Module__loggerFxn8__C
0082a9a4   xdc_runtime_Error_Module__loggerObj__C
0082a9a8   xdc_runtime_Error_policyFxn__C
0082a9ac   xdc_runtime_Error_policy__C
0082a9b0   xdc_runtime_Error_raiseHook__C
0082a9b4   xdc_runtime_IFilterLogger_Interface__BASE__C
0082a9b8   xdc_runtime_IGateProvider_Interface__BASE__C
0082a9bc   xdc_runtime_IHeap_Interface__BASE__C
0082a9c0   xdc_runtime_ILogger_Interface__BASE__C
0082a9c4   xdc_runtime_IModule_Interface__BASE__C
0082a9c8   xdc_runtime_Log_L_error__C
0082a9cc   xdc_runtime_LoggerBuf_E_badLevel__C
0082a9d0   xdc_runtime_LoggerBuf_Module__gateObj__C
0082a9d4   xdc_runtime_LoggerBuf_Object__count__C
0082a9d8   xdc_runtime_LoggerBuf_statusLogger__C
0082a9dc   xdc_runtime_Memory_defaultHeapInstance__C
0082a9e0   xdc_runtime_Startup_execImpl__C
0082a9e4   xdc_runtime_Startup_maxPasses__C
0082a9e8   xdc_runtime_Startup_sfxnRts__C
0082a9ec   xdc_runtime_Startup_sfxnTab__C
0082a9f0   xdc_runtime_SysMin_bufSize__C
0082a9f4   xdc_runtime_SysMin_outputFunc__C
0082a9f8   xdc_runtime_System_Module__gateObj__C
0082a9fc   xdc_runtime_System_abortFxn__C
0082aa00   xdc_runtime_System_exitFxn__C
0082aa04   xdc_runtime_System_extendFxn__C
0082aa08   xdc_runtime_System_maxAtexitHandlers__C
0082aa0c   xdc_runtime_Text_charTab__C
0082aa10   xdc_runtime_Text_nameEmpty__C
0082aa14   xdc_runtime_Text_nameStatic__C
0082aa18   xdc_runtime_Text_nameUnknown__C
0082aa1c   xdc_runtime_Text_nodeTab__C
0082aa20   xdc_runtime_Text_visitRopeFxn__C
0082aa24   xdc_runtime_Error_maxDepth__C
0082aa26   xdc_runtime_LoggerBuf_Module__id__C
0082aa28   _ZZNKSt7num_putIcSt19ostreambuf_iteratorIcSt11char_traitsIcEEE6do_putES3_RSt8ios_basecPKvEs
0082aa2c   xdc_runtime_LoggerBuf_filterByLevel__C
0082aa2e   xdc_runtime_Memory_Module__id__C
0082aa30   _ZZNKSt7num_putIcSt19ostreambuf_iteratorIcSt11char_traitsIcEEE6do_putES3_RSt8ios_baseclEs
0082aa34   xdc_runtime_SysMin_flushAtExit__C
0082aa36   xdc_runtime_Text_charCnt__C
0082aa38   _ZZNKSt7num_putIcSt19ostreambuf_iteratorIcSt11char_traitsIcEEE6do_putES3_RSt8ios_basecmEs
0082aa3c   xdc_runtime_Text_isLoaded__C
0082aa3e   xdc_runtime_Text_registryModsLastId__C
0082aa40   _ZZNKSt7num_putIcSt19ostreambuf_iteratorIcSt11char_traitsIcEEE6do_putES3_RSt8ios_basecxEs
0082aa44   xdc_runtime_Text_unnamedModsLastId__C
0082aa48   _ZZNKSt7num_putIcSt19ostreambuf_iteratorIcSt11char_traitsIcEEE6do_putES3_RSt8ios_basecyEs
0082aa50   _ZTSSi
0082aa58   _ZTSSo
0082aa60   _ZZNKSt7num_putIcSt19ostreambuf_iteratorIcSt11char_traitsIcEEE5_FputES3_RSt8ios_basecPKcjjjjEs
0082aa68   _ZZNKSt7num_putIcSt19ostreambuf_iteratorIcSt11char_traitsIcEEE5_FputES3_RSt8ios_basecPKcjjjjEs_0
0082aa70   _stack
0082ca70   __TI_STACK_END
0082ca70   ti_sysbios_knl_Task_Instance_State_0_stack__A
0082d270   ti_sysbios_knl_Task_Instance_State_1_stack__A
0082da70   xdc_runtime_LoggerBuf_Instance_State_0_entryArr__A
0082dc70   xdc_runtime_SysMin_Module_State_0_outbuf__A
0082df64   _ZSt4wcin
0082dfa0   _ZSt5wcout
0082dfd8   _ZSt5wcerr
0082e010   _ZSt5wclog
0082e0e8   _ZSt3cin
0082e124   _ZSt4cout
0082e1ac   _ZSt4cerr
0082e1e4   _ZSt4clog
0082e21c   dlConfig
0082e3a0   sysConfig
0082e3b0   __TI_tmpnams
0082e4f0   _ZNSt7codecvtIwciE2idE
0082e4f4   _ZNSt5ctypeIcE2idE
0082e4fc   _ZNSt10moneypunctIwLb0EE2idE
0082e508   _ZGVNSt10moneypunctIwLb0EE2idE
0082e510   _ZGVNSt10moneypunctIwLb1EE2idE
0082e518   _ZGVNSt7codecvtIcciE2idE
0082e520   _ZGVNSt7collateIwE2idE
0082e528   _ZGVNSt7num_getIwSt19istreambuf_iteratorIwSt11char_traitsIwEEE2idE
0082e530   _ZGVNSt7num_putIwSt19ostreambuf_iteratorIwSt11char_traitsIwEEE2idE
0082e538   _ZGVNSt8messagesIwE2idE
0082e540   _ZGVNSt8numpunctIwE2idE
0082e548   _ZGVNSt8time_getIwSt19istreambuf_iteratorIwSt11char_traitsIwEEE2idE
0082e550   _ZGVNSt9money_getIwSt19istreambuf_iteratorIwSt11char_traitsIwEEE2idE
0082e558   _ZGVNSt9money_putIwSt19ostreambuf_iteratorIwSt11char_traitsIwEEE2idE
0082e560   _ZNSt10moneypunctIwLb1EE2idE
0082e564   _ZNSt13basic_filebufIcSt11char_traitsIcEE7_StinitE
0082e568   _ZNSt13basic_filebufIwSt11char_traitsIwEE7_StinitE
0082e56c   _ZNSt4fposIiE4_StzE
0082e570   _ZNSt7codecvtIcciE2idE
0082e574   _ZNSt7collateIwE2idE
0082e578   _ZNSt7num_getIwSt19istreambuf_iteratorIwSt11char_traitsIwEEE2idE
0082e57c   _ZNSt7num_putIcSt19ostreambuf_iteratorIcSt11char_traitsIcEEE2idE
0082e580   _ZNSt7num_putIwSt19ostreambuf_iteratorIwSt11char_traitsIwEEE2idE
0082e584   _ZNSt8messagesIwE2idE
0082e588   _ZNSt8numpunctIcE2idE
0082e58c   _ZNSt8numpunctIwE2idE
0082e590   _ZNSt8time_getIwSt19istreambuf_iteratorIwSt11char_traitsIwEEE2idE
0082e594   _ZNSt8time_putIwSt19ostreambuf_iteratorIwSt11char_traitsIwEEE2idE
0082e598   _ZNSt9money_getIwSt19istreambuf_iteratorIwSt11char_traitsIwEEE2idE
0082e59c   _ZNSt9money_putIwSt19ostreambuf_iteratorIwSt11char_traitsIwEEE2idE
0082e5a0   _ZNSt5ctypeIwE2idE
0082e5c0   ti_sysbios_BIOS_Module__state__V
0082e5e4   ti_sysbios_family_c64p_Exception_Module__state__V
0082e614   ti_sysbios_family_c64p_Hwi_Module__root__V
0082e61c   ti_sysbios_family_c64p_Hwi_Module__state__V
0082e684   ti_sysbios_gates_GateHwi_Module__root__V
0082e68c   ti_sysbios_gates_GateMutex_Module__root__V
0082e694   ti_sysbios_hal_Hwi_Module__root__V
0082e69c   ti_sysbios_heaps_HeapMem_Module__root__V
0082e6a4   ti_sysbios_knl_Clock_Module__root__V
0082e6ac   ti_sysbios_knl_Clock_Module__state__V
0082e6d8   ti_sysbios_knl_Queue_Module__root__V
0082e6e0   ti_sysbios_knl_Semaphore_Module__root__V
0082e6e8   ti_sysbios_knl_Swi_Module__root__V
0082e6f0   ti_sysbios_knl_Swi_Module__state__V
0082e70c   ti_sysbios_knl_Task_Module__root__V
0082e714   ti_sysbios_knl_Task_Module__state__V
0082e758   ti_sysbios_timers_timer64_Timer_Module__root__V
0082e760   ti_sysbios_timers_timer64_Timer_Module__state__V
0082e778   xdc_runtime_Error_Module__state__V
0082e77c   xdc_runtime_LoggerBuf_Module__root__V
0082e784   xdc_runtime_LoggerBuf_Module__state__V
0082e78c   xdc_runtime_Memory_Module__state__V
0082e790   xdc_runtime_Registry_Module__state__V
0082e798   xdc_runtime_Startup_Module__state__V
0082e7a0   xdc_runtime_SysMin_Module__state__V
0082e7ac   xdc_runtime_System_Module__state__V
0082e7b4   xdc_runtime_Text_Module__state__V
0082e7bc   __xdc__init__addr
0082e7c0   _ftable
0082e9a0   ti_sysbios_knl_Swi_Object__table__V
0082ea60   ti_sysbios_timers_timer64_Timer_Module_State_0_device__A
0082ebc0   ti_sysbios_knl_Task_Object__table__V
0082ec0c   TSK_idle
0082ec58   ti_sysbios_knl_Swi_Module_State_0_readyQ__A
0082ecd8   ti_sysbios_knl_Task_Module_State_0_readyQ__A
0082edd0   _FDenorm
0082ede0   _FEps
0082edf0   _FInf
0082ee00   _FNan
0082ee10   _FSnan
0082ee20   _FRteps
0082ee30   _FXbig
0082ee34   _FZero
0082ee38   ti_sysbios_knl_Clock_Object__table__V
0082ee98   ti_sysbios_timers_timer64_Timer_Object__table__V
0082ef2c   _ZNSt9_FacetptrISt5ctypeIcEE6_PsaveE
0082ef30   ti_sysbios_gates_GateMutex_Object__table__V
0082ef70   ti_sysbios_timers_timer64_Timer_Module_State_0_gctrl__A
0082efb0   ti_sysbios_timers_timer64_Timer_Module_State_0_handles__A
0082eff0   ti_sysbios_timers_timer64_Timer_Module_State_0_intFreqs__A
0082f030   C_locale
0082f064   _ZNSt9_FacetptrISt5ctypeIwEE6_PsaveE
0082f068   ti_sysbios_heaps_HeapMem_Object__table__V
0082f0c0   xdc_runtime_LoggerBuf_Object__table__V
0082f0e4   _ZNSt9_FacetptrISt7codecvtIcciEE6_PsaveE
0082f108   ti_sysbios_family_c64p_Hwi_Object__table__V
0082f120   ti_sysbios_knl_Semaphore_Object__table__V
0082f138   _ZNSt6locale2id7_Id_cntE
0082f13c   _ZNSt6locale7_Locimp8_ClocptrE
0082f14c   _ZNSt9_FacetptrISt7codecvtIwciEE6_PsaveE
0082f150   xdc_runtime_System_Module_State_0_atexitHandlers__A
0082f16c   __TI_cleanup_ptr
0082f170   __TI_dtors_ptr
0082f174   __TI_enable_exit_profile_output
0082f178   _ZNSt8ios_base6_IndexE
0082f17c   _ZNSt8ios_base5_SyncE
0082f180   _ZSt4_Fpz
0082f184   _ZNSt9_FacetptrISt7num_putIcSt19ostreambuf_iteratorIcSt11char_traitsIcEEEE6_PsaveE
0082f194   _ZNSt9_FacetptrISt8numpunctIcEE6_PsaveE
0082f198   ti_sysbios_hal_Hwi_Object__table__V
0082f1a4   _lock
0082f1a8   _unlock
0082f1ac   __TI_ft_end
0082f1b4   __errno
0082f1b4   errno
0082f1b8   _ZNSt8ios_base4Init9_Init_cntE
0082f1bc   _ZSt14_Raise_handler
0082f1c4   _new_handler
0082f1c8   _ZNSt6_Winit9_Init_cntE
0082f1d0   ti_sysbios_gates_GateHwi_Object__table__V
0082f1d8   ti_sysbios_knl_Task_Module_State_0_idleTask__A
0082f1e0   __CIOBUF_
0082f300   __TI_INITARRAY_Base
0082f348   _ZGVNSt7num_putIcSt19ostreambuf_iteratorIcSt11char_traitsIcEEE2idE
0082f348   __TI_INITARRAY_Limit
0082f348   __TI_STATIC_BASE
0082f350   _ZGVNSt8numpunctIcE2idE
0082f358   dynamicMemory
0082f35c   __dso_handle
0082f360   g_nUsers
0082f362   g_nTransmit
0082f364   g_nReceive
0082f366   g_nSchedBlocks
0082f368   log
0082f36c   clock0
0082f370   clock1
0082f374   swiHandleA
0082f378   swiHandleB
0082f37c   task0
0082f380   reInitSystem
0082f384   bufferHeap
0082f388   clock2
0082f38c   swiHandleC
0082f400   ti_sysbios_family_c64p_Hwi0
0082f400   ti_sysbios_family_c64p_Hwi_int0
0082f420   ti_sysbios_family_c64p_Hwi_int1
0082f440   ti_sysbios_family_c64p_Hwi_int2
0082f460   ti_sysbios_family_c64p_Hwi_int3
0082f480   ti_sysbios_family_c64p_Hwi_int4
0082f4a0   ti_sysbios_family_c64p_Hwi_int5
0082f4c0   ti_sysbios_family_c64p_Hwi_int6
0082f4e0   ti_sysbios_family_c64p_Hwi_int7
0082f500   ti_sysbios_family_c64p_Hwi_int8
0082f520   ti_sysbios_family_c64p_Hwi_int9
0082f540   ti_sysbios_family_c64p_Hwi_int10
0082f560   ti_sysbios_family_c64p_Hwi_int11
0082f580   ti_sysbios_family_c64p_Hwi_int12
0082f5a0   ti_sysbios_family_c64p_Hwi_int13
0082f5c0   ti_sysbios_family_c64p_Hwi_int14
0082f5e0   ti_sysbios_family_c64p_Hwi_int15
0082fc94   __TI_Handler_Table_Base
0082fca0   __TI_Handler_Table_Limit
0082fcc0   __TI_CINIT_Base
0082fcf8   __TI_CINIT_Limit
0c000000   ti_sysbios_heaps_HeapMem_Instance_State_0_buf__A
0c07fff8   ti_sysbios_heaps_HeapMem_Instance_State_1_buf__A
0c0ffff0   globalChannelMatrix
ffffffff   __TI_pprof_out_hndl
ffffffff   __TI_prof_data_size
ffffffff   __TI_prof_data_start
ffffffff   __binit__
ffffffff   __c_args__
ffffffff   binit

[1161 symbols]
